Archive member included to satisfy reference by file (symbol)

/Applications/MCUXpressoIDE_24.12.148/ide/plugins/com.nxp.mcuxpresso.tools.macosx_24.12.0.202407110909/tools/bin/../lib/gcc/arm-none-eabi/13.2.1/thumb/v6-m/nofp/libgcc.a(_udivsi3.o)
                              CMakeFiles/new_project.elf.dir/Users/lorenzo.poggi/Documents/GitHub/curso-lse/trabajo_integrador/proyecto_final/app_tasks.c.obj (__aeabi_uidiv)
/Applications/MCUXpressoIDE_24.12.148/ide/plugins/com.nxp.mcuxpresso.tools.macosx_24.12.0.202407110909/tools/bin/../lib/gcc/arm-none-eabi/13.2.1/thumb/v6-m/nofp/libgcc.a(_divsi3.o)
                              CMakeFiles/new_project.elf.dir/Users/lorenzo.poggi/Documents/GitHub/curso-lse/trabajo_integrador/proyecto_final/app_tasks.c.obj (__aeabi_idiv)
/Applications/MCUXpressoIDE_24.12.148/ide/plugins/com.nxp.mcuxpresso.tools.macosx_24.12.0.202407110909/tools/bin/../lib/gcc/arm-none-eabi/13.2.1/thumb/v6-m/nofp/libgcc.a(_dvmd_tls.o)
                              /Applications/MCUXpressoIDE_24.12.148/ide/plugins/com.nxp.mcuxpresso.tools.macosx_24.12.0.202407110909/tools/bin/../lib/gcc/arm-none-eabi/13.2.1/thumb/v6-m/nofp/libgcc.a(_udivsi3.o) (__aeabi_idiv0)
/Applications/MCUXpressoIDE_24.12.148/ide/plugins/com.nxp.mcuxpresso.tools.macosx_24.12.0.202407110909/tools/bin/../lib/gcc/arm-none-eabi/13.2.1/thumb/v6-m/nofp/libgcc.a(_arm_cmpsf2.o)
                              CMakeFiles/new_project.elf.dir/Users/lorenzo.poggi/Documents/GitHub/curso-lse/trabajo_integrador/proyecto_final/app_tasks.c.obj (__aeabi_fcmplt)
/Applications/MCUXpressoIDE_24.12.148/ide/plugins/com.nxp.mcuxpresso.tools.macosx_24.12.0.202407110909/tools/bin/../lib/gcc/arm-none-eabi/13.2.1/thumb/v6-m/nofp/libgcc.a(_aeabi_uldivmod.o)
                              CMakeFiles/new_project.elf.dir/Users/lorenzo.poggi/Documents/GitHub/curso-lse/trabajo_integrador/sdks/proyecto_final_sdk/devices/LPC845/drivers/fsl_clock.c.obj (__aeabi_uldivmod)
/Applications/MCUXpressoIDE_24.12.148/ide/plugins/com.nxp.mcuxpresso.tools.macosx_24.12.0.202407110909/tools/bin/../lib/gcc/arm-none-eabi/13.2.1/thumb/v6-m/nofp/libgcc.a(_muldi3.o)
                              CMakeFiles/new_project.elf.dir/Users/lorenzo.poggi/Documents/GitHub/curso-lse/trabajo_integrador/sdks/proyecto_final_sdk/devices/LPC845/drivers/fsl_common_arm.c.obj (__aeabi_lmul)
/Applications/MCUXpressoIDE_24.12.148/ide/plugins/com.nxp.mcuxpresso.tools.macosx_24.12.0.202407110909/tools/bin/../lib/gcc/arm-none-eabi/13.2.1/thumb/v6-m/nofp/libgcc.a(_fixunssfsi.o)
                              CMakeFiles/new_project.elf.dir/Users/lorenzo.poggi/Documents/GitHub/curso-lse/trabajo_integrador/proyecto_final/app_tasks.c.obj (__aeabi_f2uiz)
/Applications/MCUXpressoIDE_24.12.148/ide/plugins/com.nxp.mcuxpresso.tools.macosx_24.12.0.202407110909/tools/bin/../lib/gcc/arm-none-eabi/13.2.1/thumb/v6-m/nofp/libgcc.a(_udivmoddi4.o)
                              /Applications/MCUXpressoIDE_24.12.148/ide/plugins/com.nxp.mcuxpresso.tools.macosx_24.12.0.202407110909/tools/bin/../lib/gcc/arm-none-eabi/13.2.1/thumb/v6-m/nofp/libgcc.a(_aeabi_uldivmod.o) (__udivmoddi4)
/Applications/MCUXpressoIDE_24.12.148/ide/plugins/com.nxp.mcuxpresso.tools.macosx_24.12.0.202407110909/tools/bin/../lib/gcc/arm-none-eabi/13.2.1/thumb/v6-m/nofp/libgcc.a(eqsf2.o)
                              /Applications/MCUXpressoIDE_24.12.148/ide/plugins/com.nxp.mcuxpresso.tools.macosx_24.12.0.202407110909/tools/bin/../lib/gcc/arm-none-eabi/13.2.1/thumb/v6-m/nofp/libgcc.a(_arm_cmpsf2.o) (__eqsf2)
/Applications/MCUXpressoIDE_24.12.148/ide/plugins/com.nxp.mcuxpresso.tools.macosx_24.12.0.202407110909/tools/bin/../lib/gcc/arm-none-eabi/13.2.1/thumb/v6-m/nofp/libgcc.a(gesf2.o)
                              /Applications/MCUXpressoIDE_24.12.148/ide/plugins/com.nxp.mcuxpresso.tools.macosx_24.12.0.202407110909/tools/bin/../lib/gcc/arm-none-eabi/13.2.1/thumb/v6-m/nofp/libgcc.a(_arm_cmpsf2.o) (__gesf2)
/Applications/MCUXpressoIDE_24.12.148/ide/plugins/com.nxp.mcuxpresso.tools.macosx_24.12.0.202407110909/tools/bin/../lib/gcc/arm-none-eabi/13.2.1/thumb/v6-m/nofp/libgcc.a(lesf2.o)
                              /Applications/MCUXpressoIDE_24.12.148/ide/plugins/com.nxp.mcuxpresso.tools.macosx_24.12.0.202407110909/tools/bin/../lib/gcc/arm-none-eabi/13.2.1/thumb/v6-m/nofp/libgcc.a(_arm_cmpsf2.o) (__lesf2)
/Applications/MCUXpressoIDE_24.12.148/ide/plugins/com.nxp.mcuxpresso.tools.macosx_24.12.0.202407110909/tools/bin/../lib/gcc/arm-none-eabi/13.2.1/thumb/v6-m/nofp/libgcc.a(subsf3.o)
                              CMakeFiles/new_project.elf.dir/Users/lorenzo.poggi/Documents/GitHub/curso-lse/trabajo_integrador/proyecto_final/app_tasks.c.obj (__aeabi_fsub)
/Applications/MCUXpressoIDE_24.12.148/ide/plugins/com.nxp.mcuxpresso.tools.macosx_24.12.0.202407110909/tools/bin/../lib/gcc/arm-none-eabi/13.2.1/thumb/v6-m/nofp/libgcc.a(fixsfsi.o)
[...]
Memory Configuration

Name             Origin             Length             Attributes
m_interrupts     0x00000000         0x00000200         xr
m_crp            0x000002fc         0x00000004         xr
m_text           0x00000300         0x0000fd00         xr
m_data           0x10000000         0x00003fe0         rw
*default*        0x00000000         0xffffffff

Linker script and memory map

LOAD /Applications/MCUXpressoIDE_24.12.148/ide/plugins/com.nxp.mcuxpresso.tools.macosx_24.12.0.202407110909/tools/bin/../lib/gcc/arm-none-eabi/13.2.1/thumb/v6-m/nofp/crti.o
LOAD /Applications/MCUXpressoIDE_24.12.148/ide/plugins/com.nxp.mcuxpresso.tools.macosx_24.12.0.202407110909/tools/bin/../lib/gcc/arm-none-eabi/13.2.1/thumb/v6-m/nofp/crtbegin.o
LOAD /Applications/MCUXpressoIDE_24.12.148/ide/plugins/com.nxp.mcuxpresso.tools.macosx_24.12.0.202407110909/tools/bin/../lib/gcc/arm-none-eabi/13.2.1/../../../../arm-none-eabi/lib/thumb/v6-m/nofp/crt0.o
LOAD CMakeFiles/new_project.elf.dir/Users/lorenzo.poggi/Documents/GitHub/curso-lse/trabajo_integrador/proyecto_final/main.c.obj
LOAD CMakeFiles/new_project.elf.dir/Users/lorenzo.poggi/Documents/GitHub/curso-lse/trabajo_integrador/proyecto_final/peripherals.c.obj
LOAD CMakeFiles/new_project.elf.dir/Users/lorenzo.poggi/Documents/GitHub/curso-lse/trabajo_integrador/proyecto_final/pin_mux.c.obj
LOAD CMakeFiles/new_project.elf.dir/Users/lorenzo.poggi/Documents/GitHub/curso-lse/trabajo_integrador/proyecto_final/board.c.obj
LOAD CMakeFiles/new_project.elf.dir/Users/lorenzo.poggi/Documents/GitHub/curso-lse/trabajo_integrador/proyecto_final/clock_config.c.obj
LOAD CMakeFiles/new_project.elf.dir/Users/lorenzo.poggi/Documents/GitHub/curso-lse/trabajo_integrador/proyecto_final/hardware_init.c.obj
LOAD CMakeFiles/new_project.elf.dir/Users/lorenzo.poggi/Documents/GitHub/curso-lse/trabajo_integrador/proyecto_final/app_tasks.c.obj
LOAD CMakeFiles/new_project.elf.dir/Users/lorenzo.poggi/Documents/GitHub/curso-lse/trabajo_integrador/proyecto_final/isr.c.obj
LOAD CMakeFiles/new_project.elf.dir/Users/lorenzo.poggi/Documents/GitHub/curso-lse/trabajo_integrador/proyecto_final/wrappers.c.obj
LOAD CMakeFiles/new_project.elf.dir/Users/lorenzo.poggi/Documents/GitHub/curso-lse/trabajo_integrador/sdks/proyecto_final_sdk/components/uart/fsl_adapter_miniusart.c.obj
LOAD CMakeFiles/new_project.elf.dir/Users/lorenzo.poggi/Documents/GitHub/curso-lse/trabajo_integrador/sdks/proyecto_final_sdk/devices/LPC845/gcc/startup_LPC845.S.obj
LOAD CMakeFiles/new_project.elf.dir/Users/lorenzo.poggi/Documents/GitHub/curso-lse/trabajo_integrador/sdks/proyecto_final_sdk/devices/LPC845/system_LPC845.c.obj
LOAD CMakeFiles/new_project.elf.dir/Users/lorenzo.poggi/Documents/GitHub/curso-lse/trabajo_integrador/sdks/proyecto_final_sdk/devices/LPC845/drivers/fsl_capt.c.obj
LOAD CMakeFiles/new_project.elf.dir/Users/lorenzo.poggi/Documents/GitHub/curso-lse/trabajo_integrador/sdks/proyecto_final_sdk/devices/LPC845/drivers/fsl_clock.c.obj
LOAD CMakeFiles/new_project.elf.dir/Users/lorenzo.poggi/Documents/GitHub/curso-lse/trabajo_integrador/sdks/proyecto_final_sdk/devices/LPC845/drivers/fsl_common.c.obj
LOAD CMakeFiles/new_project.elf.dir/Users/lorenzo.poggi/Documents/GitHub/curso-lse/trabajo_integrador/sdks/proyecto_final_sdk/devices/LPC845/drivers/fsl_common_arm.c.obj
LOAD CMakeFiles/new_project.elf.dir/Users/lorenzo.poggi/Documents/GitHub/curso-lse/trabajo_integrador/sdks/proyecto_final_sdk/devices/LPC845/drivers/fsl_inputmux.c.obj
LOAD CMakeFiles/new_project.elf.dir/Users/lorenzo.poggi/Documents/GitHub/curso-lse/trabajo_integrador/sdks/proyecto_final_sdk/devices/LPC845/drivers/fsl_adc.c.obj
LOAD CMakeFiles/new_project.elf.dir/Users/lorenzo.poggi/Documents/GitHub/curso-lse/trabajo_integrador/sdks/proyecto_final_sdk/devices/LPC845/drivers/fsl_gpio.c.obj
LOAD CMakeFiles/new_project.elf.dir/Users/lorenzo.poggi/Documents/GitHub/curso-lse/trabajo_integrador/sdks/proyecto_final_sdk/devices/LPC845/drivers/fsl_i2c.c.obj
LOAD CMakeFiles/new_project.elf.dir/Users/lorenzo.poggi/Documents/GitHub/curso-lse/trabajo_integrador/sdks/proyecto_final_sdk/devices/LPC845/drivers/fsl_usart.c.obj
LOAD CMakeFiles/new_project.elf.dir/Users/lorenzo.poggi/Documents/GitHub/curso-lse/trabajo_integrador/sdks/proyecto_final_sdk/devices/LPC845/drivers/fsl_pint.c.obj
LOAD CMakeFiles/new_project.elf.dir/Users/lorenzo.poggi/Documents/GitHub/curso-lse/trabajo_integrador/sdks/proyecto_final_sdk/devices/LPC845/drivers/fsl_power.c.obj
LOAD CMakeFiles/new_project.elf.dir/Users/lorenzo.poggi/Documents/GitHub/curso-lse/trabajo_integrador/sdks/proyecto_final_sdk/devices/LPC845/drivers/fsl_reset.c.obj
LOAD CMakeFiles/new_project.elf.dir/Users/lorenzo.poggi/Documents/GitHub/curso-lse/trabajo_integrador/sdks/proyecto_final_sdk/devices/LPC845/drivers/fsl_sctimer.c.obj
LOAD CMakeFiles/new_project.elf.dir/Users/lorenzo.poggi/Documents/GitHub/curso-lse/trabajo_integrador/sdks/proyecto_final_sdk/devices/LPC845/drivers/fsl_swm.c.obj
LOAD CMakeFiles/new_project.elf.dir/Users/lorenzo.poggi/Documents/GitHub/curso-lse/trabajo_integrador/sdks/proyecto_final_sdk/devices/LPC845/drivers/fsl_syscon.c.obj
LOAD CMakeFiles/new_project.elf.dir/Users/lorenzo.poggi/Documents/GitHub/curso-lse/trabajo_integrador/sdks/proyecto_final_sdk/devices/LPC845/utilities/fsl_syscall_stub.c.obj
LOAD CMakeFiles/new_project.elf.dir/Users/lorenzo.poggi/Documents/GitHub/curso-lse/trabajo_integrador/sdks/proyecto_final_sdk/devices/LPC845/utilities/fsl_sbrk.c.obj
LOAD CMakeFiles/new_project.elf.dir/Users/lorenzo.poggi/Documents/GitHub/curso-lse/trabajo_integrador/sdks/proyecto_final_sdk/devices/LPC845/utilities/debug_console_lite/fsl_assert.c.obj
LOAD CMakeFiles/new_project.elf.dir/Users/lorenzo.poggi/Documents/GitHub/curso-lse/trabajo_integrador/sdks/proyecto_final_sdk/devices/LPC845/utilities/debug_console_lite/fsl_debug_console.c.obj
LOAD CMakeFiles/new_project.elf.dir/Users/lorenzo.poggi/Documents/GitHub/curso-lse/trabajo_integrador/sdks/proyecto_final_sdk/devices/LPC845/utilities/str/fsl_str.c.obj
START GROUP
LOAD /Applications/MCUXpressoIDE_24.12.148/ide/plugins/com.nxp.mcuxpresso.tools.macosx_24.12.0.202407110909/tools/bin/../lib/gcc/arm-none-eabi/13.2.1/thumb/v6-m/nofp/libgcc.a
LOAD /Applications/MCUXpressoIDE_24.12.148/ide/plugins/com.nxp.mcuxpresso.tools.macosx_24.12.0.202407110909/tools/bin/../lib/gcc/arm-none-eabi/13.2.1/../../../../arm-none-eabi/lib/thumb/v6-m/nofp/libc_nano.a
LOAD /Applications/MCUXpressoIDE_24.12.148/ide/plugins/com.nxp.mcuxpresso.tools.macosx_24.12.0.202407110909/tools/bin/../lib/gcc/arm-none-eabi/13.2.1/../../../../arm-none-eabi/lib/thumb/v6-m/nofp/libm.a
LOAD /Applications/MCUXpressoIDE_24.12.148/ide/plugins/com.nxp.mcuxpresso.tools.macosx_24.12.0.202407110909/tools/bin/../lib/gcc/arm-none-eabi/13.2.1/../../../../arm-none-eabi/lib/thumb/v6-m/nofp/libcr_newlib_nohost.a
LOAD freertos/libfreertos.a
END GROUP
START GROUP
LOAD /Applications/MCUXpressoIDE_24.12.148/ide/plugins/com.nxp.mcuxpresso.tools.macosx_24.12.0.202407110909/tools/bin/../lib/gcc/arm-none-eabi/13.2.1/thumb/v6-m/nofp/libgcc.a
LOAD /Applications/MCUXpressoIDE_24.12.148/ide/plugins/com.nxp.mcuxpresso.tools.macosx_24.12.0.202407110909/tools/bin/../lib/gcc/arm-none-eabi/13.2.1/../../../../arm-none-eabi/lib/thumb/v6-m/nofp/libg_nano.a
LOAD /Applications/MCUXpressoIDE_24.12.148/ide/plugins/com.nxp.mcuxpresso.tools.macosx_24.12.0.202407110909/tools/bin/../lib/gcc/arm-none-eabi/13.2.1/../../../../arm-none-eabi/lib/thumb/v6-m/nofp/libc_nano.a
END GROUP
START GROUP
LOAD /Applications/MCUXpressoIDE_24.12.148/ide/plugins/com.nxp.mcuxpresso.tools.macosx_24.12.0.202407110909/tools/bin/../lib/gcc/arm-none-eabi/13.2.1/thumb/v6-m/nofp/libgcc.a
LOAD /Applications/MCUXpressoIDE_24.12.148/ide/plugins/com.nxp.mcuxpresso.tools.macosx_24.12.0.202407110909/tools/bin/../lib/gcc/arm-none-eabi/13.2.1/../../../../arm-none-eabi/lib/thumb/v6-m/nofp/libc_nano.a
LOAD /Applications/MCUXpressoIDE_24.12.148/ide/plugins/com.nxp.mcuxpresso.tools.macosx_24.12.0.202407110909/tools/bin/../lib/gcc/arm-none-eabi/13.2.1/../../../../arm-none-eabi/lib/thumb/v6-m/nofp/libnosys.a
END GROUP
START GROUP
LOAD /Applications/MCUXpressoIDE_24.12.148/ide/plugins/com.nxp.mcuxpresso.tools.macosx_24.12.0.202407110909/tools/bin/../lib/gcc/arm-none-eabi/13.2.1/thumb/v6-m/nofp/libgcc.a
LOAD /Applications/MCUXpressoIDE_24.12.148/ide/plugins/com.nxp.mcuxpresso.tools.macosx_24.12.0.202407110909/tools/bin/../lib/gcc/arm-none-eabi/13.2.1/../../../../arm-none-eabi/lib/thumb/v6-m/nofp/libc_nano.a
LOAD /Applications/MCUXpressoIDE_24.12.148/ide/plugins/com.nxp.mcuxpresso.tools.macosx_24.12.0.202407110909/tools/bin/../lib/gcc/arm-none-eabi/13.2.1/../../../../arm-none-eabi/lib/thumb/v6-m/nofp/libnosys.a
END GROUP
LOAD /Applications/MCUXpressoIDE_24.12.148/ide/plugins/com.nxp.mcuxpresso.tools.macosx_24.12.0.202407110909/tools/bin/../lib/gcc/arm-none-eabi/13.2.1/thumb/v6-m/nofp/crtend.o
LOAD /Applications/MCUXpressoIDE_24.12.148/ide/plugins/com.nxp.mcuxpresso.tools.macosx_24.12.0.202407110909/tools/bin/../lib/gcc/arm-none-eabi/13.2.1/thumb/v6-m/nofp/crtn.o
                0x00000400                        HEAP_SIZE = DEFINED (__heap_size__)?__heap_size__:0x400
                0x00000800                        STACK_SIZE = DEFINED (__stack_size__)?__stack_size__:0x800
                0xefffb4f9                        __valid_user_code_checksum = (0x0 - ((((__StackTop + Reset_Handler) + NMI_Handler) + HardFault_Handler) + 0x3))

.interrupts     0x00000000       0xc0
                0x00000000                        . = ALIGN (0x4)
 *(.isr_vector)
 .isr_vector    0x00000000       0xc0 CMakeFiles/new_project.elf.dir/Users/lorenzo.poggi/Documents/GitHub/curso-lse/trabajo_integrador/sdks/proyecto_final_sdk/devices/LPC845/gcc/startup_LPC845.S.obj
                0x00000000                __Vectors
                0x000000c0                        . = ALIGN (0x4)

.crp            0x000002fc        0x4
                0x000002fc                        . = ALIGN (0x4)
 *(.crp)
 .crp           0x000002fc        0x4 CMakeFiles/new_project.elf.dir/Users/lorenzo.poggi/Documents/GitHub/curso-lse/trabajo_integrador/sdks/proyecto_final_sdk/devices/LPC845/gcc/startup_LPC845.S.obj
                0x00000300                        . = ALIGN (0x4)

.text           0x00000300     0x9ad4
                0x00000300                        . = ALIGN (0x4)
 *(.text)
 .text          0x00000300       0x80 /Applications/MCUXpressoIDE_24.12.148/ide/plugins/com.nxp.mcuxpresso.tools.macosx_24.12.0.202407110909/tools/bin/../lib/gcc/arm-none-eabi/13.2.1/../../../../arm-none-eabi/lib/thumb/v6-m/nofp/crt0.o
                0x00000300                _stack_init
                0x0000030c                _mainCRTStartup
                0x0000030c                _start
 .text          0x00000380      0x17c CMakeFiles/new_project.elf.dir/Users/lorenzo.poggi/Documents/GitHub/curso-lse/trabajo_integrador/sdks/proyecto_final_sdk/devices/LPC845/gcc/startup_LPC845.S.obj
                0x00000380                Reset_Handler
                0x000003cc                ADC0_OVR_DriverIRQHandler
                0x000003cc                PIN_INT5_DAC1_DriverIRQHandler
                0x000003cc                DMA0_DriverIRQHandler
                0x000003cc                SPI1_DriverIRQHandler
                0x000003cc                I2C3_DriverIRQHandler
                0x000003cc                DefaultISR
                0x000003cc                WKT_DriverIRQHandler
                0x000003cc                DAC0_DriverIRQHandler
                0x000003cc                MRT0_DriverIRQHandler
                0x000003cc                CMP_CAPT_DriverIRQHandler
                0x000003cc                ADC0_THCMP_DriverIRQHandler
                0x000003cc                Reserved22_DriverIRQHandler
                0x000003cc                FLASH_DriverIRQHandler
                0x000003cc                ADC0_SEQB_DriverIRQHandler
                0x000003cc                CTIMER0_DriverIRQHandler
                0x000003cc                WDT_DriverIRQHandler
                0x000003cc                BOD_DriverIRQHandler
                0x000003cc                ADC0_SEQA_DriverIRQHandler
                0x000003cc                SPI0_DriverIRQHandler
                0x000003d0                NMI_Handler
                0x000003d4                HardFault_Handler
                0x000003e4                SPI0_IRQHandler
                0x000003e8                SPI1_IRQHandler
                0x000003ec                DAC0_IRQHandler
                0x000003f0                USART0_IRQHandler
                0x000003f4                USART1_IRQHandler
                0x000003f8                USART2_IRQHandler
                0x000003fc                Reserved22_IRQHandler
                0x00000400                I2C1_IRQHandler
                0x00000404                I2C0_IRQHandler
                0x00000408                SCT0_IRQHandler
                0x0000040c                MRT0_IRQHandler
                0x00000414                WDT_IRQHandler
                0x00000418                BOD_IRQHandler
                0x0000041c                FLASH_IRQHandler
                0x00000420                WKT_IRQHandler
                0x00000428                ADC0_SEQB_IRQHandler
                0x0000042c                ADC0_THCMP_IRQHandler
                0x00000430                ADC0_OVR_IRQHandler
                0x00000434                DMA0_IRQHandler
                0x00000438                I2C2_IRQHandler
                0x0000043c                I2C3_IRQHandler
                0x00000440                CTIMER0_IRQHandler
                0x00000444                PIN_INT0_IRQHandler
                0x00000448                PIN_INT1_IRQHandler
                0x0000044c                PIN_INT2_IRQHandler
                0x00000450                PIN_INT3_IRQHandler
                0x00000454                PIN_INT4_IRQHandler
 .text          0x000004fc      0x114 /Applications/MCUXpressoIDE_24.12.148/ide/plugins/com.nxp.mcuxpresso.tools.macosx_24.12.0.202407110909/tools/bin/../lib/gcc/arm-none-eabi/13.2.1/thumb/v6-m/nofp/libgcc.a(_udivsi3.o)
                0x000004fc                __udivsi3
                0x000004fc                __aeabi_uidiv
                0x00000608                __aeabi_uidivmod
 .text          0x00000610      0x1d4 /Applications/MCUXpressoIDE_24.12.148/ide/plugins/com.nxp.mcuxpresso.tools.macosx_24.12.0.202407110909/tools/bin/../lib/gcc/arm-none-eabi/13.2.1/thumb/v6-m/nofp/libgcc.a(_divsi3.o)
                0x00000610                __aeabi_idiv
                0x00000610                __divsi3
                0x000007dc                __aeabi_idivmod
 .text          0x000007e4        0x4 /Applications/MCUXpressoIDE_24.12.148/ide/plugins/com.nxp.mcuxpresso.tools.macosx_24.12.0.202407110909/tools/bin/../lib/gcc/arm-none-eabi/13.2.1/thumb/v6-m/nofp/libgcc.a(_dvmd_tls.o)
                0x000007e4                __aeabi_ldiv0
                0x000007e4                __aeabi_idiv0
 .text          0x000007e8       0x74 /Applications/MCUXpressoIDE_24.12.148/ide/plugins/com.nxp.mcuxpresso.tools.macosx_24.12.0.202407110909/tools/bin/../lib/gcc/arm-none-eabi/13.2.1/thumb/v6-m/nofp/libgcc.a(_arm_cmpsf2.o)
                0x000007e8                __aeabi_cfrcmple
                0x000007f0                __aeabi_cfcmple
                0x000007f0                __aeabi_cfcmpeq
                0x00000800                __aeabi_fcmpeq
                0x0000080c                __aeabi_fcmplt
                0x00000820                __aeabi_fcmple
                0x00000834                __aeabi_fcmpgt
                0x00000848                __aeabi_fcmpge
 .text          0x0000085c       0x40 /Applications/MCUXpressoIDE_24.12.148/ide/plugins/com.nxp.mcuxpresso.tools.macosx_24.12.0.202407110909/tools/bin/../lib/gcc/arm-none-eabi/13.2.1/thumb/v6-m/nofp/libgcc.a(_aeabi_uldivmod.o)
                0x0000085c                __aeabi_uldivmod
 .text          0x0000089c       0x3c /Applications/MCUXpressoIDE_24.12.148/ide/plugins/com.nxp.mcuxpresso.tools.macosx_24.12.0.202407110909/tools/bin/../lib/gcc/arm-none-eabi/13.2.1/thumb/v6-m/nofp/libgcc.a(_clzsi2.o)
                0x0000089c                __clzsi2
 .text          0x000008d8       0x18 /Applications/MCUXpressoIDE_24.12.148/ide/plugins/com.nxp.mcuxpresso.tools.macosx_24.12.0.202407110909/tools/bin/../lib/gcc/arm-none-eabi/13.2.1/thumb/v6-m/nofp/libgcc.a(_clzdi2.o)
                0x000008d8                __clzdi2
 .text          0x000008f0        0xe /Applications/MCUXpressoIDE_24.12.148/ide/plugins/com.nxp.mcuxpresso.tools.macosx_24.12.0.202407110909/tools/bin/../lib/gcc/arm-none-eabi/13.2.1/../../../../arm-none-eabi/lib/thumb/v6-m/nofp/libc_nano.a(libc_a-strlen.o)
                0x000008f0                strlen
 *(.text*)
 *fill*         0x000008fe        0x2 
 .text.deregister_tm_clones
                0x00000900       0x20 /Applications/MCUXpressoIDE_24.12.148/ide/plugins/com.nxp.mcuxpresso.tools.macosx_24.12.0.202407110909/tools/bin/../lib/gcc/arm-none-eabi/13.2.1/thumb/v6-m/nofp/crtbegin.o
 .text.register_tm_clones
                0x00000920       0x28 /Applications/MCUXpressoIDE_24.12.148/ide/plugins/com.nxp.mcuxpresso.tools.macosx_24.12.0.202407110909/tools/bin/../lib/gcc/arm-none-eabi/13.2.1/thumb/v6-m/nofp/crtbegin.o
 .text.__do_global_dtors_aux
                0x00000948       0x2c /Applications/MCUXpressoIDE_24.12.148/ide/plugins/com.nxp.mcuxpresso.tools.macosx_24.12.0.202407110909/tools/bin/../lib/gcc/arm-none-eabi/13.2.1/thumb/v6-m/nofp/crtbegin.o
 .text.frame_dummy
                0x00000974       0x24 /Applications/MCUXpressoIDE_24.12.148/ide/plugins/com.nxp.mcuxpresso.tools.macosx_24.12.0.202407110909/tools/bin/../lib/gcc/arm-none-eabi/13.2.1/thumb/v6-m/nofp/crtbegin.o
 .text.main     0x00000998      0x16c CMakeFiles/new_project.elf.dir/Users/lorenzo.poggi/Documents/GitHub/curso-lse/trabajo_integrador/proyecto_final/main.c.obj
                0x00000998                main
 .text.CLOCK_Select
                0x00000b04       0x38 CMakeFiles/new_project.elf.dir/Users/lorenzo.poggi/Documents/GitHub/curso-lse/trabajo_integrador/proyecto_final/clock_config.c.obj
 .text.CLOCK_SetCoreSysClkDiv
                0x00000b3c       0x4c CMakeFiles/new_project.elf.dir/Users/lorenzo.poggi/Documents/GitHub/curso-lse/trabajo_integrador/proyecto_final/clock_config.c.obj
 .text.CLOCK_SetFroOscFreq
                0x00000b88       0x24 CMakeFiles/new_project.elf.dir/Users/lorenzo.poggi/Documents/GitHub/curso-lse/trabajo_integrador/proyecto_final/clock_config.c.obj
 .text.POWER_DisablePD
                0x00000bac       0x2c CMakeFiles/new_project.elf.dir/Users/lorenzo.poggi/Documents/GitHub/curso-lse/trabajo_integrador/proyecto_final/clock_config.c.obj
 .text.BOARD_BootClockFRO30M
                0x00000bd8       0x58 CMakeFiles/new_project.elf.dir/Users/lorenzo.poggi/Documents/GitHub/curso-lse/trabajo_integrador/proyecto_final/clock_config.c.obj
                0x00000bd8                BOARD_BootClockFRO30M
 .text.GPIO_PinWrite
                0x00000c30       0x2c CMakeFiles/new_project.elf.dir/Users/lorenzo.poggi/Documents/GitHub/curso-lse/trabajo_integrador/proyecto_final/app_tasks.c.obj
 .text.GPIO_PinRead
                0x00000c5c       0x24 CMakeFiles/new_project.elf.dir/Users/lorenzo.poggi/Documents/GitHub/curso-lse/trabajo_integrador/proyecto_final/app_tasks.c.obj
 .text.GPIO_PortToggle
                0x00000c80       0x26 CMakeFiles/new_project.elf.dir/Users/lorenzo.poggi/Documents/GitHub/curso-lse/trabajo_integrador/proyecto_final/app_tasks.c.obj
 .text.ADC_DoSoftwareTriggerConvSeqA
                0x00000ca6       0x1e CMakeFiles/new_project.elf.dir/Users/lorenzo.poggi/Documents/GitHub/curso-lse/trabajo_integrador/proyecto_final/app_tasks.c.obj
 .text.wrapper_gpio_init
                0x00000cc4       0x24 CMakeFiles/new_project.elf.dir/Users/lorenzo.poggi/Documents/GitHub/curso-lse/trabajo_integrador/proyecto_final/app_tasks.c.obj
 .text.wrapper_btn_get
                0x00000ce8       0x30 CMakeFiles/new_project.elf.dir/Users/lorenzo.poggi/Documents/GitHub/curso-lse/trabajo_integrador/proyecto_final/app_tasks.c.obj
 .text.wrapper_output_init
                0x00000d18       0x3e CMakeFiles/new_project.elf.dir/Users/lorenzo.poggi/Documents/GitHub/curso-lse/trabajo_integrador/proyecto_final/app_tasks.c.obj
 .text.wrapper_gpio_get_port
                0x00000d56       0x1a CMakeFiles/new_project.elf.dir/Users/lorenzo.poggi/Documents/GitHub/curso-lse/trabajo_integrador/proyecto_final/app_tasks.c.obj
 .text.wrapper_gpio_get_pin
                0x00000d70       0x1a CMakeFiles/new_project.elf.dir/Users/lorenzo.poggi/Documents/GitHub/curso-lse/trabajo_integrador/proyecto_final/app_tasks.c.obj
 .text.wrapper_output_toggle
                0x00000d8a       0x46 CMakeFiles/new_project.elf.dir/Users/lorenzo.poggi/Documents/GitHub/curso-lse/trabajo_integrador/proyecto_final/app_tasks.c.obj
 .text.wrapper_display_off
                0x00000dd0       0x26 CMakeFiles/new_project.elf.dir/Users/lorenzo.poggi/Documents/GitHub/curso-lse/trabajo_integrador/proyecto_final/app_tasks.c.obj
 .text.wrapper_display_on
                0x00000df6       0x28 CMakeFiles/new_project.elf.dir/Users/lorenzo.poggi/Documents/GitHub/curso-lse/trabajo_integrador/proyecto_final/app_tasks.c.obj
 .text.wrapper_btn_get_with_debouncing_with_pull_up
                0x00000e1e       0x56 CMakeFiles/new_project.elf.dir/Users/lorenzo.poggi/Documents/GitHub/curso-lse/trabajo_integrador/proyecto_final/app_tasks.c.obj
 .text.tarea_inic
                0x00000e74      0x1b0 CMakeFiles/new_project.elf.dir/Users/lorenzo.poggi/Documents/GitHub/curso-lse/trabajo_integrador/proyecto_final/app_tasks.c.obj
                0x00000e74                tarea_inic
 .text.tarea_setpoint
                0x00001024       0xb8 CMakeFiles/new_project.elf.dir/Users/lorenzo.poggi/Documents/GitHub/curso-lse/trabajo_integrador/proyecto_final/app_tasks.c.obj
                0x00001024                tarea_setpoint
 .text.tarea_adc
                0x000010dc       0x20 CMakeFiles/new_project.elf.dir/Users/lorenzo.poggi/Documents/GitHub/curso-lse/trabajo_integrador/proyecto_final/app_tasks.c.obj
                0x000010dc                tarea_adc
 .text.tarea_display_change
                0x000010fc       0x5c CMakeFiles/new_project.elf.dir/Users/lorenzo.poggi/Documents/GitHub/curso-lse/trabajo_integrador/proyecto_final/app_tasks.c.obj
                0x000010fc                tarea_display_change
 .text.tarea_control
                0x00001158       0xa8 CMakeFiles/new_project.elf.dir/Users/lorenzo.poggi/Documents/GitHub/curso-lse/trabajo_integrador/proyecto_final/app_tasks.c.obj
                0x00001158                tarea_control
 .text.tarea_display
                0x00001200       0x9c CMakeFiles/new_project.elf.dir/Users/lorenzo.poggi/Documents/GitHub/curso-lse/trabajo_integrador/proyecto_final/app_tasks.c.obj
                0x00001200                tarea_display
 .text.tarea_pwm
                0x0000129c       0xe8 CMakeFiles/new_project.elf.dir/Users/lorenzo.poggi/Documents/GitHub/curso-lse/trabajo_integrador/proyecto_final/app_tasks.c.obj
                0x0000129c                tarea_pwm
 .text.tarea_bh1750
                0x00001384       0xa0 CMakeFiles/new_project.elf.dir/Users/lorenzo.poggi/Documents/GitHub/curso-lse/trabajo_integrador/proyecto_final/app_tasks.c.obj
                0x00001384                tarea_bh1750
 .text.tarea_buzzer
                0x00001424       0x3c CMakeFiles/new_project.elf.dir/Users/lorenzo.poggi/Documents/GitHub/curso-lse/trabajo_integrador/proyecto_final/app_tasks.c.obj
                0x00001424                tarea_buzzer
 .text.tarea_counter_btns
                0x00001460       0xe8 CMakeFiles/new_project.elf.dir/Users/lorenzo.poggi/Documents/GitHub/curso-lse/trabajo_integrador/proyecto_final/app_tasks.c.obj
                0x00001460                tarea_counter_btns
 .text.tarea_cny70
                0x00001548       0x40 CMakeFiles/new_project.elf.dir/Users/lorenzo.poggi/Documents/GitHub/curso-lse/trabajo_integrador/proyecto_final/app_tasks.c.obj
                0x00001548                tarea_cny70
 .text.tarea_leds_tricolor
                0x00001588      0x110 CMakeFiles/new_project.elf.dir/Users/lorenzo.poggi/Documents/GitHub/curso-lse/trabajo_integrador/proyecto_final/app_tasks.c.obj
                0x00001588                tarea_leds_tricolor
 .text.ADC_GetStatusFlags
                0x00001698       0x14 CMakeFiles/new_project.elf.dir/Users/lorenzo.poggi/Documents/GitHub/curso-lse/trabajo_integrador/proyecto_final/isr.c.obj
 .text.ADC_ClearStatusFlags
                0x000016ac       0x18 CMakeFiles/new_project.elf.dir/Users/lorenzo.poggi/Documents/GitHub/curso-lse/trabajo_integrador/proyecto_final/isr.c.obj
 .text.CAPT_ClearInterruptStatusFlags
                0x000016c4       0x18 CMakeFiles/new_project.elf.dir/Users/lorenzo.poggi/Documents/GitHub/curso-lse/trabajo_integrador/proyecto_final/isr.c.obj
 .text.cny70_callback
                0x000016dc       0x54 CMakeFiles/new_project.elf.dir/Users/lorenzo.poggi/Documents/GitHub/curso-lse/trabajo_integrador/proyecto_final/isr.c.obj
                0x000016dc                cny70_callback
 .text.usr_callback
                0x00001730       0x54 CMakeFiles/new_project.elf.dir/Users/lorenzo.poggi/Documents/GitHub/curso-lse/trabajo_integrador/proyecto_final/isr.c.obj
                0x00001730                usr_callback
 .text.ADC0_SEQA_IRQHandler
                0x00001784       0xa0 CMakeFiles/new_project.elf.dir/Users/lorenzo.poggi/Documents/GitHub/curso-lse/trabajo_integrador/proyecto_final/isr.c.obj
                0x00001784                ADC0_SEQA_IRQHandler
 .text.CMP_CAPT_IRQHandler
                0x00001824       0x4c CMakeFiles/new_project.elf.dir/Users/lorenzo.poggi/Documents/GitHub/curso-lse/trabajo_integrador/proyecto_final/isr.c.obj
                0x00001824                CMP_CAPT_IRQHandler
 .text.__NVIC_EnableIRQ
                0x00001870       0x34 CMakeFiles/new_project.elf.dir/Users/lorenzo.poggi/Documents/GitHub/curso-lse/trabajo_integrador/proyecto_final/wrappers.c.obj
 .text.CLOCK_EnableClock
                0x000018a4       0x54 CMakeFiles/new_project.elf.dir/Users/lorenzo.poggi/Documents/GitHub/curso-lse/trabajo_integrador/proyecto_final/wrappers.c.obj
 .text.CLOCK_DisableClock
                0x000018f8       0x58 CMakeFiles/new_project.elf.dir/Users/lorenzo.poggi/Documents/GitHub/curso-lse/trabajo_integrador/proyecto_final/wrappers.c.obj
 .text.CLOCK_Select
                0x00001950       0x38 CMakeFiles/new_project.elf.dir/Users/lorenzo.poggi/Documents/GitHub/curso-lse/trabajo_integrador/proyecto_final/wrappers.c.obj
 .text.CLOCK_SetClkDivider
                0x00001988       0x30 CMakeFiles/new_project.elf.dir/Users/lorenzo.poggi/Documents/GitHub/curso-lse/trabajo_integrador/proyecto_final/wrappers.c.obj
 .text.CLOCK_GetClkDivider
                0x000019b8       0x2c CMakeFiles/new_project.elf.dir/Users/lorenzo.poggi/Documents/GitHub/curso-lse/trabajo_integrador/proyecto_final/wrappers.c.obj
 .text.GPIO_PinWrite
                0x000019e4       0x2c CMakeFiles/new_project.elf.dir/Users/lorenzo.poggi/Documents/GitHub/curso-lse/trabajo_integrador/proyecto_final/wrappers.c.obj
 .text.POWER_DisablePD
                0x00001a10       0x2c CMakeFiles/new_project.elf.dir/Users/lorenzo.poggi/Documents/GitHub/curso-lse/trabajo_integrador/proyecto_final/wrappers.c.obj
 .text.IOCON_PinMuxSet
                0x00001a3c       0x26 CMakeFiles/new_project.elf.dir/Users/lorenzo.poggi/Documents/GitHub/curso-lse/trabajo_integrador/proyecto_final/wrappers.c.obj
 .text.ADC_EnableConvSeqA
                0x00001a62       0x3a CMakeFiles/new_project.elf.dir/Users/lorenzo.poggi/Documents/GitHub/curso-lse/trabajo_integrador/proyecto_final/wrappers.c.obj
 .text.ADC_EnableInterrupts
                0x00001a9c       0x22 CMakeFiles/new_project.elf.dir/Users/lorenzo.poggi/Documents/GitHub/curso-lse/trabajo_integrador/proyecto_final/wrappers.c.obj
 *fill*         0x00001abe        0x2 
 .text.SCTIMER_StartTimer
                0x00001ac0      0x108 CMakeFiles/new_project.elf.dir/Users/lorenzo.poggi/Documents/GitHub/curso-lse/trabajo_integrador/proyecto_final/wrappers.c.obj
 .text.I2C_MasterRepeatedStart
                0x00001bc8       0x32 CMakeFiles/new_project.elf.dir/Users/lorenzo.poggi/Documents/GitHub/curso-lse/trabajo_integrador/proyecto_final/wrappers.c.obj
 .text.CAPT_EnableInterrupts
                0x00001bfa       0x18 CMakeFiles/new_project.elf.dir/Users/lorenzo.poggi/Documents/GitHub/curso-lse/trabajo_integrador/proyecto_final/wrappers.c.obj
 .text.wrapper_gpio_get_pin
                0x00001c12       0x1a CMakeFiles/new_project.elf.dir/Users/lorenzo.poggi/Documents/GitHub/curso-lse/trabajo_integrador/proyecto_final/wrappers.c.obj
 .text.pint_global_callback
                0x00001c2c       0x44 CMakeFiles/new_project.elf.dir/Users/lorenzo.poggi/Documents/GitHub/curso-lse/trabajo_integrador/proyecto_final/wrappers.c.obj
                0x00001c2c                pint_global_callback
 .text.wrapper_adc_init
                0x00001c70       0xdc CMakeFiles/new_project.elf.dir/Users/lorenzo.poggi/Documents/GitHub/curso-lse/trabajo_integrador/proyecto_final/wrappers.c.obj
                0x00001c70                wrapper_adc_init
 .text.wrapper_btn_init
                0x00001d4c       0x7c CMakeFiles/new_project.elf.dir/Users/lorenzo.poggi/Documents/GitHub/curso-lse/trabajo_integrador/proyecto_final/wrappers.c.obj
                0x00001d4c                wrapper_btn_init
 .text.wrapper_gpio_enable_irq
                0x00001dc8       0x90 CMakeFiles/new_project.elf.dir/Users/lorenzo.poggi/Documents/GitHub/curso-lse/trabajo_integrador/proyecto_final/wrappers.c.obj
                0x00001dc8                wrapper_gpio_enable_irq
 .text.wrapper_display_init
                0x00001e58       0x94 CMakeFiles/new_project.elf.dir/Users/lorenzo.poggi/Documents/GitHub/curso-lse/trabajo_integrador/proyecto_final/wrappers.c.obj
                0x00001e58                wrapper_display_init
 .text.wrapper_display_write
                0x00001eec       0xc0 CMakeFiles/new_project.elf.dir/Users/lorenzo.poggi/Documents/GitHub/curso-lse/trabajo_integrador/proyecto_final/wrappers.c.obj
                0x00001eec                wrapper_display_write
 .text.wrapper_pwm_init
                0x00001fac      0x100 CMakeFiles/new_project.elf.dir/Users/lorenzo.poggi/Documents/GitHub/curso-lse/trabajo_integrador/proyecto_final/wrappers.c.obj
                0x00001fac                wrapper_pwm_init
 .text.wrapper_pwm_update_led
                0x000020ac       0x58 CMakeFiles/new_project.elf.dir/Users/lorenzo.poggi/Documents/GitHub/curso-lse/trabajo_integrador/proyecto_final/wrappers.c.obj
 .text.wrapper_pwm_update_bled
                0x00002104       0x2c CMakeFiles/new_project.elf.dir/Users/lorenzo.poggi/Documents/GitHub/curso-lse/trabajo_integrador/proyecto_final/wrappers.c.obj
                0x00002104                wrapper_pwm_update_bled
 .text.wrapper_pwm_update_rled
                0x00002130       0x2c CMakeFiles/new_project.elf.dir/Users/lorenzo.poggi/Documents/GitHub/curso-lse/trabajo_integrador/proyecto_final/wrappers.c.obj
                0x00002130                wrapper_pwm_update_rled
 .text.wrapper_i2c_init
                0x0000215c       0x6c CMakeFiles/new_project.elf.dir/Users/lorenzo.poggi/Documents/GitHub/curso-lse/trabajo_integrador/proyecto_final/wrappers.c.obj
                0x0000215c                wrapper_i2c_init
 .text.wrapper_bh1750_init
                0x000021c8       0x60 CMakeFiles/new_project.elf.dir/Users/lorenzo.poggi/Documents/GitHub/curso-lse/trabajo_integrador/proyecto_final/wrappers.c.obj
                0x000021c8                wrapper_bh1750_init
 .text.wrapper_bh1750_read
                0x00002228       0x68 CMakeFiles/new_project.elf.dir/Users/lorenzo.poggi/Documents/GitHub/curso-lse/trabajo_integrador/proyecto_final/wrappers.c.obj
                0x00002228                wrapper_bh1750_read
 .text.wrapper_touch_init
                0x00002290       0xcc CMakeFiles/new_project.elf.dir/Users/lorenzo.poggi/Documents/GitHub/curso-lse/trabajo_integrador/proyecto_final/wrappers.c.obj
                0x00002290                wrapper_touch_init
 .text.wrapper_touch_is_touched
                0x0000235c       0x2c CMakeFiles/new_project.elf.dir/Users/lorenzo.poggi/Documents/GitHub/curso-lse/trabajo_integrador/proyecto_final/wrappers.c.obj
                0x0000235c                wrapper_touch_is_touched
 .text.SystemInit
                0x00002388       0x2c CMakeFiles/new_project.elf.dir/Users/lorenzo.poggi/Documents/GitHub/curso-lse/trabajo_integrador/sdks/proyecto_final_sdk/devices/LPC845/system_LPC845.c.obj
                0x00002388                SystemInit
 .text.SystemInitHook
                0x000023b4        0xa CMakeFiles/new_project.elf.dir/Users/lorenzo.poggi/Documents/GitHub/curso-lse/trabajo_integrador/sdks/proyecto_final_sdk/devices/LPC845/system_LPC845.c.obj
                0x000023b4                SystemInitHook
 *fill*         0x000023be        0x2 
 .text.CLOCK_EnableClock
                0x000023c0       0x54 CMakeFiles/new_project.elf.dir/Users/lorenzo.poggi/Documents/GitHub/curso-lse/trabajo_integrador/sdks/proyecto_final_sdk/devices/LPC845/drivers/fsl_capt.c.obj
 .text.CAPT_GetInstance
                0x00002414       0x54 CMakeFiles/new_project.elf.dir/Users/lorenzo.poggi/Documents/GitHub/curso-lse/trabajo_integrador/sdks/proyecto_final_sdk/devices/LPC845/drivers/fsl_capt.c.obj
 .text.CAPT_Init
                0x00002468      0x118 CMakeFiles/new_project.elf.dir/Users/lorenzo.poggi/Documents/GitHub/curso-lse/trabajo_integrador/sdks/proyecto_final_sdk/devices/LPC845/drivers/fsl_capt.c.obj
                0x00002468                CAPT_Init
 .text.CAPT_GetDefaultConfig
                0x00002580       0x78 CMakeFiles/new_project.elf.dir/Users/lorenzo.poggi/Documents/GitHub/curso-lse/trabajo_integrador/sdks/proyecto_final_sdk/devices/LPC845/drivers/fsl_capt.c.obj
                0x00002580                CAPT_GetDefaultConfig
 .text.CAPT_SetPollMode
                0x000025f8       0x4a CMakeFiles/new_project.elf.dir/Users/lorenzo.poggi/Documents/GitHub/curso-lse/trabajo_integrador/sdks/proyecto_final_sdk/devices/LPC845/drivers/fsl_capt.c.obj
                0x000025f8                CAPT_SetPollMode
 *fill*         0x00002642        0x2 
 .text.CAPT_GetTouchData
                0x00002644       0xb4 CMakeFiles/new_project.elf.dir/Users/lorenzo.poggi/Documents/GitHub/curso-lse/trabajo_integrador/sdks/proyecto_final_sdk/devices/LPC845/drivers/fsl_capt.c.obj
                0x00002644                CAPT_GetTouchData
 .text.CLOCK_GetCoreSysClkFreq
                0x000026f8       0x24 CMakeFiles/new_project.elf.dir/Users/lorenzo.poggi/Documents/GitHub/curso-lse/trabajo_integrador/sdks/proyecto_final_sdk/devices/LPC845/drivers/fsl_clock.c.obj
 .text.CLOCK_GetSystemPLLFreq
                0x0000271c       0x20 CMakeFiles/new_project.elf.dir/Users/lorenzo.poggi/Documents/GitHub/curso-lse/trabajo_integrador/sdks/proyecto_final_sdk/devices/LPC845/drivers/fsl_clock.c.obj
 .text.CLOCK_GetWdtOscFreq
                0x0000273c       0x14 CMakeFiles/new_project.elf.dir/Users/lorenzo.poggi/Documents/GitHub/curso-lse/trabajo_integrador/sdks/proyecto_final_sdk/devices/LPC845/drivers/fsl_clock.c.obj
 .text.CLOCK_GetExtClkFreq
                0x00002750       0x14 CMakeFiles/new_project.elf.dir/Users/lorenzo.poggi/Documents/GitHub/curso-lse/trabajo_integrador/sdks/proyecto_final_sdk/devices/LPC845/drivers/fsl_clock.c.obj
 .text.CLOCK_GetFRGInputClkFreq
                0x00002764       0x3e CMakeFiles/new_project.elf.dir/Users/lorenzo.poggi/Documents/GitHub/curso-lse/trabajo_integrador/sdks/proyecto_final_sdk/devices/LPC845/drivers/fsl_clock.c.obj
 *fill*         0x000027a2        0x2 
 .text.CLOCK_UpdateClkSrc
                0x000027a4       0x58 CMakeFiles/new_project.elf.dir/Users/lorenzo.poggi/Documents/GitHub/curso-lse/trabajo_integrador/sdks/proyecto_final_sdk/devices/LPC845/drivers/fsl_clock.c.obj
 .text.CLOCK_GetFRG0ClkFreq
                0x000027fc       0x64 CMakeFiles/new_project.elf.dir/Users/lorenzo.poggi/Documents/GitHub/curso-lse/trabajo_integrador/sdks/proyecto_final_sdk/devices/LPC845/drivers/fsl_clock.c.obj
                0x000027fc                CLOCK_GetFRG0ClkFreq
 .text.CLOCK_GetFRG1ClkFreq
                0x00002860       0x64 CMakeFiles/new_project.elf.dir/Users/lorenzo.poggi/Documents/GitHub/curso-lse/trabajo_integrador/sdks/proyecto_final_sdk/devices/LPC845/drivers/fsl_clock.c.obj
                0x00002860                CLOCK_GetFRG1ClkFreq
 .text.CLOCK_GetMainClkFreq
                0x000028c4       0x78 CMakeFiles/new_project.elf.dir/Users/lorenzo.poggi/Documents/GitHub/curso-lse/trabajo_integrador/sdks/proyecto_final_sdk/devices/LPC845/drivers/fsl_clock.c.obj
                0x000028c4                CLOCK_GetMainClkFreq
 .text.CLOCK_GetFroFreq
                0x0000293c       0x78 CMakeFiles/new_project.elf.dir/Users/lorenzo.poggi/Documents/GitHub/curso-lse/trabajo_integrador/sdks/proyecto_final_sdk/devices/LPC845/drivers/fsl_clock.c.obj
                0x0000293c                CLOCK_GetFroFreq
 .text.CLOCK_GetFreq
                0x000029b4       0x90 CMakeFiles/new_project.elf.dir/Users/lorenzo.poggi/Documents/GitHub/curso-lse/trabajo_integrador/sdks/proyecto_final_sdk/devices/LPC845/drivers/fsl_clock.c.obj
                0x000029b4                CLOCK_GetFreq
 .text.CLOCK_GetSystemPLLInClockRate
                0x00002a44       0x64 CMakeFiles/new_project.elf.dir/Users/lorenzo.poggi/Documents/GitHub/curso-lse/trabajo_integrador/sdks/proyecto_final_sdk/devices/LPC845/drivers/fsl_clock.c.obj
                0x00002a44                CLOCK_GetSystemPLLInClockRate
 .text.CLOCK_SetMainClkSrc
                0x00002aa8       0x9c CMakeFiles/new_project.elf.dir/Users/lorenzo.poggi/Documents/GitHub/curso-lse/trabajo_integrador/sdks/proyecto_final_sdk/devices/LPC845/drivers/fsl_clock.c.obj
                0x00002aa8                CLOCK_SetMainClkSrc
 .text.CLOCK_SetFroOutClkSrc
                0x00002b44       0x48 CMakeFiles/new_project.elf.dir/Users/lorenzo.poggi/Documents/GitHub/curso-lse/trabajo_integrador/sdks/proyecto_final_sdk/devices/LPC845/drivers/fsl_clock.c.obj
                0x00002b44                CLOCK_SetFroOutClkSrc
 .text.DelayLoop
                0x00002b8c       0x1a CMakeFiles/new_project.elf.dir/Users/lorenzo.poggi/Documents/GitHub/curso-lse/trabajo_integrador/sdks/proyecto_final_sdk/devices/LPC845/drivers/fsl_common_arm.c.obj
 *fill*         0x00002ba6        0x2 
 .text.SDK_DelayAtLeastUs
                0x00002ba8       0x84 CMakeFiles/new_project.elf.dir/Users/lorenzo.poggi/Documents/GitHub/curso-lse/trabajo_integrador/sdks/proyecto_final_sdk/devices/LPC845/drivers/fsl_common_arm.c.obj
                0x00002ba8                SDK_DelayAtLeastUs
 .text.CLOCK_EnableClock
                0x00002c2c       0x54 CMakeFiles/new_project.elf.dir/Users/lorenzo.poggi/Documents/GitHub/curso-lse/trabajo_integrador/sdks/proyecto_final_sdk/devices/LPC845/drivers/fsl_adc.c.obj
 .text.RESET_ReleasePeripheralReset
                0x00002c80       0x18 CMakeFiles/new_project.elf.dir/Users/lorenzo.poggi/Documents/GitHub/curso-lse/trabajo_integrador/sdks/proyecto_final_sdk/devices/LPC845/drivers/fsl_adc.c.obj
 .text.ADC_GetInstance
                0x00002c98       0x54 CMakeFiles/new_project.elf.dir/Users/lorenzo.poggi/Documents/GitHub/curso-lse/trabajo_integrador/sdks/proyecto_final_sdk/devices/LPC845/drivers/fsl_adc.c.obj
 .text.ADC_Init
                0x00002cec       0xb4 CMakeFiles/new_project.elf.dir/Users/lorenzo.poggi/Documents/GitHub/curso-lse/trabajo_integrador/sdks/proyecto_final_sdk/devices/LPC845/drivers/fsl_adc.c.obj
                0x00002cec                ADC_Init
 .text.ADC_GetDefaultConfig
                0x00002da0       0x34 CMakeFiles/new_project.elf.dir/Users/lorenzo.poggi/Documents/GitHub/curso-lse/trabajo_integrador/sdks/proyecto_final_sdk/devices/LPC845/drivers/fsl_adc.c.obj
                0x00002da0                ADC_GetDefaultConfig
 .text.ADC_DoSelfCalibration
                0x00002dd4       0xc0 CMakeFiles/new_project.elf.dir/Users/lorenzo.poggi/Documents/GitHub/curso-lse/trabajo_integrador/sdks/proyecto_final_sdk/devices/LPC845/drivers/fsl_adc.c.obj
                0x00002dd4                ADC_DoSelfCalibration
 .text.ADC_SetConvSeqAConfig
                0x00002e94       0xa0 CMakeFiles/new_project.elf.dir/Users/lorenzo.poggi/Documents/GitHub/curso-lse/trabajo_integrador/sdks/proyecto_final_sdk/devices/LPC845/drivers/fsl_adc.c.obj
                0x00002e94                ADC_SetConvSeqAConfig
 .text.ADC_GetChannelConversionResult
                0x00002f34       0xbc CMakeFiles/new_project.elf.dir/Users/lorenzo.poggi/Documents/GitHub/curso-lse/trabajo_integrador/sdks/proyecto_final_sdk/devices/LPC845/drivers/fsl_adc.c.obj
                0x00002f34                ADC_GetChannelConversionResult
 .text.CLOCK_EnableClock
                0x00002ff0       0x54 CMakeFiles/new_project.elf.dir/Users/lorenzo.poggi/Documents/GitHub/curso-lse/trabajo_integrador/sdks/proyecto_final_sdk/devices/LPC845/drivers/fsl_gpio.c.obj
 .text.GPIO_EnablePortClock
                0x00003044       0x44 CMakeFiles/new_project.elf.dir/Users/lorenzo.poggi/Documents/GitHub/curso-lse/trabajo_integrador/sdks/proyecto_final_sdk/devices/LPC845/drivers/fsl_gpio.c.obj
 .text.GPIO_PortInit
                0x00003088       0x30 CMakeFiles/new_project.elf.dir/Users/lorenzo.poggi/Documents/GitHub/curso-lse/trabajo_integrador/sdks/proyecto_final_sdk/devices/LPC845/drivers/fsl_gpio.c.obj
                0x00003088                GPIO_PortInit
 .text.GPIO_PinInit
                0x000030b8       0xc0 CMakeFiles/new_project.elf.dir/Users/lorenzo.poggi/Documents/GitHub/curso-lse/trabajo_integrador/sdks/proyecto_final_sdk/devices/LPC845/drivers/fsl_gpio.c.obj
                0x000030b8                GPIO_PinInit
 .text.CLOCK_EnableClock
                0x00003178       0x54 CMakeFiles/new_project.elf.dir/Users/lorenzo.poggi/Documents/GitHub/curso-lse/trabajo_integrador/sdks/proyecto_final_sdk/devices/LPC845/drivers/fsl_i2c.c.obj
 .text.I2C_MasterEnable
                0x000031cc       0x3c CMakeFiles/new_project.elf.dir/Users/lorenzo.poggi/Documents/GitHub/curso-lse/trabajo_integrador/sdks/proyecto_final_sdk/devices/LPC845/drivers/fsl_i2c.c.obj
 .text.I2C_GetStatusFlags
                0x00003208       0x14 CMakeFiles/new_project.elf.dir/Users/lorenzo.poggi/Documents/GitHub/curso-lse/trabajo_integrador/sdks/proyecto_final_sdk/devices/LPC845/drivers/fsl_i2c.c.obj
 .text.I2C_MasterClearStatusFlags
                0x0000321c       0x1c CMakeFiles/new_project.elf.dir/Users/lorenzo.poggi/Documents/GitHub/curso-lse/trabajo_integrador/sdks/proyecto_final_sdk/devices/LPC845/drivers/fsl_i2c.c.obj
 .text.I2C_GetInstance
                0x00003238       0x58 CMakeFiles/new_project.elf.dir/Users/lorenzo.poggi/Documents/GitHub/curso-lse/trabajo_integrador/sdks/proyecto_final_sdk/devices/LPC845/drivers/fsl_i2c.c.obj
                0x00003238                I2C_GetInstance
 .text.I2C_MasterGetDefaultConfig
                0x00003290       0x34 CMakeFiles/new_project.elf.dir/Users/lorenzo.poggi/Documents/GitHub/curso-lse/trabajo_integrador/sdks/proyecto_final_sdk/devices/LPC845/drivers/fsl_i2c.c.obj
                0x00003290                I2C_MasterGetDefaultConfig
 .text.I2C_MasterInit
                0x000032c4       0x64 CMakeFiles/new_project.elf.dir/Users/lorenzo.poggi/Documents/GitHub/curso-lse/trabajo_integrador/sdks/proyecto_final_sdk/devices/LPC845/drivers/fsl_i2c.c.obj
                0x000032c4                I2C_MasterInit
 .text.I2C_MasterSetBaudRate
                0x00003328      0x114 CMakeFiles/new_project.elf.dir/Users/lorenzo.poggi/Documents/GitHub/curso-lse/trabajo_integrador/sdks/proyecto_final_sdk/devices/LPC845/drivers/fsl_i2c.c.obj
                0x00003328                I2C_MasterSetBaudRate
 .text.I2C_PendingStatusWait
                0x0000343c       0x30 CMakeFiles/new_project.elf.dir/Users/lorenzo.poggi/Documents/GitHub/curso-lse/trabajo_integrador/sdks/proyecto_final_sdk/devices/LPC845/drivers/fsl_i2c.c.obj
 .text.I2C_MasterStart
                0x0000346c       0x54 CMakeFiles/new_project.elf.dir/Users/lorenzo.poggi/Documents/GitHub/curso-lse/trabajo_integrador/sdks/proyecto_final_sdk/devices/LPC845/drivers/fsl_i2c.c.obj
                0x0000346c                I2C_MasterStart
 .text.I2C_MasterStop
                0x000034c0       0x30 CMakeFiles/new_project.elf.dir/Users/lorenzo.poggi/Documents/GitHub/curso-lse/trabajo_integrador/sdks/proyecto_final_sdk/devices/LPC845/drivers/fsl_i2c.c.obj
                0x000034c0                I2C_MasterStop
 .text.I2C_MasterWriteBlocking
                0x000034f0      0x124 CMakeFiles/new_project.elf.dir/Users/lorenzo.poggi/Documents/GitHub/curso-lse/trabajo_integrador/sdks/proyecto_final_sdk/devices/LPC845/drivers/fsl_i2c.c.obj
                0x000034f0                I2C_MasterWriteBlocking
 .text.I2C_MasterReadBlocking
                0x00003614      0x104 CMakeFiles/new_project.elf.dir/Users/lorenzo.poggi/Documents/GitHub/curso-lse/trabajo_integrador/sdks/proyecto_final_sdk/devices/LPC845/drivers/fsl_i2c.c.obj
                0x00003614                I2C_MasterReadBlocking
 .text.I2C_TransferCommonIRQHandler
                0x00003718       0x40 CMakeFiles/new_project.elf.dir/Users/lorenzo.poggi/Documents/GitHub/curso-lse/trabajo_integrador/sdks/proyecto_final_sdk/devices/LPC845/drivers/fsl_i2c.c.obj
 .text.I2C0_DriverIRQHandler
                0x00003758       0x20 CMakeFiles/new_project.elf.dir/Users/lorenzo.poggi/Documents/GitHub/curso-lse/trabajo_integrador/sdks/proyecto_final_sdk/devices/LPC845/drivers/fsl_i2c.c.obj
                0x00003758                I2C0_DriverIRQHandler
 .text.I2C1_DriverIRQHandler
                0x00003778       0x20 CMakeFiles/new_project.elf.dir/Users/lorenzo.poggi/Documents/GitHub/curso-lse/trabajo_integrador/sdks/proyecto_final_sdk/devices/LPC845/drivers/fsl_i2c.c.obj
                0x00003778                I2C1_DriverIRQHandler
 .text.I2C2_DriverIRQHandler
                0x00003798       0x20 CMakeFiles/new_project.elf.dir/Users/lorenzo.poggi/Documents/GitHub/curso-lse/trabajo_integrador/sdks/proyecto_final_sdk/devices/LPC845/drivers/fsl_i2c.c.obj
                0x00003798                I2C2_DriverIRQHandler
 .text.USART0_DriverIRQHandler
                0x000037b8       0x24 CMakeFiles/new_project.elf.dir/Users/lorenzo.poggi/Documents/GitHub/curso-lse/trabajo_integrador/sdks/proyecto_final_sdk/devices/LPC845/drivers/fsl_usart.c.obj
                0x000037b8                USART0_DriverIRQHandler
 .text.USART1_DriverIRQHandler
                0x000037dc       0x24 CMakeFiles/new_project.elf.dir/Users/lorenzo.poggi/Documents/GitHub/curso-lse/trabajo_integrador/sdks/proyecto_final_sdk/devices/LPC845/drivers/fsl_usart.c.obj
                0x000037dc                USART1_DriverIRQHandler
 .text.USART2_DriverIRQHandler
                0x00003800       0x24 CMakeFiles/new_project.elf.dir/Users/lorenzo.poggi/Documents/GitHub/curso-lse/trabajo_integrador/sdks/proyecto_final_sdk/devices/LPC845/drivers/fsl_usart.c.obj
                0x00003800                USART2_DriverIRQHandler
 .text.PIN_INT6_USART3_DriverIRQHandler
                0x00003824       0x24 CMakeFiles/new_project.elf.dir/Users/lorenzo.poggi/Documents/GitHub/curso-lse/trabajo_integrador/sdks/proyecto_final_sdk/devices/LPC845/drivers/fsl_usart.c.obj
                0x00003824                PIN_INT6_USART3_DriverIRQHandler
 .text.PIN_INT7_USART4_DriverIRQHandler
                0x00003848       0x24 CMakeFiles/new_project.elf.dir/Users/lorenzo.poggi/Documents/GitHub/curso-lse/trabajo_integrador/sdks/proyecto_final_sdk/devices/LPC845/drivers/fsl_usart.c.obj
                0x00003848                PIN_INT7_USART4_DriverIRQHandler
 .text.__NVIC_EnableIRQ
                0x0000386c       0x34 CMakeFiles/new_project.elf.dir/Users/lorenzo.poggi/Documents/GitHub/curso-lse/trabajo_integrador/sdks/proyecto_final_sdk/devices/LPC845/drivers/fsl_pint.c.obj
 .text.__NVIC_ClearPendingIRQ
                0x000038a0       0x38 CMakeFiles/new_project.elf.dir/Users/lorenzo.poggi/Documents/GitHub/curso-lse/trabajo_integrador/sdks/proyecto_final_sdk/devices/LPC845/drivers/fsl_pint.c.obj
 .text.CLOCK_EnableClock
                0x000038d8       0x54 CMakeFiles/new_project.elf.dir/Users/lorenzo.poggi/Documents/GitHub/curso-lse/trabajo_integrador/sdks/proyecto_final_sdk/devices/LPC845/drivers/fsl_pint.c.obj
 .text.RESET_ReleasePeripheralReset
                0x0000392c       0x18 CMakeFiles/new_project.elf.dir/Users/lorenzo.poggi/Documents/GitHub/curso-lse/trabajo_integrador/sdks/proyecto_final_sdk/devices/LPC845/drivers/fsl_pint.c.obj
 .text.EnableIRQ
                0x00003944       0x36 CMakeFiles/new_project.elf.dir/Users/lorenzo.poggi/Documents/GitHub/curso-lse/trabajo_integrador/sdks/proyecto_final_sdk/devices/LPC845/drivers/fsl_pint.c.obj
 .text.PINT_PinInterruptGetStatus
                0x0000397a       0x26 CMakeFiles/new_project.elf.dir/Users/lorenzo.poggi/Documents/GitHub/curso-lse/trabajo_integrador/sdks/proyecto_final_sdk/devices/LPC845/drivers/fsl_pint.c.obj
 .text.PINT_PinInterruptClrFallFlag
                0x000039a0       0x22 CMakeFiles/new_project.elf.dir/Users/lorenzo.poggi/Documents/GitHub/curso-lse/trabajo_integrador/sdks/proyecto_final_sdk/devices/LPC845/drivers/fsl_pint.c.obj
 .text.PINT_PinInterruptGetFallFlag
                0x000039c2       0x26 CMakeFiles/new_project.elf.dir/Users/lorenzo.poggi/Documents/GitHub/curso-lse/trabajo_integrador/sdks/proyecto_final_sdk/devices/LPC845/drivers/fsl_pint.c.obj
 .text.PINT_PinInterruptClrRiseFlag
                0x000039e8       0x22 CMakeFiles/new_project.elf.dir/Users/lorenzo.poggi/Documents/GitHub/curso-lse/trabajo_integrador/sdks/proyecto_final_sdk/devices/LPC845/drivers/fsl_pint.c.obj
 .text.PINT_PinInterruptGetRiseFlag
                0x00003a0a       0x26 CMakeFiles/new_project.elf.dir/Users/lorenzo.poggi/Documents/GitHub/curso-lse/trabajo_integrador/sdks/proyecto_final_sdk/devices/LPC845/drivers/fsl_pint.c.obj
 .text.PINT_GetInstance
                0x00003a30       0x54 CMakeFiles/new_project.elf.dir/Users/lorenzo.poggi/Documents/GitHub/curso-lse/trabajo_integrador/sdks/proyecto_final_sdk/devices/LPC845/drivers/fsl_pint.c.obj
 .text.PINT_Init
                0x00003a84       0xa4 CMakeFiles/new_project.elf.dir/Users/lorenzo.poggi/Documents/GitHub/curso-lse/trabajo_integrador/sdks/proyecto_final_sdk/devices/LPC845/drivers/fsl_pint.c.obj
                0x00003a84                PINT_Init
 .text.PINT_SetCallback
                0x00003b28       0x2c CMakeFiles/new_project.elf.dir/Users/lorenzo.poggi/Documents/GitHub/curso-lse/trabajo_integrador/sdks/proyecto_final_sdk/devices/LPC845/drivers/fsl_pint.c.obj
                0x00003b28                PINT_SetCallback
 .text.PINT_PinInterruptConfig
                0x00003b54       0xd4 CMakeFiles/new_project.elf.dir/Users/lorenzo.poggi/Documents/GitHub/curso-lse/trabajo_integrador/sdks/proyecto_final_sdk/devices/LPC845/drivers/fsl_pint.c.obj
                0x00003b54                PINT_PinInterruptConfig
 .text.PINT_PatternMatchResetDetectLogic
                0x00003c28       0x30 CMakeFiles/new_project.elf.dir/Users/lorenzo.poggi/Documents/GitHub/curso-lse/trabajo_integrador/sdks/proyecto_final_sdk/devices/LPC845/drivers/fsl_pint.c.obj
                0x00003c28                PINT_PatternMatchResetDetectLogic
 .text.PINT_PinInterruptClrStatus
                0x00003c58       0x52 CMakeFiles/new_project.elf.dir/Users/lorenzo.poggi/Documents/GitHub/curso-lse/trabajo_integrador/sdks/proyecto_final_sdk/devices/LPC845/drivers/fsl_pint.c.obj
                0x00003c58                PINT_PinInterruptClrStatus
 *fill*         0x00003caa        0x2 
 .text.PINT_EnableCallbackByIndex
                0x00003cac       0x68 CMakeFiles/new_project.elf.dir/Users/lorenzo.poggi/Documents/GitHub/curso-lse/trabajo_integrador/sdks/proyecto_final_sdk/devices/LPC845/drivers/fsl_pint.c.obj
                0x00003cac                PINT_EnableCallbackByIndex
 .text.PINT_CommonIRQHanlder
                0x00003d14       0xdc CMakeFiles/new_project.elf.dir/Users/lorenzo.poggi/Documents/GitHub/curso-lse/trabajo_integrador/sdks/proyecto_final_sdk/devices/LPC845/drivers/fsl_pint.c.obj
 .text.PIN_INT0_DriverIRQHandler
                0x00003df0       0x12 CMakeFiles/new_project.elf.dir/Users/lorenzo.poggi/Documents/GitHub/curso-lse/trabajo_integrador/sdks/proyecto_final_sdk/devices/LPC845/drivers/fsl_pint.c.obj
                0x00003df0                PIN_INT0_DriverIRQHandler
 .text.PIN_INT1_DriverIRQHandler
                0x00003e02       0x12 CMakeFiles/new_project.elf.dir/Users/lorenzo.poggi/Documents/GitHub/curso-lse/trabajo_integrador/sdks/proyecto_final_sdk/devices/LPC845/drivers/fsl_pint.c.obj
                0x00003e02                PIN_INT1_DriverIRQHandler
 .text.PIN_INT2_DriverIRQHandler
                0x00003e14       0x12 CMakeFiles/new_project.elf.dir/Users/lorenzo.poggi/Documents/GitHub/curso-lse/trabajo_integrador/sdks/proyecto_final_sdk/devices/LPC845/drivers/fsl_pint.c.obj
                0x00003e14                PIN_INT2_DriverIRQHandler
 .text.PIN_INT3_DriverIRQHandler
                0x00003e26       0x12 CMakeFiles/new_project.elf.dir/Users/lorenzo.poggi/Documents/GitHub/curso-lse/trabajo_integrador/sdks/proyecto_final_sdk/devices/LPC845/drivers/fsl_pint.c.obj
                0x00003e26                PIN_INT3_DriverIRQHandler
 .text.PIN_INT4_DriverIRQHandler
                0x00003e38       0x12 CMakeFiles/new_project.elf.dir/Users/lorenzo.poggi/Documents/GitHub/curso-lse/trabajo_integrador/sdks/proyecto_final_sdk/devices/LPC845/drivers/fsl_pint.c.obj
                0x00003e38                PIN_INT4_DriverIRQHandler
 .text.PIN_INT5_DAC1_IRQHandler
                0x00003e4a       0x12 CMakeFiles/new_project.elf.dir/Users/lorenzo.poggi/Documents/GitHub/curso-lse/trabajo_integrador/sdks/proyecto_final_sdk/devices/LPC845/drivers/fsl_pint.c.obj
                0x00003e4a                PIN_INT5_DAC1_IRQHandler
 .text.PIN_INT6_USART3_IRQHandler
                0x00003e5c       0x12 CMakeFiles/new_project.elf.dir/Users/lorenzo.poggi/Documents/GitHub/curso-lse/trabajo_integrador/sdks/proyecto_final_sdk/devices/LPC845/drivers/fsl_pint.c.obj
                0x00003e5c                PIN_INT6_USART3_IRQHandler
 .text.PIN_INT7_USART4_IRQHandler
                0x00003e6e       0x12 CMakeFiles/new_project.elf.dir/Users/lorenzo.poggi/Documents/GitHub/curso-lse/trabajo_integrador/sdks/proyecto_final_sdk/devices/LPC845/drivers/fsl_pint.c.obj
                0x00003e6e                PIN_INT7_USART4_IRQHandler
 .text.RESET_SetPeripheralReset
                0x00003e80       0x7c CMakeFiles/new_project.elf.dir/Users/lorenzo.poggi/Documents/GitHub/curso-lse/trabajo_integrador/sdks/proyecto_final_sdk/devices/LPC845/drivers/fsl_reset.c.obj
                0x00003e80                RESET_SetPeripheralReset
 .text.RESET_ClearPeripheralReset
                0x00003efc       0x78 CMakeFiles/new_project.elf.dir/Users/lorenzo.poggi/Documents/GitHub/curso-lse/trabajo_integrador/sdks/proyecto_final_sdk/devices/LPC845/drivers/fsl_reset.c.obj
                0x00003efc                RESET_ClearPeripheralReset
 .text.RESET_PeripheralReset
                0x00003f74       0x20 CMakeFiles/new_project.elf.dir/Users/lorenzo.poggi/Documents/GitHub/curso-lse/trabajo_integrador/sdks/proyecto_final_sdk/devices/LPC845/drivers/fsl_reset.c.obj
                0x00003f74                RESET_PeripheralReset
 .text.CLOCK_EnableClock
                0x00003f94       0x54 CMakeFiles/new_project.elf.dir/Users/lorenzo.poggi/Documents/GitHub/curso-lse/trabajo_integrador/sdks/proyecto_final_sdk/devices/LPC845/drivers/fsl_sctimer.c.obj
 .text.SCTIMER_StartTimer
                0x00003fe8      0x108 CMakeFiles/new_project.elf.dir/Users/lorenzo.poggi/Documents/GitHub/curso-lse/trabajo_integrador/sdks/proyecto_final_sdk/devices/LPC845/drivers/fsl_sctimer.c.obj
 .text.SCTIMER_StopTimer
                0x000040f0      0x104 CMakeFiles/new_project.elf.dir/Users/lorenzo.poggi/Documents/GitHub/curso-lse/trabajo_integrador/sdks/proyecto_final_sdk/devices/LPC845/drivers/fsl_sctimer.c.obj
 .text.SCTIMER_SetupOutputSetAction
                0x000041f4       0x58 CMakeFiles/new_project.elf.dir/Users/lorenzo.poggi/Documents/GitHub/curso-lse/trabajo_integrador/sdks/proyecto_final_sdk/devices/LPC845/drivers/fsl_sctimer.c.obj
 .text.SCTIMER_SetupOutputClearAction
                0x0000424c       0x5c CMakeFiles/new_project.elf.dir/Users/lorenzo.poggi/Documents/GitHub/curso-lse/trabajo_integrador/sdks/proyecto_final_sdk/devices/LPC845/drivers/fsl_sctimer.c.obj
 .text.SCTIMER_SetupCounterLimitAction
                0x000042a8       0xdc CMakeFiles/new_project.elf.dir/Users/lorenzo.poggi/Documents/GitHub/curso-lse/trabajo_integrador/sdks/proyecto_final_sdk/devices/LPC845/drivers/fsl_sctimer.c.obj
 .text.SCTIMER_GetInstance
                0x00004384       0x5c CMakeFiles/new_project.elf.dir/Users/lorenzo.poggi/Documents/GitHub/curso-lse/trabajo_integrador/sdks/proyecto_final_sdk/devices/LPC845/drivers/fsl_sctimer.c.obj
 .text.SCTIMER_Init
                0x000043e0      0x154 CMakeFiles/new_project.elf.dir/Users/lorenzo.poggi/Documents/GitHub/curso-lse/trabajo_integrador/sdks/proyecto_final_sdk/devices/LPC845/drivers/fsl_sctimer.c.obj
                0x000043e0                SCTIMER_Init
 .text.SCTIMER_GetDefaultConfig
                0x00004534       0x70 CMakeFiles/new_project.elf.dir/Users/lorenzo.poggi/Documents/GitHub/curso-lse/trabajo_integrador/sdks/proyecto_final_sdk/devices/LPC845/drivers/fsl_sctimer.c.obj
                0x00004534                SCTIMER_GetDefaultConfig
 .text.SCTIMER_SetupPwm
                0x000045a4      0x304 CMakeFiles/new_project.elf.dir/Users/lorenzo.poggi/Documents/GitHub/curso-lse/trabajo_integrador/sdks/proyecto_final_sdk/devices/LPC845/drivers/fsl_sctimer.c.obj
                0x000045a4                SCTIMER_SetupPwm
 .text.SCTIMER_UpdatePwmDutycycle
                0x000048a8      0x1b8 CMakeFiles/new_project.elf.dir/Users/lorenzo.poggi/Documents/GitHub/curso-lse/trabajo_integrador/sdks/proyecto_final_sdk/devices/LPC845/drivers/fsl_sctimer.c.obj
                0x000048a8                SCTIMER_UpdatePwmDutycycle
 .text.SCTIMER_CreateAndScheduleEvent
                0x00004a60      0x248 CMakeFiles/new_project.elf.dir/Users/lorenzo.poggi/Documents/GitHub/curso-lse/trabajo_integrador/sdks/proyecto_final_sdk/devices/LPC845/drivers/fsl_sctimer.c.obj
                0x00004a60                SCTIMER_CreateAndScheduleEvent
 .text.SCTIMER_EventHandleIRQ
                0x00004ca8       0x74 CMakeFiles/new_project.elf.dir/Users/lorenzo.poggi/Documents/GitHub/curso-lse/trabajo_integrador/sdks/proyecto_final_sdk/devices/LPC845/drivers/fsl_sctimer.c.obj
                0x00004ca8                SCTIMER_EventHandleIRQ
 .text.SCT0_DriverIRQHandler
                0x00004d1c       0x1c CMakeFiles/new_project.elf.dir/Users/lorenzo.poggi/Documents/GitHub/curso-lse/trabajo_integrador/sdks/proyecto_final_sdk/devices/LPC845/drivers/fsl_sctimer.c.obj
                0x00004d1c                SCT0_DriverIRQHandler
 .text.SWM_SetMovablePinSelect
                0x00004d38       0xa8 CMakeFiles/new_project.elf.dir/Users/lorenzo.poggi/Documents/GitHub/curso-lse/trabajo_integrador/sdks/proyecto_final_sdk/devices/LPC845/drivers/fsl_swm.c.obj
                0x00004d38                SWM_SetMovablePinSelect
 .text.SWM_SetFixedPinSelect
                0x00004de0       0xac CMakeFiles/new_project.elf.dir/Users/lorenzo.poggi/Documents/GitHub/curso-lse/trabajo_integrador/sdks/proyecto_final_sdk/devices/LPC845/drivers/fsl_swm.c.obj
                0x00004de0                SWM_SetFixedPinSelect
 .text.fsl_assert_hook
                0x00004e8c       0x16 CMakeFiles/new_project.elf.dir/Users/lorenzo.poggi/Documents/GitHub/curso-lse/trabajo_integrador/sdks/proyecto_final_sdk/devices/LPC845/utilities/debug_console_lite/fsl_assert.c.obj
                0x00004e8c                fsl_assert_hook
 *fill*         0x00004ea2        0x2 
 .text.__assert_func
                0x00004ea4       0x34 CMakeFiles/new_project.elf.dir/Users/lorenzo.poggi/Documents/GitHub/curso-lse/trabajo_integrador/sdks/proyecto_final_sdk/devices/LPC845/utilities/debug_console_lite/fsl_assert.c.obj
                0x00004ea4                __assert_func
 .text.DbgConsole_Printf
                0x00004ed8       0x32 CMakeFiles/new_project.elf.dir/Users/lorenzo.poggi/Documents/GitHub/curso-lse/trabajo_integrador/sdks/proyecto_final_sdk/devices/LPC845/utilities/debug_console_lite/fsl_debug_console.c.obj
                0x00004ed8                DbgConsole_Printf
 *fill*         0x00004f0a        0x2 
 .text.DbgConsole_Vprintf
                0x00004f0c       0x40 CMakeFiles/new_project.elf.dir/Users/lorenzo.poggi/Documents/GitHub/curso-lse/trabajo_integrador/sdks/proyecto_final_sdk/devices/LPC845/utilities/debug_console_lite/fsl_debug_console.c.obj
                0x00004f0c                DbgConsole_Vprintf
 .text.DbgConsole_Putchar
                0x00004f4c       0x30 CMakeFiles/new_project.elf.dir/Users/lorenzo.poggi/Documents/GitHub/curso-lse/trabajo_integrador/sdks/proyecto_final_sdk/devices/LPC845/utilities/debug_console_lite/fsl_debug_console.c.obj
                0x00004f4c                DbgConsole_Putchar
 .text.DbgConsole_PrintfPaddingCharacter
                0x00004f7c       0x48 CMakeFiles/new_project.elf.dir/Users/lorenzo.poggi/Documents/GitHub/curso-lse/trabajo_integrador/sdks/proyecto_final_sdk/devices/LPC845/utilities/debug_console_lite/fsl_debug_console.c.obj
 .text.DbgConsole_ConvertRadixNumToString
                0x00004fc4       0xc2 CMakeFiles/new_project.elf.dir/Users/lorenzo.poggi/Documents/GitHub/curso-lse/trabajo_integrador/sdks/proyecto_final_sdk/devices/LPC845/utilities/debug_console_lite/fsl_debug_console.c.obj
 .text.DbgConsole_PrintfFormattedData
                0x00005086      0x3da CMakeFiles/new_project.elf.dir/Users/lorenzo.poggi/Documents/GitHub/curso-lse/trabajo_integrador/sdks/proyecto_final_sdk/devices/LPC845/utilities/debug_console_lite/fsl_debug_console.c.obj
 .text.__muldi3
                0x00005460       0x5c /Applications/MCUXpressoIDE_24.12.148/ide/plugins/com.nxp.mcuxpresso.tools.macosx_24.12.0.202407110909/tools/bin/../lib/gcc/arm-none-eabi/13.2.1/thumb/v6-m/nofp/libgcc.a(_muldi3.o)
                0x00005460                __aeabi_lmul
                0x00005460                __muldi3
 .text.__fixunssfsi
                0x000054bc       0x30 /Applications/MCUXpressoIDE_24.12.148/ide/plugins/com.nxp.mcuxpresso.tools.macosx_24.12.0.202407110909/tools/bin/../lib/gcc/arm-none-eabi/13.2.1/thumb/v6-m/nofp/libgcc.a(_fixunssfsi.o)
                0x000054bc                __aeabi_f2uiz
                0x000054bc                __fixunssfsi
 .text.__udivmoddi4
                0x000054ec      0x198 /Applications/MCUXpressoIDE_24.12.148/ide/plugins/com.nxp.mcuxpresso.tools.macosx_24.12.0.202407110909/tools/bin/../lib/gcc/arm-none-eabi/13.2.1/thumb/v6-m/nofp/libgcc.a(_udivmoddi4.o)
                0x000054ec                __udivmoddi4
 .text.__eqsf2  0x00005684       0x50 /Applications/MCUXpressoIDE_24.12.148/ide/plugins/com.nxp.mcuxpresso.tools.macosx_24.12.0.202407110909/tools/bin/../lib/gcc/arm-none-eabi/13.2.1/thumb/v6-m/nofp/libgcc.a(eqsf2.o)
                0x00005684                __nesf2
                0x00005684                __eqsf2
 .text.__gesf2  0x000056d4       0x94 /Applications/MCUXpressoIDE_24.12.148/ide/plugins/com.nxp.mcuxpresso.tools.macosx_24.12.0.202407110909/tools/bin/../lib/gcc/arm-none-eabi/13.2.1/thumb/v6-m/nofp/libgcc.a(gesf2.o)
                0x000056d4                __gtsf2
                0x000056d4                __gesf2
 .text.__lesf2  0x00005768       0x90 /Applications/MCUXpressoIDE_24.12.148/ide/plugins/com.nxp.mcuxpresso.tools.macosx_24.12.0.202407110909/tools/bin/../lib/gcc/arm-none-eabi/13.2.1/thumb/v6-m/nofp/libgcc.a(lesf2.o)
                0x00005768                __lesf2
                0x00005768                __ltsf2
 .text.__aeabi_fsub
                0x000057f8      0x38c /Applications/MCUXpressoIDE_24.12.148/ide/plugins/com.nxp.mcuxpresso.tools.macosx_24.12.0.202407110909/tools/bin/../lib/gcc/arm-none-eabi/13.2.1/thumb/v6-m/nofp/libgcc.a(subsf3.o)
                0x000057f8                __aeabi_fsub
 .text.__aeabi_f2iz
                0x00005b84       0x40 /Applications/MCUXpressoIDE_24.12.148/ide/plugins/com.nxp.mcuxpresso.tools.macosx_24.12.0.202407110909/tools/bin/../lib/gcc/arm-none-eabi/13.2.1/thumb/v6-m/nofp/libgcc.a(fixsfsi.o)
                0x00005b84                __aeabi_f2iz
 .text.__aeabi_ui2f
                0x00005bc4       0x80 /Applications/MCUXpressoIDE_24.12.148/ide/plugins/com.nxp.mcuxpresso.tools.macosx_24.12.0.202407110909/tools/bin/../lib/gcc/arm-none-eabi/13.2.1/thumb/v6-m/nofp/libgcc.a(floatunsisf.o)
                0x00005bc4                __aeabi_ui2f
 .text.__aeabi_ddiv
                0x00005c44      0x604 /Applications/MCUXpressoIDE_24.12.148/ide/plugins/com.nxp.mcuxpresso.tools.macosx_24.12.0.202407110909/tools/bin/../lib/gcc/arm-none-eabi/13.2.1/thumb/v6-m/nofp/libgcc.a(divdf3.o)
                0x00005c44                __aeabi_ddiv
 .text.__aeabi_i2d
                0x00006248       0x5c /Applications/MCUXpressoIDE_24.12.148/ide/plugins/com.nxp.mcuxpresso.tools.macosx_24.12.0.202407110909/tools/bin/../lib/gcc/arm-none-eabi/13.2.1/thumb/v6-m/nofp/libgcc.a(floatsidf.o)
                0x00006248                __aeabi_i2d
 .text.__aeabi_d2f
                0x000062a4      0x10c /Applications/MCUXpressoIDE_24.12.148/ide/plugins/com.nxp.mcuxpresso.tools.macosx_24.12.0.202407110909/tools/bin/../lib/gcc/arm-none-eabi/13.2.1/thumb/v6-m/nofp/libgcc.a(truncdfsf2.o)
                0x000062a4                __aeabi_d2f
 .text.exit     0x000063b0       0x28 /Applications/MCUXpressoIDE_24.12.148/ide/plugins/com.nxp.mcuxpresso.tools.macosx_24.12.0.202407110909/tools/bin/../lib/gcc/arm-none-eabi/13.2.1/../../../../arm-none-eabi/lib/thumb/v6-m/nofp/libc_nano.a(libc_a-exit.o)
                0x000063b0                exit
 .text.memset   0x000063d8       0x10 /Applications/MCUXpressoIDE_24.12.148/ide/plugins/com.nxp.mcuxpresso.tools.macosx_24.12.0.202407110909/tools/bin/../lib/gcc/arm-none-eabi/13.2.1/../../../../arm-none-eabi/lib/thumb/v6-m/nofp/libc_nano.a(libc_a-memset.o)
                0x000063d8                memset
 .text.__libc_init_array
                0x000063e8       0x48 /Applications/MCUXpressoIDE_24.12.148/ide/plugins/com.nxp.mcuxpresso.tools.macosx_24.12.0.202407110909/tools/bin/../lib/gcc/arm-none-eabi/13.2.1/../../../../arm-none-eabi/lib/thumb/v6-m/nofp/libc_nano.a(libc_a-init.o)
                0x000063e8                __libc_init_array
 .text.memcpy   0x00006430       0x12 /Applications/MCUXpressoIDE_24.12.148/ide/plugins/com.nxp.mcuxpresso.tools.macosx_24.12.0.202407110909/tools/bin/../lib/gcc/arm-none-eabi/13.2.1/../../../../arm-none-eabi/lib/thumb/v6-m/nofp/libc_nano.a(libc_a-memcpy-stub.o)
                0x00006430                memcpy
 .text._exit    0x00006442        0x2 /Applications/MCUXpressoIDE_24.12.148/ide/plugins/com.nxp.mcuxpresso.tools.macosx_24.12.0.202407110909/tools/bin/../lib/gcc/arm-none-eabi/13.2.1/../../../../arm-none-eabi/lib/thumb/v6-m/nofp/libcr_newlib_nohost.a(_exit.o)
                0x00006442                _exit
 .text.xQueueGenericReset
                0x00006444      0x116 freertos/libfreertos.a(queue.c.obj)
                0x00006444                xQueueGenericReset
 .text.xQueueGenericCreate
                0x0000655a       0xbe freertos/libfreertos.a(queue.c.obj)
                0x0000655a                xQueueGenericCreate
 .text.prvInitialiseNewQueue
                0x00006618       0x4e freertos/libfreertos.a(queue.c.obj)
 .text.prvInitialiseMutex
                0x00006666       0x34 freertos/libfreertos.a(queue.c.obj)
 .text.xQueueCreateMutex
                0x0000669a       0x38 freertos/libfreertos.a(queue.c.obj)
                0x0000669a                xQueueCreateMutex
 .text.xQueueCreateCountingSemaphore
                0x000066d2       0x50 freertos/libfreertos.a(queue.c.obj)
                0x000066d2                xQueueCreateCountingSemaphore
 .text.xQueueGenericSend
                0x00006722      0x172 freertos/libfreertos.a(queue.c.obj)
                0x00006722                xQueueGenericSend
 .text.xQueueGenericSendFromISR
                0x00006894      0x114 freertos/libfreertos.a(queue.c.obj)
                0x00006894                xQueueGenericSendFromISR
 .text.xQueueGiveFromISR
                0x000069a8       0xf6 freertos/libfreertos.a(queue.c.obj)
                0x000069a8                xQueueGiveFromISR
 .text.xQueueSemaphoreTake
                0x00006a9e      0x192 freertos/libfreertos.a(queue.c.obj)
                0x00006a9e                xQueueSemaphoreTake
 .text.xQueuePeek
                0x00006c30      0x156 freertos/libfreertos.a(queue.c.obj)
                0x00006c30                xQueuePeek
 .text.uxQueueMessagesWaiting
                0x00006d86       0x2c freertos/libfreertos.a(queue.c.obj)
                0x00006d86                uxQueueMessagesWaiting
 .text.prvGetDisinheritPriorityAfterTimeout
                0x00006db2       0x2c freertos/libfreertos.a(queue.c.obj)
 .text.prvCopyDataToQueue
                0x00006dde       0xd6 freertos/libfreertos.a(queue.c.obj)
 .text.prvCopyDataFromQueue
                0x00006eb4       0x4c freertos/libfreertos.a(queue.c.obj)
 .text.prvUnlockQueue
                0x00006f00       0xbc freertos/libfreertos.a(queue.c.obj)
 .text.prvIsQueueEmpty
                0x00006fbc       0x2c freertos/libfreertos.a(queue.c.obj)
 .text.prvIsQueueFull
                0x00006fe8       0x30 freertos/libfreertos.a(queue.c.obj)
 .text.prvCreateTask
                0x00007018       0x82 freertos/libfreertos.a(tasks.c.obj)
 .text.xTaskCreate
                0x0000709a       0x4c freertos/libfreertos.a(tasks.c.obj)
                0x0000709a                xTaskCreate
 *fill*         0x000070e6        0x2 
 .text.prvInitialiseNewTask
                0x000070e8      0x108 freertos/libfreertos.a(tasks.c.obj)
 .text.prvAddNewTaskToReadyList
                0x000071f0      0x120 freertos/libfreertos.a(tasks.c.obj)
 .text.vTaskDelete
                0x00007310       0xec freertos/libfreertos.a(tasks.c.obj)
                0x00007310                vTaskDelete
 .text.vTaskDelay
                0x000073fc       0x4c freertos/libfreertos.a(tasks.c.obj)
                0x000073fc                vTaskDelay
 .text.prvCreateIdleTasks
                0x00007448       0x98 freertos/libfreertos.a(tasks.c.obj)
 .text.vTaskStartScheduler
                0x000074e0       0x58 freertos/libfreertos.a(tasks.c.obj)
                0x000074e0                vTaskStartScheduler
 .text.vTaskSuspendAll
                0x00007538       0x18 freertos/libfreertos.a(tasks.c.obj)
                0x00007538                vTaskSuspendAll
 .text.prvGetExpectedIdleTime
                0x00007550       0x70 freertos/libfreertos.a(tasks.c.obj)
 .text.xTaskResumeAll
                0x000075c0      0x1ec freertos/libfreertos.a(tasks.c.obj)
                0x000075c0                xTaskResumeAll
 .text.uxTaskGetNumberOfTasks
                0x000077ac       0x14 freertos/libfreertos.a(tasks.c.obj)
                0x000077ac                uxTaskGetNumberOfTasks
 .text.vTaskStepTick
                0x000077c0       0x84 freertos/libfreertos.a(tasks.c.obj)
                0x000077c0                vTaskStepTick
 .text.xTaskIncrementTick
                0x00007844      0x21c freertos/libfreertos.a(tasks.c.obj)
                0x00007844                xTaskIncrementTick
 .text.vTaskSwitchContext
                0x00007a60       0xa8 freertos/libfreertos.a(tasks.c.obj)
                0x00007a60                vTaskSwitchContext
 .text.vTaskPlaceOnEventList
                0x00007b08       0x40 freertos/libfreertos.a(tasks.c.obj)
                0x00007b08                vTaskPlaceOnEventList
 .text.xTaskRemoveFromEventList
                0x00007b48      0x1a0 freertos/libfreertos.a(tasks.c.obj)
                0x00007b48                xTaskRemoveFromEventList
 .text.vTaskInternalSetTimeOutState
                0x00007ce8       0x28 freertos/libfreertos.a(tasks.c.obj)
                0x00007ce8                vTaskInternalSetTimeOutState
 .text.xTaskCheckForTimeOut
                0x00007d10       0xac freertos/libfreertos.a(tasks.c.obj)
                0x00007d10                xTaskCheckForTimeOut
 .text.vTaskMissedYield
                0x00007dbc       0x14 freertos/libfreertos.a(tasks.c.obj)
                0x00007dbc                vTaskMissedYield
 .text.prvIdleTask
                0x00007dd0       0x64 freertos/libfreertos.a(tasks.c.obj)
 .text.eTaskConfirmSleepModeStatus
                0x00007e34       0x78 freertos/libfreertos.a(tasks.c.obj)
                0x00007e34                eTaskConfirmSleepModeStatus
 .text.prvInitialiseTaskLists
                0x00007eac       0x88 freertos/libfreertos.a(tasks.c.obj)
 .text.prvCheckTasksWaitingTermination
                0x00007f34       0x5c freertos/libfreertos.a(tasks.c.obj)
 .text.prvDeleteTCB
                0x00007f90       0x22 freertos/libfreertos.a(tasks.c.obj)
 *fill*         0x00007fb2        0x2 
 .text.prvResetNextTaskUnblockTime
                0x00007fb4       0x34 freertos/libfreertos.a(tasks.c.obj)
 .text.xTaskPriorityInherit
                0x00007fe8      0x124 freertos/libfreertos.a(tasks.c.obj)
                0x00007fe8                xTaskPriorityInherit
 .text.xTaskPriorityDisinherit
                0x0000810c      0x10c freertos/libfreertos.a(tasks.c.obj)
                0x0000810c                xTaskPriorityDisinherit
 .text.vTaskPriorityDisinheritAfterTimeout
                0x00008218      0x134 freertos/libfreertos.a(tasks.c.obj)
                0x00008218                vTaskPriorityDisinheritAfterTimeout
 .text.pvTaskIncrementMutexHeldCount
                0x0000834c       0x2c freertos/libfreertos.a(tasks.c.obj)
                0x0000834c                pvTaskIncrementMutexHeldCount
 .text.prvAddCurrentTaskToDelayedList
                0x00008378       0xe4 freertos/libfreertos.a(tasks.c.obj)
 .text.pvPortMalloc
                0x0000845c      0x140 freertos/libfreertos.a(heap_2.c.obj)
                0x0000845c                pvPortMalloc
 .text.vPortFree
                0x0000859c       0xac freertos/libfreertos.a(heap_2.c.obj)
                0x0000859c                vPortFree
 .text.prvHeapInit
                0x00008648       0x50 freertos/libfreertos.a(heap_2.c.obj)
 .text.pxPortInitialiseStack
                0x00008698       0x54 freertos/libfreertos.a(port.c.obj)
                0x00008698                pxPortInitialiseStack
 .text.prvTaskExitError
                0x000086ec       0x30 freertos/libfreertos.a(port.c.obj)
 .text.SVC_Handler
                0x0000871c        0xa freertos/libfreertos.a(port.c.obj)
                0x0000871c                SVC_Handler
 *fill*         0x00008726        0xa 
 .text.vPortStartFirstTask
                0x00008730       0x38 freertos/libfreertos.a(port.c.obj)
 .text.xPortStartScheduler
                0x00008768       0x48 freertos/libfreertos.a(port.c.obj)
                0x00008768                xPortStartScheduler
 .text.vPortYield
                0x000087b0       0x20 freertos/libfreertos.a(port.c.obj)
                0x000087b0                vPortYield
 .text.vPortEnterCritical
                0x000087d0       0x24 freertos/libfreertos.a(port.c.obj)
                0x000087d0                vPortEnterCritical
 .text.vPortExitCritical
                0x000087f4       0x30 freertos/libfreertos.a(port.c.obj)
                0x000087f4                vPortExitCritical
 .text.ulSetInterruptMaskFromISR
                0x00008824        0xc freertos/libfreertos.a(port.c.obj)
                0x00008824                ulSetInterruptMaskFromISR
 .text.vClearInterruptMaskFromISR
                0x00008830        0x8 freertos/libfreertos.a(port.c.obj)
                0x00008830                vClearInterruptMaskFromISR
 *fill*         0x00008838        0x8 
 .text.PendSV_Handler
                0x00008840       0x48 freertos/libfreertos.a(port.c.obj)
                0x00008840                PendSV_Handler
 .text.SysTick_Handler
                0x00008888       0x34 freertos/libfreertos.a(port.c.obj)
                0x00008888                SysTick_Handler
 .text.vPortSetupTimerInterrupt
                0x000088bc       0x84 freertos/libfreertos.a(port.c.obj)
                0x000088bc                vPortSetupTimerInterrupt
 .text.vPortSuppressTicksAndSleep
                0x00008940      0x194 freertos/libfreertos.a(port.c.obj)
                0x00008940                vPortSuppressTicksAndSleep
 .text.vListInitialise
                0x00008ad4       0x3c freertos/libfreertos.a(list.c.obj)
                0x00008ad4                vListInitialise
 .text.vListInitialiseItem
                0x00008b10       0x16 freertos/libfreertos.a(list.c.obj)
                0x00008b10                vListInitialiseItem
 .text.vListInsertEnd
                0x00008b26       0x44 freertos/libfreertos.a(list.c.obj)
                0x00008b26                vListInsertEnd
 .text.vListInsert
                0x00008b6a       0x6c freertos/libfreertos.a(list.c.obj)
                0x00008b6a                vListInsert
 .text.uxListRemove
                0x00008bd6       0x50 freertos/libfreertos.a(list.c.obj)
                0x00008bd6                uxListRemove
 *(.rodata)
 *fill*         0x00008c26        0x2 
 .rodata        0x00008c28       0x61 CMakeFiles/new_project.elf.dir/Users/lorenzo.poggi/Documents/GitHub/curso-lse/trabajo_integrador/proyecto_final/main.c.obj
 *fill*         0x00008c89        0x3 
 .rodata        0x00008c8c       0x8c CMakeFiles/new_project.elf.dir/Users/lorenzo.poggi/Documents/GitHub/curso-lse/trabajo_integrador/proyecto_final/clock_config.c.obj
 .rodata        0x00008d18       0x6c CMakeFiles/new_project.elf.dir/Users/lorenzo.poggi/Documents/GitHub/curso-lse/trabajo_integrador/proyecto_final/app_tasks.c.obj
 .rodata        0x00008d84      0x210 CMakeFiles/new_project.elf.dir/Users/lorenzo.poggi/Documents/GitHub/curso-lse/trabajo_integrador/proyecto_final/wrappers.c.obj
 .rodata        0x00008f94       0xd1 CMakeFiles/new_project.elf.dir/Users/lorenzo.poggi/Documents/GitHub/curso-lse/trabajo_integrador/sdks/proyecto_final_sdk/devices/LPC845/drivers/fsl_capt.c.obj
 *fill*         0x00009065        0x3 
 .rodata        0x00009068       0xe0 CMakeFiles/new_project.elf.dir/Users/lorenzo.poggi/Documents/GitHub/curso-lse/trabajo_integrador/sdks/proyecto_final_sdk/devices/LPC845/drivers/fsl_clock.c.obj
 .rodata        0x00009148       0x97 CMakeFiles/new_project.elf.dir/Users/lorenzo.poggi/Documents/GitHub/curso-lse/trabajo_integrador/sdks/proyecto_final_sdk/devices/LPC845/drivers/fsl_common_arm.c.obj
 *fill*         0x000091df        0x1 
 .rodata        0x000091e0       0xe8 CMakeFiles/new_project.elf.dir/Users/lorenzo.poggi/Documents/GitHub/curso-lse/trabajo_integrador/sdks/proyecto_final_sdk/devices/LPC845/drivers/fsl_adc.c.obj
 .rodata        0x000092c8       0xa1 CMakeFiles/new_project.elf.dir/Users/lorenzo.poggi/Documents/GitHub/curso-lse/trabajo_integrador/sdks/proyecto_final_sdk/devices/LPC845/drivers/fsl_gpio.c.obj
 *fill*         0x00009369        0x3 
 .rodata        0x0000936c      0x194 CMakeFiles/new_project.elf.dir/Users/lorenzo.poggi/Documents/GitHub/curso-lse/trabajo_integrador/sdks/proyecto_final_sdk/devices/LPC845/drivers/fsl_i2c.c.obj
 .rodata        0x00009500       0xb1 CMakeFiles/new_project.elf.dir/Users/lorenzo.poggi/Documents/GitHub/curso-lse/trabajo_integrador/sdks/proyecto_final_sdk/devices/LPC845/drivers/fsl_pint.c.obj
 *fill*         0x000095b1        0x3 
 .rodata        0x000095b4       0x8e CMakeFiles/new_project.elf.dir/Users/lorenzo.poggi/Documents/GitHub/curso-lse/trabajo_integrador/sdks/proyecto_final_sdk/devices/LPC845/drivers/fsl_reset.c.obj
 *fill*         0x00009642        0x2 
 .rodata        0x00009644      0x2af CMakeFiles/new_project.elf.dir/Users/lorenzo.poggi/Documents/GitHub/curso-lse/trabajo_integrador/sdks/proyecto_final_sdk/devices/LPC845/drivers/fsl_sctimer.c.obj
 *fill*         0x000098f3        0x1 
 .rodata        0x000098f4       0xaa CMakeFiles/new_project.elf.dir/Users/lorenzo.poggi/Documents/GitHub/curso-lse/trabajo_integrador/sdks/proyecto_final_sdk/devices/LPC845/drivers/fsl_swm.c.obj
 *fill*         0x0000999e        0x2 
 .rodata        0x000099a0       0x3e CMakeFiles/new_project.elf.dir/Users/lorenzo.poggi/Documents/GitHub/curso-lse/trabajo_integrador/sdks/proyecto_final_sdk/devices/LPC845/utilities/debug_console_lite/fsl_assert.c.obj
 *fill*         0x000099de        0x2 
 .rodata        0x000099e0        0x5 freertos/libfreertos.a(tasks.c.obj)
 *(.rodata*)
 *fill*         0x000099e5        0x3 
 .rodata.__func__.0
                0x000099e8       0x17 CMakeFiles/new_project.elf.dir/Users/lorenzo.poggi/Documents/GitHub/curso-lse/trabajo_integrador/proyecto_final/clock_config.c.obj
 *fill*         0x000099ff        0x1 
 .rodata.__func__.0
                0x00009a00       0x13 CMakeFiles/new_project.elf.dir/Users/lorenzo.poggi/Documents/GitHub/curso-lse/trabajo_integrador/proyecto_final/wrappers.c.obj
 *fill*         0x00009a13        0x1 
 .rodata.__func__.3
                0x00009a14       0x11 CMakeFiles/new_project.elf.dir/Users/lorenzo.poggi/Documents/GitHub/curso-lse/trabajo_integrador/sdks/proyecto_final_sdk/devices/LPC845/drivers/fsl_capt.c.obj
 *fill*         0x00009a25        0x3 
 .rodata.__func__.2
                0x00009a28        0xa CMakeFiles/new_project.elf.dir/Users/lorenzo.poggi/Documents/GitHub/curso-lse/trabajo_integrador/sdks/proyecto_final_sdk/devices/LPC845/drivers/fsl_capt.c.obj
 *fill*         0x00009a32        0x2 
 .rodata.__func__.1
                0x00009a34       0x16 CMakeFiles/new_project.elf.dir/Users/lorenzo.poggi/Documents/GitHub/curso-lse/trabajo_integrador/sdks/proyecto_final_sdk/devices/LPC845/drivers/fsl_capt.c.obj
 *fill*         0x00009a4a        0x2 
 .rodata.__func__.0
                0x00009a4c       0x12 CMakeFiles/new_project.elf.dir/Users/lorenzo.poggi/Documents/GitHub/curso-lse/trabajo_integrador/sdks/proyecto_final_sdk/devices/LPC845/drivers/fsl_capt.c.obj
 *fill*         0x00009a5e        0x2 
 .rodata.CLOCK_GetFreq
                0x00009a60       0x24 CMakeFiles/new_project.elf.dir/Users/lorenzo.poggi/Documents/GitHub/curso-lse/trabajo_integrador/sdks/proyecto_final_sdk/devices/LPC845/drivers/fsl_clock.c.obj
 .rodata.__func__.2
                0x00009a84       0x13 CMakeFiles/new_project.elf.dir/Users/lorenzo.poggi/Documents/GitHub/curso-lse/trabajo_integrador/sdks/proyecto_final_sdk/devices/LPC845/drivers/fsl_clock.c.obj
 *fill*         0x00009a97        0x1 
 .rodata.__func__.0
                0x00009a98       0x13 CMakeFiles/new_project.elf.dir/Users/lorenzo.poggi/Documents/GitHub/curso-lse/trabajo_integrador/sdks/proyecto_final_sdk/devices/LPC845/drivers/fsl_common_arm.c.obj
 *fill*         0x00009aab        0x1 
 .rodata.__func__.7
                0x00009aac       0x10 CMakeFiles/new_project.elf.dir/Users/lorenzo.poggi/Documents/GitHub/curso-lse/trabajo_integrador/sdks/proyecto_final_sdk/devices/LPC845/drivers/fsl_adc.c.obj
 .rodata.__func__.6
                0x00009abc        0x9 CMakeFiles/new_project.elf.dir/Users/lorenzo.poggi/Documents/GitHub/curso-lse/trabajo_integrador/sdks/proyecto_final_sdk/devices/LPC845/drivers/fsl_adc.c.obj
 *fill*         0x00009ac5        0x3 
 .rodata.__func__.5
                0x00009ac8       0x16 CMakeFiles/new_project.elf.dir/Users/lorenzo.poggi/Documents/GitHub/curso-lse/trabajo_integrador/sdks/proyecto_final_sdk/devices/LPC845/drivers/fsl_adc.c.obj
 *fill*         0x00009ade        0x2 
 .rodata.__func__.4
                0x00009ae0       0x16 CMakeFiles/new_project.elf.dir/Users/lorenzo.poggi/Documents/GitHub/curso-lse/trabajo_integrador/sdks/proyecto_final_sdk/devices/LPC845/drivers/fsl_adc.c.obj
 *fill*         0x00009af6        0x2 
 .rodata.__func__.0
                0x00009af8       0x1f CMakeFiles/new_project.elf.dir/Users/lorenzo.poggi/Documents/GitHub/curso-lse/trabajo_integrador/sdks/proyecto_final_sdk/devices/LPC845/drivers/fsl_adc.c.obj
 *fill*         0x00009b17        0x1 
 .rodata.s_gpioClockName
                0x00009b18        0x4 CMakeFiles/new_project.elf.dir/Users/lorenzo.poggi/Documents/GitHub/curso-lse/trabajo_integrador/sdks/proyecto_final_sdk/devices/LPC845/drivers/fsl_gpio.c.obj
 .rodata.s_gpioResets
                0x00009b1c        0x8 CMakeFiles/new_project.elf.dir/Users/lorenzo.poggi/Documents/GitHub/curso-lse/trabajo_integrador/sdks/proyecto_final_sdk/devices/LPC845/drivers/fsl_gpio.c.obj
 .rodata.__func__.0
                0x00009b24       0x15 CMakeFiles/new_project.elf.dir/Users/lorenzo.poggi/Documents/GitHub/curso-lse/trabajo_integrador/sdks/proyecto_final_sdk/devices/LPC845/drivers/fsl_gpio.c.obj
 *fill*         0x00009b39        0x3 
 .rodata.s_i2cBases
                0x00009b3c       0x10 CMakeFiles/new_project.elf.dir/Users/lorenzo.poggi/Documents/GitHub/curso-lse/trabajo_integrador/sdks/proyecto_final_sdk/devices/LPC845/drivers/fsl_i2c.c.obj
 .rodata.s_i2cClocks
                0x00009b4c        0x8 CMakeFiles/new_project.elf.dir/Users/lorenzo.poggi/Documents/GitHub/curso-lse/trabajo_integrador/sdks/proyecto_final_sdk/devices/LPC845/drivers/fsl_i2c.c.obj
 .rodata.s_i2cResets
                0x00009b54       0x10 CMakeFiles/new_project.elf.dir/Users/lorenzo.poggi/Documents/GitHub/curso-lse/trabajo_integrador/sdks/proyecto_final_sdk/devices/LPC845/drivers/fsl_i2c.c.obj
 .rodata.__func__.13
                0x00009b64       0x10 CMakeFiles/new_project.elf.dir/Users/lorenzo.poggi/Documents/GitHub/curso-lse/trabajo_integrador/sdks/proyecto_final_sdk/devices/LPC845/drivers/fsl_i2c.c.obj
 .rodata.__func__.12
                0x00009b74       0x16 CMakeFiles/new_project.elf.dir/Users/lorenzo.poggi/Documents/GitHub/curso-lse/trabajo_integrador/sdks/proyecto_final_sdk/devices/LPC845/drivers/fsl_i2c.c.obj
 *fill*         0x00009b8a        0x2 
 .rodata.__func__.11
                0x00009b8c       0x18 CMakeFiles/new_project.elf.dir/Users/lorenzo.poggi/Documents/GitHub/curso-lse/trabajo_integrador/sdks/proyecto_final_sdk/devices/LPC845/drivers/fsl_i2c.c.obj
 .rodata.__func__.10
                0x00009ba4       0x17 CMakeFiles/new_project.elf.dir/Users/lorenzo.poggi/Documents/GitHub/curso-lse/trabajo_integrador/sdks/proyecto_final_sdk/devices/LPC845/drivers/fsl_i2c.c.obj
 *fill*         0x00009bbb        0x1 
 .rodata.s_pintIRQ
                0x00009bbc        0x8 CMakeFiles/new_project.elf.dir/Users/lorenzo.poggi/Documents/GitHub/curso-lse/trabajo_integrador/sdks/proyecto_final_sdk/devices/LPC845/drivers/fsl_pint.c.obj
 .rodata.__func__.10
                0x00009bc4       0x11 CMakeFiles/new_project.elf.dir/Users/lorenzo.poggi/Documents/GitHub/curso-lse/trabajo_integrador/sdks/proyecto_final_sdk/devices/LPC845/drivers/fsl_pint.c.obj
 *fill*         0x00009bd5        0x3 
 .rodata.__func__.9
                0x00009bd8        0xa CMakeFiles/new_project.elf.dir/Users/lorenzo.poggi/Documents/GitHub/curso-lse/trabajo_integrador/sdks/proyecto_final_sdk/devices/LPC845/drivers/fsl_pint.c.obj
 *fill*         0x00009be2        0x2 
 .rodata.__func__.8
                0x00009be4       0x18 CMakeFiles/new_project.elf.dir/Users/lorenzo.poggi/Documents/GitHub/curso-lse/trabajo_integrador/sdks/proyecto_final_sdk/devices/LPC845/drivers/fsl_pint.c.obj
 .rodata.__func__.3
                0x00009bfc       0x1b CMakeFiles/new_project.elf.dir/Users/lorenzo.poggi/Documents/GitHub/curso-lse/trabajo_integrador/sdks/proyecto_final_sdk/devices/LPC845/drivers/fsl_pint.c.obj
 *fill*         0x00009c17        0x1 
 .rodata.__func__.1
                0x00009c18       0x19 CMakeFiles/new_project.elf.dir/Users/lorenzo.poggi/Documents/GitHub/curso-lse/trabajo_integrador/sdks/proyecto_final_sdk/devices/LPC845/drivers/fsl_reset.c.obj
 *fill*         0x00009c31        0x3 
 .rodata.__func__.0
                0x00009c34       0x1b CMakeFiles/new_project.elf.dir/Users/lorenzo.poggi/Documents/GitHub/curso-lse/trabajo_integrador/sdks/proyecto_final_sdk/devices/LPC845/drivers/fsl_reset.c.obj
 *fill*         0x00009c4f        0x1 
 .rodata.__func__.10
                0x00009c50       0x14 CMakeFiles/new_project.elf.dir/Users/lorenzo.poggi/Documents/GitHub/curso-lse/trabajo_integrador/sdks/proyecto_final_sdk/devices/LPC845/drivers/fsl_sctimer.c.obj
 .rodata.__func__.9
                0x00009c64        0xd CMakeFiles/new_project.elf.dir/Users/lorenzo.poggi/Documents/GitHub/curso-lse/trabajo_integrador/sdks/proyecto_final_sdk/devices/LPC845/drivers/fsl_sctimer.c.obj
 *fill*         0x00009c71        0x3 
 .rodata.__func__.8
                0x00009c74       0x19 CMakeFiles/new_project.elf.dir/Users/lorenzo.poggi/Documents/GitHub/curso-lse/trabajo_integrador/sdks/proyecto_final_sdk/devices/LPC845/drivers/fsl_sctimer.c.obj
 *fill*         0x00009c8d        0x3 
 .rodata.__func__.7
                0x00009c90       0x11 CMakeFiles/new_project.elf.dir/Users/lorenzo.poggi/Documents/GitHub/curso-lse/trabajo_integrador/sdks/proyecto_final_sdk/devices/LPC845/drivers/fsl_sctimer.c.obj
 *fill*         0x00009ca1        0x3 
 .rodata.__func__.6
                0x00009ca4       0x20 CMakeFiles/new_project.elf.dir/Users/lorenzo.poggi/Documents/GitHub/curso-lse/trabajo_integrador/sdks/proyecto_final_sdk/devices/LPC845/drivers/fsl_sctimer.c.obj
 .rodata.__func__.5
                0x00009cc4       0x1f CMakeFiles/new_project.elf.dir/Users/lorenzo.poggi/Documents/GitHub/curso-lse/trabajo_integrador/sdks/proyecto_final_sdk/devices/LPC845/drivers/fsl_sctimer.c.obj
 *fill*         0x00009ce3        0x1 
 .rodata.__func__.4
                0x00009ce4       0x1d CMakeFiles/new_project.elf.dir/Users/lorenzo.poggi/Documents/GitHub/curso-lse/trabajo_integrador/sdks/proyecto_final_sdk/devices/LPC845/drivers/fsl_sctimer.c.obj
 *fill*         0x00009d01        0x3 
 .rodata.__func__.3
                0x00009d04       0x1b CMakeFiles/new_project.elf.dir/Users/lorenzo.poggi/Documents/GitHub/curso-lse/trabajo_integrador/sdks/proyecto_final_sdk/devices/LPC845/drivers/fsl_sctimer.c.obj
 *fill*         0x00009d1f        0x1 
 .rodata.__func__.2
                0x00009d20       0x12 CMakeFiles/new_project.elf.dir/Users/lorenzo.poggi/Documents/GitHub/curso-lse/trabajo_integrador/sdks/proyecto_final_sdk/devices/LPC845/drivers/fsl_sctimer.c.obj
 *fill*         0x00009d32        0x2 
 .rodata.__func__.1
                0x00009d34       0x13 CMakeFiles/new_project.elf.dir/Users/lorenzo.poggi/Documents/GitHub/curso-lse/trabajo_integrador/sdks/proyecto_final_sdk/devices/LPC845/drivers/fsl_sctimer.c.obj
 *fill*         0x00009d47        0x1 
 .rodata.__func__.1
                0x00009d48       0x18 CMakeFiles/new_project.elf.dir/Users/lorenzo.poggi/Documents/GitHub/curso-lse/trabajo_integrador/sdks/proyecto_final_sdk/devices/LPC845/drivers/fsl_swm.c.obj
 .rodata.__func__.0
                0x00009d60       0x16 CMakeFiles/new_project.elf.dir/Users/lorenzo.poggi/Documents/GitHub/curso-lse/trabajo_integrador/sdks/proyecto_final_sdk/devices/LPC845/drivers/fsl_swm.c.obj
 *fill*         0x00009d76        0x2 
 .rodata.__aeabi_ddiv
                0x00009d78       0x40 /Applications/MCUXpressoIDE_24.12.148/ide/plugins/com.nxp.mcuxpresso.tools.macosx_24.12.0.202407110909/tools/bin/../lib/gcc/arm-none-eabi/13.2.1/thumb/v6-m/nofp/libgcc.a(divdf3.o)
 .rodata.uxTopUsedPriority
                0x00009db8        0x4 freertos/libfreertos.a(tasks.c.obj)
 *(.glue_7)
 .glue_7        0x00009dbc        0x0 linker stubs
 *(.glue_7t)
 .glue_7t       0x00009dbc        0x0 linker stubs
 *(.eh_frame)
 .eh_frame      0x00009dbc        0x0 /Applications/MCUXpressoIDE_24.12.148/ide/plugins/com.nxp.mcuxpresso.tools.macosx_24.12.0.202407110909/tools/bin/../lib/gcc/arm-none-eabi/13.2.1/thumb/v6-m/nofp/crtbegin.o
 *(.init)
 .init          0x00009dbc        0x4 /Applications/MCUXpressoIDE_24.12.148/ide/plugins/com.nxp.mcuxpresso.tools.macosx_24.12.0.202407110909/tools/bin/../lib/gcc/arm-none-eabi/13.2.1/thumb/v6-m/nofp/crti.o
                0x00009dbc                _init
 .init          0x00009dc0        0x8 /Applications/MCUXpressoIDE_24.12.148/ide/plugins/com.nxp.mcuxpresso.tools.macosx_24.12.0.202407110909/tools/bin/../lib/gcc/arm-none-eabi/13.2.1/thumb/v6-m/nofp/crtn.o
 *(.fini)
 .fini          0x00009dc8        0x4 /Applications/MCUXpressoIDE_24.12.148/ide/plugins/com.nxp.mcuxpresso.tools.macosx_24.12.0.202407110909/tools/bin/../lib/gcc/arm-none-eabi/13.2.1/thumb/v6-m/nofp/crti.o
                0x00009dc8                _fini
 .fini          0x00009dcc        0x8 /Applications/MCUXpressoIDE_24.12.148/ide/plugins/com.nxp.mcuxpresso.tools.macosx_24.12.0.202407110909/tools/bin/../lib/gcc/arm-none-eabi/13.2.1/thumb/v6-m/nofp/crtn.o
                0x00009dd4                        . = ALIGN (0x4)

.vfp11_veneer   0x00009dd4        0x0
 .vfp11_veneer  0x00009dd4        0x0 linker stubs

.v4_bx          0x00009dd4        0x0
 .v4_bx         0x00009dd4        0x0 linker stubs

.iplt           0x00009dd4        0x0
 .iplt          0x00009dd4        0x0 /Applications/MCUXpressoIDE_24.12.148/ide/plugins/com.nxp.mcuxpresso.tools.macosx_24.12.0.202407110909/tools/bin/../lib/gcc/arm-none-eabi/13.2.1/thumb/v6-m/nofp/crtbegin.o

.ARM.extab
 *(.ARM.extab* .gnu.linkonce.armextab.*)

.ARM            0x00009dd4        0x8
                0x00009dd4                        __exidx_start = .
 *(.ARM.exidx*)
 .ARM.exidx     0x00009dd4        0x8 /Applications/MCUXpressoIDE_24.12.148/ide/plugins/com.nxp.mcuxpresso.tools.macosx_24.12.0.202407110909/tools/bin/../lib/gcc/arm-none-eabi/13.2.1/../../../../arm-none-eabi/lib/thumb/v6-m/nofp/crt0.o
                                 0x10 (size before relaxing)
 .ARM.exidx.text.__udivmoddi4