/Users/lorenzo.poggi/Documents/GitHub/curso-lse/trabajo_integrador/sdks/proyecto_final_sdk/devices/LPC845/drivers/./fsl_gpio.h:153:20:GPIO_PinWrite	24	static
/Users/lorenzo.poggi/Documents/GitHub/curso-lse/trabajo_integrador/sdks/proyecto_final_sdk/devices/LPC845/drivers/./fsl_gpio.h:172:24:GPIO_PinRead	24	static
/Users/lorenzo.poggi/Documents/GitHub/curso-lse/trabajo_integrador/sdks/proyecto_final_sdk/devices/LPC845/drivers/./fsl_gpio.h:210:20:GPIO_PortToggle	24	static
/Users/lorenzo.poggi/Documents/GitHub/curso-lse/trabajo_integrador/sdks/proyecto_final_sdk/devices/LPC845/drivers/./fsl_adc.h:497:20:ADC_DoSoftwareTriggerConvSeqA	16	static
/Users/lorenzo.poggi/Documents/GitHub/curso-lse/trabajo_integrador/proyecto_final/wrappers.h:45:20:wrapper_gpio_init	16	static
/Users/lorenzo.poggi/Documents/GitHub/curso-lse/trabajo_integrador/proyecto_final/wrappers.h:54:20:wrapper_btn_get	24	static
/Users/lorenzo.poggi/Documents/GitHub/curso-lse/trabajo_integrador/proyecto_final/wrappers.h:64:20:wrapper_output_init	40	static
/Users/lorenzo.poggi/Documents/GitHub/curso-lse/trabajo_integrador/proyecto_final/wrappers.h:74:24:wrapper_gpio_get_port	24	static
/Users/lorenzo.poggi/Documents/GitHub/curso-lse/trabajo_integrador/proyecto_final/wrappers.h:84:24:wrapper_gpio_get_pin	24	static
/Users/lorenzo.poggi/Documents/GitHub/curso-lse/trabajo_integrador/proyecto_final/wrappers.h:93:20:wrapper_output_toggle	32	static
/Users/lorenzo.poggi/Documents/GitHub/curso-lse/trabajo_integrador/proyecto_final/wrappers.h:101:20:wrapper_display_off	8	static
/Users/lorenzo.poggi/Documents/GitHub/curso-lse/trabajo_integrador/proyecto_final/wrappers.h:111:20:wrapper_display_on	24	static
/Users/lorenzo.poggi/Documents/GitHub/curso-lse/trabajo_integrador/proyecto_final/app_tasks.h:76:20:wrapper_btn_get_with_debouncing_with_pull_up	24	static
/Users/lorenzo.poggi/Documents/GitHub/curso-lse/trabajo_integrador/proyecto_final/app_tasks.c:36:6:tarea_inic	96	static
/Users/lorenzo.poggi/Documents/GitHub/curso-lse/trabajo_integrador/proyecto_final/app_tasks.c:84:6:tarea_setpoint	56	static
/Users/lorenzo.poggi/Documents/GitHub/curso-lse/trabajo_integrador/proyecto_final/app_tasks.c:105:6:tarea_adc	16	static
/Users/lorenzo.poggi/Documents/GitHub/curso-lse/trabajo_integrador/proyecto_final/app_tasks.c:118:6:tarea_display_change	32	static
/Users/lorenzo.poggi/Documents/GitHub/curso-lse/trabajo_integrador/proyecto_final/app_tasks.c:132:6:tarea_control	32	static
/Users/lorenzo.poggi/Documents/GitHub/curso-lse/trabajo_integrador/proyecto_final/app_tasks.c:161:6:tarea_display	64	static
/Users/lorenzo.poggi/Documents/GitHub/curso-lse/trabajo_integrador/proyecto_final/app_tasks.c:183:6:tarea_pwm	112	static
/Users/lorenzo.poggi/Documents/GitHub/curso-lse/trabajo_integrador/proyecto_final/app_tasks.c:209:6:tarea_bh1750	24	static
/Users/lorenzo.poggi/Documents/GitHub/curso-lse/trabajo_integrador/proyecto_final/app_tasks.c:235:6:tarea_buzzer	40	static
/Users/lorenzo.poggi/Documents/GitHub/curso-lse/trabajo_integrador/proyecto_final/app_tasks.c:250:6:tarea_counter_btns	56	static
/Users/lorenzo.poggi/Documents/GitHub/curso-lse/trabajo_integrador/proyecto_final/app_tasks.c:283:6:tarea_cny70	40	static
/Users/lorenzo.poggi/Documents/GitHub/curso-lse/trabajo_integrador/proyecto_final/app_tasks.c:295:6:tarea_leds_tricolor	48	static
