/Users/albornozthiago/Documents/UTN_2025/curso-lse/trabajo_integrador/sdks/integrador_tp_sdk/devices/LPC845/drivers/fsl_gpio.h:153:20:GPIO_PinWrite	24	static
/Users/albornozthiago/Documents/UTN_2025/curso-lse/trabajo_integrador/sdks/integrador_tp_sdk/devices/LPC845/drivers/fsl_gpio.h:172:24:GPIO_PinRead	24	static
/Users/albornozthiago/Documents/UTN_2025/curso-lse/trabajo_integrador/sdks/integrador_tp_sdk/devices/LPC845/drivers/fsl_gpio.h:210:20:GPIO_PortToggle	24	static
/Users/albornozthiago/Documents/UTN_2025/curso-lse/trabajo_integrador/sdks/integrador_tp_sdk/devices/LPC845/drivers/fsl_adc.h:497:20:ADC_DoSoftwareTriggerConvSeqA	16	static
/Users/albornozthiago/Documents/UTN_2025/curso-lse/trabajo_integrador/integrador_tp/wrappers.h:46:20:wrapper_gpio_init	16	static
/Users/albornozthiago/Documents/UTN_2025/curso-lse/trabajo_integrador/integrador_tp/wrappers.h:55:20:wrapper_btn_get	24	static
/Users/albornozthiago/Documents/UTN_2025/curso-lse/trabajo_integrador/integrador_tp/wrappers.h:65:20:wrapper_output_init	40	static
/Users/albornozthiago/Documents/UTN_2025/curso-lse/trabajo_integrador/integrador_tp/wrappers.h:75:24:wrapper_gpio_get_port	24	static
/Users/albornozthiago/Documents/UTN_2025/curso-lse/trabajo_integrador/integrador_tp/wrappers.h:85:24:wrapper_gpio_get_pin	24	static
/Users/albornozthiago/Documents/UTN_2025/curso-lse/trabajo_integrador/integrador_tp/wrappers.h:94:20:wrapper_output_toggle	32	static
/Users/albornozthiago/Documents/UTN_2025/curso-lse/trabajo_integrador/integrador_tp/wrappers.h:102:20:wrapper_display_off	8	static
/Users/albornozthiago/Documents/UTN_2025/curso-lse/trabajo_integrador/integrador_tp/wrappers.h:112:20:wrapper_display_on	24	static
/Users/albornozthiago/Documents/UTN_2025/curso-lse/trabajo_integrador/integrador_tp/wrappers.h:120:20:wrapper_display_on_both	40	static
/Users/albornozthiago/Documents/UTN_2025/curso-lse/trabajo_integrador/integrador_tp/wrappers.h:129:20:wrapper_display_segments_off	104	static
/Users/albornozthiago/Documents/UTN_2025/curso-lse/trabajo_integrador/integrador_tp/wrappers.h:141:20:wrapper_display_segment_on	24	static
/Users/albornozthiago/Documents/UTN_2025/curso-lse/trabajo_integrador/integrador_tp/tareas_app.h:66:20:wrapper_btn_get_with_debouncing_with_pull_up	24	static
/Users/albornozthiago/Documents/UTN_2025/curso-lse/trabajo_integrador/integrador_tp/tareas_app.c:27:6:task_init	96	static
/Users/albornozthiago/Documents/UTN_2025/curso-lse/trabajo_integrador/integrador_tp/tareas_app.c:72:6:task_adc	16	static
/Users/albornozthiago/Documents/UTN_2025/curso-lse/trabajo_integrador/integrador_tp/tareas_app.c:83:6:task_display_change	32	static
/Users/albornozthiago/Documents/UTN_2025/curso-lse/trabajo_integrador/integrador_tp/tareas_app.c:98:6:task_control	40	static
/Users/albornozthiago/Documents/UTN_2025/curso-lse/trabajo_integrador/integrador_tp/tareas_app.c:124:6:task_display	64	static
/Users/albornozthiago/Documents/UTN_2025/curso-lse/trabajo_integrador/integrador_tp/tareas_app.c:144:6:task_pwm	32	static
/Users/albornozthiago/Documents/UTN_2025/curso-lse/trabajo_integrador/integrador_tp/tareas_app.c:169:6:task_bh1750	24	static
/Users/albornozthiago/Documents/UTN_2025/curso-lse/trabajo_integrador/integrador_tp/tareas_app.c:184:6:task_animation	112	static
/Users/albornozthiago/Documents/UTN_2025/curso-lse/trabajo_integrador/integrador_tp/tareas_app.c:211:6:task_blinky	48	static
/Users/albornozthiago/Documents/UTN_2025/curso-lse/trabajo_integrador/integrador_tp/tareas_app.c:228:6:task_buzzer	40	static
/Users/albornozthiago/Documents/UTN_2025/curso-lse/trabajo_integrador/integrador_tp/tareas_app.c:239:6:task_counter	16	static
/Users/albornozthiago/Documents/UTN_2025/curso-lse/trabajo_integrador/integrador_tp/tareas_app.c:248:6:task_counter_btns	56	static
