Archive member included to satisfy reference by file (symbol)

/Users/albornozthiago/.mcuxpressotools/arm-gnu-toolchain-13.2.Rel1-darwin-arm64-arm-none-eabi/bin/../lib/gcc/arm-none-eabi/13.2.1/thumb/v6-m/nofp/libgcc.a(_udivsi3.o)
                              CMakeFiles/new_project.elf.dir/Users/albornozthiago/Documents/UTN_2025/curso-lse/trabajo_integrador/integrador_tp/tareas_app.c.obj (__aeabi_uidiv)
/Users/albornozthiago/.mcuxpressotools/arm-gnu-toolchain-13.2.Rel1-darwin-arm64-arm-none-eabi/bin/../lib/gcc/arm-none-eabi/13.2.1/thumb/v6-m/nofp/libgcc.a(_divsi3.o)
                              CMakeFiles/new_project.elf.dir/Users/albornozthiago/Documents/UTN_2025/curso-lse/trabajo_integrador/integrador_tp/tareas_app.c.obj (__aeabi_idiv)
/Users/albornozthiago/.mcuxpressotools/arm-gnu-toolchain-13.2.Rel1-darwin-arm64-arm-none-eabi/bin/../lib/gcc/arm-none-eabi/13.2.1/thumb/v6-m/nofp/libgcc.a(_dvmd_tls.o)
                              /Users/albornozthiago/.mcuxpressotools/arm-gnu-toolchain-13.2.Rel1-darwin-arm64-arm-none-eabi/bin/../lib/gcc/arm-none-eabi/13.2.1/thumb/v6-m/nofp/libgcc.a(_udivsi3.o) (__aeabi_idiv0)
/Users/albornozthiago/.mcuxpressotools/arm-gnu-toolchain-13.2.Rel1-darwin-arm64-arm-none-eabi/bin/../lib/gcc/arm-none-eabi/13.2.1/thumb/v6-m/nofp/libgcc.a(_aeabi_uldivmod.o)
                              CMakeFiles/new_project.elf.dir/Users/albornozthiago/Documents/UTN_2025/curso-lse/trabajo_integrador/integrador_tp/tareas_app.c.obj (__aeabi_uldivmod)
/Users/albornozthiago/.mcuxpressotools/arm-gnu-toolchain-13.2.Rel1-darwin-arm64-arm-none-eabi/bin/../lib/gcc/arm-none-eabi/13.2.1/thumb/v6-m/nofp/libgcc.a(_muldi3.o)
                              CMakeFiles/new_project.elf.dir/Users/albornozthiago/Documents/UTN_2025/curso-lse/trabajo_integrador/integrador_tp/tareas_app.c.obj (__aeabi_lmul)
/Users/albornozthiago/.mcuxpressotools/arm-gnu-toolchain-13.2.Rel1-darwin-arm64-arm-none-eabi/bin/../lib/gcc/arm-none-eabi/13.2.1/thumb/v6-m/nofp/libgcc.a(_fixunssfsi.o)
                              CMakeFiles/new_project.elf.dir/Users/albornozthiago/Documents/UTN_2025/curso-lse/trabajo_integrador/integrador_tp/tareas_app.c.obj (__aeabi_f2uiz)
/Users/albornozthiago/.mcuxpressotools/arm-gnu-toolchain-13.2.Rel1-darwin-arm64-arm-none-eabi/bin/../lib/gcc/arm-none-eabi/13.2.1/thumb/v6-m/nofp/libgcc.a(_udivmoddi4.o)
                              /Users/albornozthiago/.mcuxpressotools/arm-gnu-toolchain-13.2.Rel1-darwin-arm64-arm-none-eabi/bin/../lib/gcc/arm-none-eabi/13.2.1/thumb/v6-m/nofp/libgcc.a(_aeabi_uldivmod.o) (__udivmoddi4)
/Users/albornozthiago/.mcuxpressotools/arm-gnu-toolchain-13.2.Rel1-darwin-arm64-arm-none-eabi/bin/../lib/gcc/arm-none-eabi/13.2.1/thumb/v6-m/nofp/libgcc.a(subsf3.o)
                              /Users/albornozthiago/.mcuxpressotools/arm-gnu-toolchain-13.2.Rel1-darwin-arm64-arm-none-eabi/bin/../lib/gcc/arm-none-eabi/13.2.1/thumb/v6-m/nofp/libgcc.a(_fixunssfsi.o) (__aeabi_fsub)
/Users/albornozthiago/.mcuxpressotools/arm-gnu-toolchain-13.2.Rel1-darwin-arm64-arm-none-eabi/bin/../lib/gcc/arm-none-eabi/13.2.1/thumb/v6-m/nofp/libgcc.a(fixsfsi.o)
                              /Users/albornozthiago/.mcuxpressotools/arm-gnu-toolchain-13.2.Rel1-darwin-arm64-arm-none-eabi/bin/../lib/gcc/arm-none-eabi/13.2.1/thumb/v6-m/nofp/libgcc.a(_fixunssfsi.o) (__aeabi_f2iz)
/Users/albornozthiago/.mcuxpressotools/arm-gnu-toolchain-13.2.Rel1-darwin-arm64-arm-none-eabi/bin/../lib/gcc/arm-none-eabi/13.2.1/thumb/v6-m/nofp/libgcc.a(divdf3.o)
                              CMakeFiles/new_project.elf.dir/Users/albornozthiago/Documents/UTN_2025/curso-lse/trabajo_integrador/integrador_tp/wrappers.c.obj (__aeabi_ddiv)
/Users/albornozthiago/.mcuxpressotools/arm-gnu-toolchain-13.2.Rel1-darwin-arm64-arm-none-eabi/bin/../lib/gcc/arm-none-eabi/13.2.1/thumb/v6-m/nofp/libgcc.a(floatsidf.o)
                              CMakeFiles/new_project.elf.dir/Users/albornozthiago/Documents/UTN_2025/curso-lse/trabajo_integrador/integrador_tp/wrappers.c.obj (__aeabi_i2d)
/Users/albornozthiago/.mcuxpressotools/arm-gnu-toolchain-13.2.Rel1-darwin-arm64-arm-none-eabi/bin/../lib/gcc/arm-none-eabi/13.2.1/thumb/v6-m/nofp/libgcc.a(truncdfsf2.o)
                              CMakeFiles/new_project.elf.dir/Users/albornozthiago/Documents/UTN_2025/curso-lse/trabajo_integrador/integrador_tp/wrappers.c.obj (__aeabi_d2f)
/Users/albornozthiago/.mcuxpressotools/arm-gnu-toolchain-13.2.Rel1-darwin-arm64-arm-none-eabi/bin/../lib/gcc/arm-none-eabi/13.2.1/thumb/v6-m/nofp/libgcc.a(_arm_cmpsf2.o)
                              /Users/albornozthiago/.mcuxpressotools/arm-gnu-toolchain-13.2.Rel1-darwin-arm64-arm-none-eabi/bin/../lib/gcc/arm-none-eabi/13.2.1/thumb/v6-m/nofp/libgcc.a(_fixunssfsi.o) (__aeabi_fcmpge)
/Users/albornozthiago/.mcuxpressotools/arm-gnu-toolchain-13.2.Rel1-darwin-arm64-arm-none-eabi/bin/../lib/gcc/arm-none-eabi/13.2.1/thumb/v6-m/nofp/libgcc.a(_clzsi2.o)
[...]
Memory Configuration

Name             Origin             Length             Attributes
m_interrupts     0x00000000         0x00000200         xr
m_crp            0x000002fc         0x00000004         xr
m_text           0x00000300         0x0000fd00         xr
m_data           0x10000000         0x00003fe0         rw
*default*        0x00000000         0xffffffff

Linker script and memory map

LOAD /Users/albornozthiago/.mcuxpressotools/arm-gnu-toolchain-13.2.Rel1-darwin-arm64-arm-none-eabi/bin/../lib/gcc/arm-none-eabi/13.2.1/thumb/v6-m/nofp/crti.o
LOAD /Users/albornozthiago/.mcuxpressotools/arm-gnu-toolchain-13.2.Rel1-darwin-arm64-arm-none-eabi/bin/../lib/gcc/arm-none-eabi/13.2.1/thumb/v6-m/nofp/crtbegin.o
LOAD /Users/albornozthiago/.mcuxpressotools/arm-gnu-toolchain-13.2.Rel1-darwin-arm64-arm-none-eabi/bin/../lib/gcc/arm-none-eabi/13.2.1/../../../../arm-none-eabi/lib/thumb/v6-m/nofp/crt0.o
LOAD CMakeFiles/new_project.elf.dir/Users/albornozthiago/Documents/UTN_2025/curso-lse/trabajo_integrador/integrador_tp/main.c.obj
LOAD CMakeFiles/new_project.elf.dir/Users/albornozthiago/Documents/UTN_2025/curso-lse/trabajo_integrador/integrador_tp/peripherals.c.obj
LOAD CMakeFiles/new_project.elf.dir/Users/albornozthiago/Documents/UTN_2025/curso-lse/trabajo_integrador/integrador_tp/pin_mux.c.obj
LOAD CMakeFiles/new_project.elf.dir/Users/albornozthiago/Documents/UTN_2025/curso-lse/trabajo_integrador/integrador_tp/board.c.obj
LOAD CMakeFiles/new_project.elf.dir/Users/albornozthiago/Documents/UTN_2025/curso-lse/trabajo_integrador/integrador_tp/clock_config.c.obj
LOAD CMakeFiles/new_project.elf.dir/Users/albornozthiago/Documents/UTN_2025/curso-lse/trabajo_integrador/integrador_tp/hardware_init.c.obj
LOAD CMakeFiles/new_project.elf.dir/Users/albornozthiago/Documents/UTN_2025/curso-lse/trabajo_integrador/integrador_tp/tareas_app.c.obj
LOAD CMakeFiles/new_project.elf.dir/Users/albornozthiago/Documents/UTN_2025/curso-lse/trabajo_integrador/integrador_tp/wrappers.c.obj
LOAD CMakeFiles/new_project.elf.dir/Users/albornozthiago/Documents/UTN_2025/curso-lse/trabajo_integrador/integrador_tp/isr.c.obj
LOAD CMakeFiles/new_project.elf.dir/Users/albornozthiago/Documents/UTN_2025/curso-lse/trabajo_integrador/sdks/integrador_tp_sdk/devices/LPC845/drivers/fsl_i2c.c.obj
LOAD CMakeFiles/new_project.elf.dir/Users/albornozthiago/Documents/UTN_2025/curso-lse/trabajo_integrador/sdks/integrador_tp_sdk/devices/LPC845/drivers/fsl_adc.c.obj
LOAD CMakeFiles/new_project.elf.dir/Users/albornozthiago/Documents/UTN_2025/curso-lse/trabajo_integrador/sdks/integrador_tp_sdk/devices/LPC845/drivers/fsl_sctimer.c.obj
LOAD CMakeFiles/new_project.elf.dir/Users/albornozthiago/Documents/UTN_2025/curso-lse/trabajo_integrador/sdks/integrador_tp_sdk/devices/LPC845/drivers/fsl_pint.c.obj
LOAD CMakeFiles/new_project.elf.dir/Users/albornozthiago/Documents/UTN_2025/curso-lse/trabajo_integrador/sdks/integrador_tp_sdk/devices/LPC845/drivers/fsl_gpio.c.obj
LOAD CMakeFiles/new_project.elf.dir/Users/albornozthiago/Documents/UTN_2025/curso-lse/trabajo_integrador/sdks/integrador_tp_sdk/devices/LPC845/drivers/fsl_capt.c.obj
LOAD CMakeFiles/new_project.elf.dir/Users/albornozthiago/Documents/UTN_2025/curso-lse/trabajo_integrador/sdks/integrador_tp_sdk/components/uart/fsl_adapter_miniusart.c.obj
LOAD CMakeFiles/new_project.elf.dir/Users/albornozthiago/Documents/UTN_2025/curso-lse/trabajo_integrador/sdks/integrador_tp_sdk/devices/LPC845/gcc/startup_LPC845.S.obj
LOAD CMakeFiles/new_project.elf.dir/Users/albornozthiago/Documents/UTN_2025/curso-lse/trabajo_integrador/sdks/integrador_tp_sdk/devices/LPC845/system_LPC845.c.obj
LOAD CMakeFiles/new_project.elf.dir/Users/albornozthiago/Documents/UTN_2025/curso-lse/trabajo_integrador/sdks/integrador_tp_sdk/devices/LPC845/drivers/fsl_clock.c.obj
LOAD CMakeFiles/new_project.elf.dir/Users/albornozthiago/Documents/UTN_2025/curso-lse/trabajo_integrador/sdks/integrador_tp_sdk/devices/LPC845/drivers/fsl_common.c.obj
LOAD CMakeFiles/new_project.elf.dir/Users/albornozthiago/Documents/UTN_2025/curso-lse/trabajo_integrador/sdks/integrador_tp_sdk/devices/LPC845/drivers/fsl_common_arm.c.obj
LOAD CMakeFiles/new_project.elf.dir/Users/albornozthiago/Documents/UTN_2025/curso-lse/trabajo_integrador/sdks/integrador_tp_sdk/devices/LPC845/drivers/fsl_inputmux.c.obj
LOAD CMakeFiles/new_project.elf.dir/Users/albornozthiago/Documents/UTN_2025/curso-lse/trabajo_integrador/sdks/integrador_tp_sdk/devices/LPC845/drivers/fsl_usart.c.obj
LOAD CMakeFiles/new_project.elf.dir/Users/albornozthiago/Documents/UTN_2025/curso-lse/trabajo_integrador/sdks/integrador_tp_sdk/devices/LPC845/drivers/fsl_power.c.obj
LOAD CMakeFiles/new_project.elf.dir/Users/albornozthiago/Documents/UTN_2025/curso-lse/trabajo_integrador/sdks/integrador_tp_sdk/devices/LPC845/drivers/fsl_reset.c.obj
LOAD CMakeFiles/new_project.elf.dir/Users/albornozthiago/Documents/UTN_2025/curso-lse/trabajo_integrador/sdks/integrador_tp_sdk/devices/LPC845/drivers/fsl_swm.c.obj
LOAD CMakeFiles/new_project.elf.dir/Users/albornozthiago/Documents/UTN_2025/curso-lse/trabajo_integrador/sdks/integrador_tp_sdk/devices/LPC845/drivers/fsl_syscon.c.obj
LOAD CMakeFiles/new_project.elf.dir/Users/albornozthiago/Documents/UTN_2025/curso-lse/trabajo_integrador/sdks/integrador_tp_sdk/devices/LPC845/utilities/fsl_syscall_stub.c.obj
LOAD CMakeFiles/new_project.elf.dir/Users/albornozthiago/Documents/UTN_2025/curso-lse/trabajo_integrador/sdks/integrador_tp_sdk/devices/LPC845/utilities/fsl_sbrk.c.obj
LOAD CMakeFiles/new_project.elf.dir/Users/albornozthiago/Documents/UTN_2025/curso-lse/trabajo_integrador/sdks/integrador_tp_sdk/devices/LPC845/utilities/debug_console_lite/fsl_assert.c.obj
LOAD CMakeFiles/new_project.elf.dir/Users/albornozthiago/Documents/UTN_2025/curso-lse/trabajo_integrador/sdks/integrador_tp_sdk/devices/LPC845/utilities/debug_console_lite/fsl_debug_console.c.obj
LOAD CMakeFiles/new_project.elf.dir/Users/albornozthiago/Documents/UTN_2025/curso-lse/trabajo_integrador/sdks/integrador_tp_sdk/devices/LPC845/utilities/str/fsl_str.c.obj
START GROUP
LOAD /Users/albornozthiago/.mcuxpressotools/arm-gnu-toolchain-13.2.Rel1-darwin-arm64-arm-none-eabi/bin/../lib/gcc/arm-none-eabi/13.2.1/thumb/v6-m/nofp/libgcc.a
LOAD /Users/albornozthiago/.mcuxpressotools/arm-gnu-toolchain-13.2.Rel1-darwin-arm64-arm-none-eabi/bin/../lib/gcc/arm-none-eabi/13.2.1/../../../../arm-none-eabi/lib/thumb/v6-m/nofp/libc_nano.a
LOAD /Users/albornozthiago/.mcuxpressotools/arm-gnu-toolchain-13.2.Rel1-darwin-arm64-arm-none-eabi/bin/../lib/gcc/arm-none-eabi/13.2.1/../../../../arm-none-eabi/lib/thumb/v6-m/nofp/libm.a
LOAD /Users/albornozthiago/.mcuxpressotools/arm-gnu-toolchain-13.2.Rel1-darwin-arm64-arm-none-eabi/bin/../lib/gcc/arm-none-eabi/13.2.1/../../../../arm-none-eabi/lib/thumb/v6-m/nofp/libcr_newlib_nohost.a
LOAD freertos/libfreertos.a
END GROUP
START GROUP
LOAD /Users/albornozthiago/.mcuxpressotools/arm-gnu-toolchain-13.2.Rel1-darwin-arm64-arm-none-eabi/bin/../lib/gcc/arm-none-eabi/13.2.1/thumb/v6-m/nofp/libgcc.a
LOAD /Users/albornozthiago/.mcuxpressotools/arm-gnu-toolchain-13.2.Rel1-darwin-arm64-arm-none-eabi/bin/../lib/gcc/arm-none-eabi/13.2.1/../../../../arm-none-eabi/lib/thumb/v6-m/nofp/libg_nano.a
LOAD /Users/albornozthiago/.mcuxpressotools/arm-gnu-toolchain-13.2.Rel1-darwin-arm64-arm-none-eabi/bin/../lib/gcc/arm-none-eabi/13.2.1/../../../../arm-none-eabi/lib/thumb/v6-m/nofp/libc_nano.a
END GROUP
START GROUP
LOAD /Users/albornozthiago/.mcuxpressotools/arm-gnu-toolchain-13.2.Rel1-darwin-arm64-arm-none-eabi/bin/../lib/gcc/arm-none-eabi/13.2.1/thumb/v6-m/nofp/libgcc.a
LOAD /Users/albornozthiago/.mcuxpressotools/arm-gnu-toolchain-13.2.Rel1-darwin-arm64-arm-none-eabi/bin/../lib/gcc/arm-none-eabi/13.2.1/../../../../arm-none-eabi/lib/thumb/v6-m/nofp/libc_nano.a
LOAD /Users/albornozthiago/.mcuxpressotools/arm-gnu-toolchain-13.2.Rel1-darwin-arm64-arm-none-eabi/bin/../lib/gcc/arm-none-eabi/13.2.1/../../../../arm-none-eabi/lib/thumb/v6-m/nofp/libnosys.a
END GROUP
START GROUP
LOAD /Users/albornozthiago/.mcuxpressotools/arm-gnu-toolchain-13.2.Rel1-darwin-arm64-arm-none-eabi/bin/../lib/gcc/arm-none-eabi/13.2.1/thumb/v6-m/nofp/libgcc.a
LOAD /Users/albornozthiago/.mcuxpressotools/arm-gnu-toolchain-13.2.Rel1-darwin-arm64-arm-none-eabi/bin/../lib/gcc/arm-none-eabi/13.2.1/../../../../arm-none-eabi/lib/thumb/v6-m/nofp/libc_nano.a
LOAD /Users/albornozthiago/.mcuxpressotools/arm-gnu-toolchain-13.2.Rel1-darwin-arm64-arm-none-eabi/bin/../lib/gcc/arm-none-eabi/13.2.1/../../../../arm-none-eabi/lib/thumb/v6-m/nofp/libnosys.a
END GROUP
LOAD /Users/albornozthiago/.mcuxpressotools/arm-gnu-toolchain-13.2.Rel1-darwin-arm64-arm-none-eabi/bin/../lib/gcc/arm-none-eabi/13.2.1/thumb/v6-m/nofp/crtend.o
LOAD /Users/albornozthiago/.mcuxpressotools/arm-gnu-toolchain-13.2.Rel1-darwin-arm64-arm-none-eabi/bin/../lib/gcc/arm-none-eabi/13.2.1/thumb/v6-m/nofp/crtn.o
                0x00000400                        HEAP_SIZE = DEFINED (__heap_size__)?__heap_size__:0x400
                0x00000800                        STACK_SIZE = DEFINED (__stack_size__)?__stack_size__:0x800
                0xefffb4f9                        __valid_user_code_checksum = (0x0 - ((((__StackTop + Reset_Handler) + NMI_Handler) + HardFault_Handler) + 0x3))

.interrupts     0x00000000       0xc0
                0x00000000                        . = ALIGN (0x4)
 *(.isr_vector)
 .isr_vector    0x00000000       0xc0 CMakeFiles/new_project.elf.dir/Users/albornozthiago/Documents/UTN_2025/curso-lse/trabajo_integrador/sdks/integrador_tp_sdk/devices/LPC845/gcc/startup_LPC845.S.obj
                0x00000000                __Vectors
                0x000000c0                        . = ALIGN (0x4)

.crp            0x000002fc        0x4
                0x000002fc                        . = ALIGN (0x4)
 *(.crp)
 .crp           0x000002fc        0x4 CMakeFiles/new_project.elf.dir/Users/albornozthiago/Documents/UTN_2025/curso-lse/trabajo_integrador/sdks/integrador_tp_sdk/devices/LPC845/gcc/startup_LPC845.S.obj
                0x00000300                        . = ALIGN (0x4)

.text           0x00000300     0x9c88
                0x00000300                        . = ALIGN (0x4)
 *(.text)
 .text          0x00000300       0x80 /Users/albornozthiago/.mcuxpressotools/arm-gnu-toolchain-13.2.Rel1-darwin-arm64-arm-none-eabi/bin/../lib/gcc/arm-none-eabi/13.2.1/../../../../arm-none-eabi/lib/thumb/v6-m/nofp/crt0.o
                0x00000300                _stack_init
                0x0000030c                _mainCRTStartup
                0x0000030c                _start
 .text          0x00000380      0x17c CMakeFiles/new_project.elf.dir/Users/albornozthiago/Documents/UTN_2025/curso-lse/trabajo_integrador/sdks/integrador_tp_sdk/devices/LPC845/gcc/startup_LPC845.S.obj
                0x00000380                Reset_Handler
                0x000003cc                ADC0_OVR_DriverIRQHandler
                0x000003cc                PIN_INT5_DAC1_DriverIRQHandler
                0x000003cc                DMA0_DriverIRQHandler
                0x000003cc                SPI1_DriverIRQHandler
                0x000003cc                I2C3_DriverIRQHandler
                0x000003cc                DefaultISR
                0x000003cc                WKT_DriverIRQHandler
                0x000003cc                DAC0_DriverIRQHandler
                0x000003cc                MRT0_DriverIRQHandler
                0x000003cc                CMP_CAPT_DriverIRQHandler
                0x000003cc                ADC0_THCMP_DriverIRQHandler
                0x000003cc                Reserved22_DriverIRQHandler
                0x000003cc                FLASH_DriverIRQHandler
                0x000003cc                ADC0_SEQB_DriverIRQHandler
                0x000003cc                CTIMER0_DriverIRQHandler
                0x000003cc                WDT_DriverIRQHandler
                0x000003cc                BOD_DriverIRQHandler
                0x000003cc                ADC0_SEQA_DriverIRQHandler
                0x000003cc                SPI0_DriverIRQHandler
                0x000003d0                NMI_Handler
                0x000003d4                HardFault_Handler
                0x000003e4                SPI0_IRQHandler
                0x000003e8                SPI1_IRQHandler
                0x000003ec                DAC0_IRQHandler
                0x000003f0                USART0_IRQHandler
                0x000003f4                USART1_IRQHandler
                0x000003f8                USART2_IRQHandler
                0x000003fc                Reserved22_IRQHandler
                0x00000400                I2C1_IRQHandler
                0x00000404                I2C0_IRQHandler
                0x00000408                SCT0_IRQHandler
                0x0000040c                MRT0_IRQHandler
                0x00000414                WDT_IRQHandler
                0x00000418                BOD_IRQHandler
                0x0000041c                FLASH_IRQHandler
                0x00000420                WKT_IRQHandler
                0x00000428                ADC0_SEQB_IRQHandler
                0x0000042c                ADC0_THCMP_IRQHandler
                0x00000430                ADC0_OVR_IRQHandler
                0x00000434                DMA0_IRQHandler
                0x00000438                I2C2_IRQHandler
                0x0000043c                I2C3_IRQHandler
                0x00000440                CTIMER0_IRQHandler
                0x00000444                PIN_INT0_IRQHandler
                0x00000448                PIN_INT1_IRQHandler
                0x0000044c                PIN_INT2_IRQHandler
                0x00000450                PIN_INT3_IRQHandler
                0x00000454                PIN_INT4_IRQHandler
 .text          0x000004fc      0x114 /Users/albornozthiago/.mcuxpressotools/arm-gnu-toolchain-13.2.Rel1-darwin-arm64-arm-none-eabi/bin/../lib/gcc/arm-none-eabi/13.2.1/thumb/v6-m/nofp/libgcc.a(_udivsi3.o)
                0x000004fc                __udivsi3
                0x000004fc                __aeabi_uidiv
                0x00000608                __aeabi_uidivmod
 .text          0x00000610      0x1d4 /Users/albornozthiago/.mcuxpressotools/arm-gnu-toolchain-13.2.Rel1-darwin-arm64-arm-none-eabi/bin/../lib/gcc/arm-none-eabi/13.2.1/thumb/v6-m/nofp/libgcc.a(_divsi3.o)
                0x00000610                __aeabi_idiv
                0x00000610                __divsi3
                0x000007dc                __aeabi_idivmod
 .text          0x000007e4        0x4 /Users/albornozthiago/.mcuxpressotools/arm-gnu-toolchain-13.2.Rel1-darwin-arm64-arm-none-eabi/bin/../lib/gcc/arm-none-eabi/13.2.1/thumb/v6-m/nofp/libgcc.a(_dvmd_tls.o)
                0x000007e4                __aeabi_ldiv0
                0x000007e4                __aeabi_idiv0
 .text          0x000007e8       0x40 /Users/albornozthiago/.mcuxpressotools/arm-gnu-toolchain-13.2.Rel1-darwin-arm64-arm-none-eabi/bin/../lib/gcc/arm-none-eabi/13.2.1/thumb/v6-m/nofp/libgcc.a(_aeabi_uldivmod.o)
                0x000007e8                __aeabi_uldivmod
 .text          0x00000828       0x74 /Users/albornozthiago/.mcuxpressotools/arm-gnu-toolchain-13.2.Rel1-darwin-arm64-arm-none-eabi/bin/../lib/gcc/arm-none-eabi/13.2.1/thumb/v6-m/nofp/libgcc.a(_arm_cmpsf2.o)
                0x00000828                __aeabi_cfrcmple
                0x00000830                __aeabi_cfcmple
                0x00000830                __aeabi_cfcmpeq
                0x00000840                __aeabi_fcmpeq
                0x0000084c                __aeabi_fcmplt
                0x00000860                __aeabi_fcmple
                0x00000874                __aeabi_fcmpgt
                0x00000888                __aeabi_fcmpge
 .text          0x0000089c       0x3c /Users/albornozthiago/.mcuxpressotools/arm-gnu-toolchain-13.2.Rel1-darwin-arm64-arm-none-eabi/bin/../lib/gcc/arm-none-eabi/13.2.1/thumb/v6-m/nofp/libgcc.a(_clzsi2.o)
                0x0000089c                __clzsi2
 .text          0x000008d8       0x18 /Users/albornozthiago/.mcuxpressotools/arm-gnu-toolchain-13.2.Rel1-darwin-arm64-arm-none-eabi/bin/../lib/gcc/arm-none-eabi/13.2.1/thumb/v6-m/nofp/libgcc.a(_clzdi2.o)
                0x000008d8                __clzdi2
 .text          0x000008f0        0xe /Users/albornozthiago/.mcuxpressotools/arm-gnu-toolchain-13.2.Rel1-darwin-arm64-arm-none-eabi/bin/../lib/gcc/arm-none-eabi/13.2.1/../../../../arm-none-eabi/lib/thumb/v6-m/nofp/libc_nano.a(libc_a-strlen.o)
                0x000008f0                strlen
 *(.text*)
 *fill*         0x000008fe        0x2 
 .text.deregister_tm_clones
                0x00000900       0x20 /Users/albornozthiago/.mcuxpressotools/arm-gnu-toolchain-13.2.Rel1-darwin-arm64-arm-none-eabi/bin/../lib/gcc/arm-none-eabi/13.2.1/thumb/v6-m/nofp/crtbegin.o
 .text.register_tm_clones
                0x00000920       0x28 /Users/albornozthiago/.mcuxpressotools/arm-gnu-toolchain-13.2.Rel1-darwin-arm64-arm-none-eabi/bin/../lib/gcc/arm-none-eabi/13.2.1/thumb/v6-m/nofp/crtbegin.o
 .text.__do_global_dtors_aux
                0x00000948       0x2c /Users/albornozthiago/.mcuxpressotools/arm-gnu-toolchain-13.2.Rel1-darwin-arm64-arm-none-eabi/bin/../lib/gcc/arm-none-eabi/13.2.1/thumb/v6-m/nofp/crtbegin.o
 .text.frame_dummy
                0x00000974       0x24 /Users/albornozthiago/.mcuxpressotools/arm-gnu-toolchain-13.2.Rel1-darwin-arm64-arm-none-eabi/bin/../lib/gcc/arm-none-eabi/13.2.1/thumb/v6-m/nofp/crtbegin.o
 .text.main     0x00000998      0x16c CMakeFiles/new_project.elf.dir/Users/albornozthiago/Documents/UTN_2025/curso-lse/trabajo_integrador/integrador_tp/main.c.obj
                0x00000998                main
 .text.CLOCK_Select
                0x00000b04       0x38 CMakeFiles/new_project.elf.dir/Users/albornozthiago/Documents/UTN_2025/curso-lse/trabajo_integrador/integrador_tp/clock_config.c.obj
 .text.CLOCK_SetCoreSysClkDiv
                0x00000b3c       0x4c CMakeFiles/new_project.elf.dir/Users/albornozthiago/Documents/UTN_2025/curso-lse/trabajo_integrador/integrador_tp/clock_config.c.obj
 .text.CLOCK_SetFroOscFreq
                0x00000b88       0x24 CMakeFiles/new_project.elf.dir/Users/albornozthiago/Documents/UTN_2025/curso-lse/trabajo_integrador/integrador_tp/clock_config.c.obj
 .text.POWER_DisablePD
                0x00000bac       0x2c CMakeFiles/new_project.elf.dir/Users/albornozthiago/Documents/UTN_2025/curso-lse/trabajo_integrador/integrador_tp/clock_config.c.obj
 .text.BOARD_BootClockFRO30M
                0x00000bd8       0x58 CMakeFiles/new_project.elf.dir/Users/albornozthiago/Documents/UTN_2025/curso-lse/trabajo_integrador/integrador_tp/clock_config.c.obj
                0x00000bd8                BOARD_BootClockFRO30M
 .text.GPIO_PinWrite
                0x00000c30       0x2c CMakeFiles/new_project.elf.dir/Users/albornozthiago/Documents/UTN_2025/curso-lse/trabajo_integrador/integrador_tp/tareas_app.c.obj
 .text.GPIO_PinRead
                0x00000c5c       0x24 CMakeFiles/new_project.elf.dir/Users/albornozthiago/Documents/UTN_2025/curso-lse/trabajo_integrador/integrador_tp/tareas_app.c.obj
 .text.GPIO_PortToggle
                0x00000c80       0x26 CMakeFiles/new_project.elf.dir/Users/albornozthiago/Documents/UTN_2025/curso-lse/trabajo_integrador/integrador_tp/tareas_app.c.obj
 .text.ADC_DoSoftwareTriggerConvSeqA
                0x00000ca6       0x1e CMakeFiles/new_project.elf.dir/Users/albornozthiago/Documents/UTN_2025/curso-lse/trabajo_integrador/integrador_tp/tareas_app.c.obj
 .text.wrapper_gpio_init
                0x00000cc4       0x24 CMakeFiles/new_project.elf.dir/Users/albornozthiago/Documents/UTN_2025/curso-lse/trabajo_integrador/integrador_tp/tareas_app.c.obj
 .text.wrapper_btn_get
                0x00000ce8       0x30 CMakeFiles/new_project.elf.dir/Users/albornozthiago/Documents/UTN_2025/curso-lse/trabajo_integrador/integrador_tp/tareas_app.c.obj
 .text.wrapper_output_init
                0x00000d18       0x3e CMakeFiles/new_project.elf.dir/Users/albornozthiago/Documents/UTN_2025/curso-lse/trabajo_integrador/integrador_tp/tareas_app.c.obj
 .text.wrapper_gpio_get_port
                0x00000d56       0x1a CMakeFiles/new_project.elf.dir/Users/albornozthiago/Documents/UTN_2025/curso-lse/trabajo_integrador/integrador_tp/tareas_app.c.obj
 .text.wrapper_gpio_get_pin
                0x00000d70       0x1a CMakeFiles/new_project.elf.dir/Users/albornozthiago/Documents/UTN_2025/curso-lse/trabajo_integrador/integrador_tp/tareas_app.c.obj
 .text.wrapper_output_toggle
                0x00000d8a       0x46 CMakeFiles/new_project.elf.dir/Users/albornozthiago/Documents/UTN_2025/curso-lse/trabajo_integrador/integrador_tp/tareas_app.c.obj
 .text.wrapper_display_off
                0x00000dd0       0x26 CMakeFiles/new_project.elf.dir/Users/albornozthiago/Documents/UTN_2025/curso-lse/trabajo_integrador/integrador_tp/tareas_app.c.obj
 .text.wrapper_display_on
                0x00000df6       0x28 CMakeFiles/new_project.elf.dir/Users/albornozthiago/Documents/UTN_2025/curso-lse/trabajo_integrador/integrador_tp/tareas_app.c.obj
 *fill*         0x00000e1e        0x2 
 .text.wrapper_display_on_both
                0x00000e20       0x40 CMakeFiles/new_project.elf.dir/Users/albornozthiago/Documents/UTN_2025/curso-lse/trabajo_integrador/integrador_tp/tareas_app.c.obj
 .text.wrapper_display_segments_off
                0x00000e60       0x84 CMakeFiles/new_project.elf.dir/Users/albornozthiago/Documents/UTN_2025/curso-lse/trabajo_integrador/integrador_tp/tareas_app.c.obj
 .text.wrapper_display_segment_on
                0x00000ee4       0x28 CMakeFiles/new_project.elf.dir/Users/albornozthiago/Documents/UTN_2025/curso-lse/trabajo_integrador/integrador_tp/tareas_app.c.obj
 .text.wrapper_btn_get_with_debouncing_with_pull_up
                0x00000f0c       0x56 CMakeFiles/new_project.elf.dir/Users/albornozthiago/Documents/UTN_2025/curso-lse/trabajo_integrador/integrador_tp/tareas_app.c.obj
 *fill*         0x00000f62        0x2 
 .text.tarea_inic
                0x00000f64      0x188 CMakeFiles/new_project.elf.dir/Users/albornozthiago/Documents/UTN_2025/curso-lse/trabajo_integrador/integrador_tp/tareas_app.c.obj
                0x00000f64                tarea_inic
 .text.tarea_adc
                0x000010ec       0x20 CMakeFiles/new_project.elf.dir/Users/albornozthiago/Documents/UTN_2025/curso-lse/trabajo_integrador/integrador_tp/tareas_app.c.obj
                0x000010ec                tarea_adc
 .text.tarea_display_change
                0x0000110c       0x50 CMakeFiles/new_project.elf.dir/Users/albornozthiago/Documents/UTN_2025/curso-lse/trabajo_integrador/integrador_tp/tareas_app.c.obj
                0x0000110c                tarea_display_change
 .text.tarea_control
                0x0000115c       0xc4 CMakeFiles/new_project.elf.dir/Users/albornozthiago/Documents/UTN_2025/curso-lse/trabajo_integrador/integrador_tp/tareas_app.c.obj
                0x0000115c                tarea_control
 .text.tarea_display
                0x00001220       0x9c CMakeFiles/new_project.elf.dir/Users/albornozthiago/Documents/UTN_2025/curso-lse/trabajo_integrador/integrador_tp/tareas_app.c.obj
                0x00001220                tarea_display
 .text.tarea_pwm
                0x000012bc       0x8c CMakeFiles/new_project.elf.dir/Users/albornozthiago/Documents/UTN_2025/curso-lse/trabajo_integrador/integrador_tp/tareas_app.c.obj
                0x000012bc                tarea_pwm
 .text.tarea_bh1750
                0x00001348       0x44 CMakeFiles/new_project.elf.dir/Users/albornozthiago/Documents/UTN_2025/curso-lse/trabajo_integrador/integrador_tp/tareas_app.c.obj
                0x00001348                tarea_bh1750
 .text.tarea_animation
                0x0000138c       0xb4 CMakeFiles/new_project.elf.dir/Users/albornozthiago/Documents/UTN_2025/curso-lse/trabajo_integrador/integrador_tp/tareas_app.c.obj
                0x0000138c                tarea_animation
 .text.tarea_blinky
                0x00001440       0x8c CMakeFiles/new_project.elf.dir/Users/albornozthiago/Documents/UTN_2025/curso-lse/trabajo_integrador/integrador_tp/tareas_app.c.obj
                0x00001440                tarea_blinky
 .text.tarea_buzzer
                0x000014cc       0x3c CMakeFiles/new_project.elf.dir/Users/albornozthiago/Documents/UTN_2025/curso-lse/trabajo_integrador/integrador_tp/tareas_app.c.obj
                0x000014cc                tarea_buzzer
 .text.tarea_contador
                0x00001508       0x28 CMakeFiles/new_project.elf.dir/Users/albornozthiago/Documents/UTN_2025/curso-lse/trabajo_integrador/integrador_tp/tareas_app.c.obj
                0x00001508                tarea_contador
 .text.tarea_contador_btns
                0x00001530       0xc8 CMakeFiles/new_project.elf.dir/Users/albornozthiago/Documents/UTN_2025/curso-lse/trabajo_integrador/integrador_tp/tareas_app.c.obj
                0x00001530                tarea_contador_btns
 .text.__NVIC_EnableIRQ
                0x000015f8       0x34 CMakeFiles/new_project.elf.dir/Users/albornozthiago/Documents/UTN_2025/curso-lse/trabajo_integrador/integrador_tp/wrappers.c.obj
 .text.CLOCK_EnableClock
                0x0000162c       0x54 CMakeFiles/new_project.elf.dir/Users/albornozthiago/Documents/UTN_2025/curso-lse/trabajo_integrador/integrador_tp/wrappers.c.obj
 .text.CLOCK_DisableClock
                0x00001680       0x58 CMakeFiles/new_project.elf.dir/Users/albornozthiago/Documents/UTN_2025/curso-lse/trabajo_integrador/integrador_tp/wrappers.c.obj
 .text.CLOCK_Select
                0x000016d8       0x38 CMakeFiles/new_project.elf.dir/Users/albornozthiago/Documents/UTN_2025/curso-lse/trabajo_integrador/integrador_tp/wrappers.c.obj
 .text.CLOCK_SetClkDivider
                0x00001710       0x30 CMakeFiles/new_project.elf.dir/Users/albornozthiago/Documents/UTN_2025/curso-lse/trabajo_integrador/integrador_tp/wrappers.c.obj
 .text.CLOCK_GetClkDivider
                0x00001740       0x2c CMakeFiles/new_project.elf.dir/Users/albornozthiago/Documents/UTN_2025/curso-lse/trabajo_integrador/integrador_tp/wrappers.c.obj
 .text.GPIO_PinWrite
                0x0000176c       0x2c CMakeFiles/new_project.elf.dir/Users/albornozthiago/Documents/UTN_2025/curso-lse/trabajo_integrador/integrador_tp/wrappers.c.obj
 .text.POWER_DisablePD
                0x00001798       0x2c CMakeFiles/new_project.elf.dir/Users/albornozthiago/Documents/UTN_2025/curso-lse/trabajo_integrador/integrador_tp/wrappers.c.obj
 .text.IOCON_PinMuxSet
                0x000017c4       0x26 CMakeFiles/new_project.elf.dir/Users/albornozthiago/Documents/UTN_2025/curso-lse/trabajo_integrador/integrador_tp/wrappers.c.obj
 .text.ADC_EnableConvSeqA
                0x000017ea       0x3a CMakeFiles/new_project.elf.dir/Users/albornozthiago/Documents/UTN_2025/curso-lse/trabajo_integrador/integrador_tp/wrappers.c.obj
 .text.ADC_EnableInterrupts
                0x00001824       0x22 CMakeFiles/new_project.elf.dir/Users/albornozthiago/Documents/UTN_2025/curso-lse/trabajo_integrador/integrador_tp/wrappers.c.obj
 *fill*         0x00001846        0x2 
 .text.SCTIMER_StartTimer
                0x00001848      0x108 CMakeFiles/new_project.elf.dir/Users/albornozthiago/Documents/UTN_2025/curso-lse/trabajo_integrador/integrador_tp/wrappers.c.obj
 .text.I2C_MasterRepeatedStart
                0x00001950       0x32 CMakeFiles/new_project.elf.dir/Users/albornozthiago/Documents/UTN_2025/curso-lse/trabajo_integrador/integrador_tp/wrappers.c.obj
 .text.CAPT_EnableInterrupts
                0x00001982       0x18 CMakeFiles/new_project.elf.dir/Users/albornozthiago/Documents/UTN_2025/curso-lse/trabajo_integrador/integrador_tp/wrappers.c.obj
 .text.wrapper_gpio_get_pin
                0x0000199a       0x1a CMakeFiles/new_project.elf.dir/Users/albornozthiago/Documents/UTN_2025/curso-lse/trabajo_integrador/integrador_tp/wrappers.c.obj
 .text.wrapper_adc_init
                0x000019b4       0xdc CMakeFiles/new_project.elf.dir/Users/albornozthiago/Documents/UTN_2025/curso-lse/trabajo_integrador/integrador_tp/wrappers.c.obj
                0x000019b4                wrapper_adc_init
 .text.wrapper_btn_init
                0x00001a90       0x7c CMakeFiles/new_project.elf.dir/Users/albornozthiago/Documents/UTN_2025/curso-lse/trabajo_integrador/integrador_tp/wrappers.c.obj
                0x00001a90                wrapper_btn_init
 .text.wrapper_gpio_enable_irq
                0x00001b0c       0x8c CMakeFiles/new_project.elf.dir/Users/albornozthiago/Documents/UTN_2025/curso-lse/trabajo_integrador/integrador_tp/wrappers.c.obj
                0x00001b0c                wrapper_gpio_enable_irq
 .text.wrapper_display_init
                0x00001b98       0x94 CMakeFiles/new_project.elf.dir/Users/albornozthiago/Documents/UTN_2025/curso-lse/trabajo_integrador/integrador_tp/wrappers.c.obj
                0x00001b98                wrapper_display_init
 .text.wrapper_display_write
                0x00001c2c       0xc0 CMakeFiles/new_project.elf.dir/Users/albornozthiago/Documents/UTN_2025/curso-lse/trabajo_integrador/integrador_tp/wrappers.c.obj
                0x00001c2c                wrapper_display_write
 .text.wrapper_pwm_init
                0x00001cec      0x100 CMakeFiles/new_project.elf.dir/Users/albornozthiago/Documents/UTN_2025/curso-lse/trabajo_integrador/integrador_tp/wrappers.c.obj
                0x00001cec                wrapper_pwm_init
 .text.wrapper_pwm_update_led
                0x00001dec       0x58 CMakeFiles/new_project.elf.dir/Users/albornozthiago/Documents/UTN_2025/curso-lse/trabajo_integrador/integrador_tp/wrappers.c.obj
 .text.wrapper_pwm_update_bled
                0x00001e44       0x2c CMakeFiles/new_project.elf.dir/Users/albornozthiago/Documents/UTN_2025/curso-lse/trabajo_integrador/integrador_tp/wrappers.c.obj
                0x00001e44                wrapper_pwm_update_bled
 .text.wrapper_pwm_update_rled
                0x00001e70       0x2c CMakeFiles/new_project.elf.dir/Users/albornozthiago/Documents/UTN_2025/curso-lse/trabajo_integrador/integrador_tp/wrappers.c.obj
                0x00001e70                wrapper_pwm_update_rled
 .text.wrapper_i2c_init
                0x00001e9c       0x6c CMakeFiles/new_project.elf.dir/Users/albornozthiago/Documents/UTN_2025/curso-lse/trabajo_integrador/integrador_tp/wrappers.c.obj
                0x00001e9c                wrapper_i2c_init
 .text.wrapper_bh1750_init
                0x00001f08       0x60 CMakeFiles/new_project.elf.dir/Users/albornozthiago/Documents/UTN_2025/curso-lse/trabajo_integrador/integrador_tp/wrappers.c.obj
                0x00001f08                wrapper_bh1750_init
 .text.wrapper_bh1750_read
                0x00001f68       0x68 CMakeFiles/new_project.elf.dir/Users/albornozthiago/Documents/UTN_2025/curso-lse/trabajo_integrador/integrador_tp/wrappers.c.obj
                0x00001f68                wrapper_bh1750_read
 .text.wrapper_touch_init
                0x00001fd0       0xcc CMakeFiles/new_project.elf.dir/Users/albornozthiago/Documents/UTN_2025/curso-lse/trabajo_integrador/integrador_tp/wrappers.c.obj
                0x00001fd0                wrapper_touch_init
 .text.wrapper_touch_is_touched
                0x0000209c       0x2c CMakeFiles/new_project.elf.dir/Users/albornozthiago/Documents/UTN_2025/curso-lse/trabajo_integrador/integrador_tp/wrappers.c.obj
                0x0000209c                wrapper_touch_is_touched
 .text.ADC_GetStatusFlags
                0x000020c8       0x14 CMakeFiles/new_project.elf.dir/Users/albornozthiago/Documents/UTN_2025/curso-lse/trabajo_integrador/integrador_tp/isr.c.obj
 .text.ADC_ClearStatusFlags
                0x000020dc       0x18 CMakeFiles/new_project.elf.dir/Users/albornozthiago/Documents/UTN_2025/curso-lse/trabajo_integrador/integrador_tp/isr.c.obj
 .text.CAPT_ClearInterruptStatusFlags
                0x000020f4       0x18 CMakeFiles/new_project.elf.dir/Users/albornozthiago/Documents/UTN_2025/curso-lse/trabajo_integrador/integrador_tp/isr.c.obj
 .text.cny70_callback
                0x0000210c       0x54 CMakeFiles/new_project.elf.dir/Users/albornozthiago/Documents/UTN_2025/curso-lse/trabajo_integrador/integrador_tp/isr.c.obj
                0x0000210c                cny70_callback
 .text.usr_callback
                0x00002160       0x54 CMakeFiles/new_project.elf.dir/Users/albornozthiago/Documents/UTN_2025/curso-lse/trabajo_integrador/integrador_tp/isr.c.obj
                0x00002160                usr_callback
 .text.ADC0_SEQA_IRQHandler
                0x000021b4       0xa0 CMakeFiles/new_project.elf.dir/Users/albornozthiago/Documents/UTN_2025/curso-lse/trabajo_integrador/integrador_tp/isr.c.obj
                0x000021b4                ADC0_SEQA_IRQHandler
 .text.CMP_CAPT_IRQHandler
                0x00002254       0x4c CMakeFiles/new_project.elf.dir/Users/albornozthiago/Documents/UTN_2025/curso-lse/trabajo_integrador/integrador_tp/isr.c.obj
                0x00002254                CMP_CAPT_IRQHandler
 .text.CLOCK_EnableClock
                0x000022a0       0x54 CMakeFiles/new_project.elf.dir/Users/albornozthiago/Documents/UTN_2025/curso-lse/trabajo_integrador/sdks/integrador_tp_sdk/devices/LPC845/drivers/fsl_i2c.c.obj
 .text.I2C_MasterEnable
                0x000022f4       0x3c CMakeFiles/new_project.elf.dir/Users/albornozthiago/Documents/UTN_2025/curso-lse/trabajo_integrador/sdks/integrador_tp_sdk/devices/LPC845/drivers/fsl_i2c.c.obj
 .text.I2C_GetStatusFlags
                0x00002330       0x14 CMakeFiles/new_project.elf.dir/Users/albornozthiago/Documents/UTN_2025/curso-lse/trabajo_integrador/sdks/integrador_tp_sdk/devices/LPC845/drivers/fsl_i2c.c.obj
 .text.I2C_MasterClearStatusFlags
                0x00002344       0x1c CMakeFiles/new_project.elf.dir/Users/albornozthiago/Documents/UTN_2025/curso-lse/trabajo_integrador/sdks/integrador_tp_sdk/devices/LPC845/drivers/fsl_i2c.c.obj
 .text.I2C_GetInstance
                0x00002360       0x58 CMakeFiles/new_project.elf.dir/Users/albornozthiago/Documents/UTN_2025/curso-lse/trabajo_integrador/sdks/integrador_tp_sdk/devices/LPC845/drivers/fsl_i2c.c.obj
                0x00002360                I2C_GetInstance
 .text.I2C_MasterGetDefaultConfig
                0x000023b8       0x34 CMakeFiles/new_project.elf.dir/Users/albornozthiago/Documents/UTN_2025/curso-lse/trabajo_integrador/sdks/integrador_tp_sdk/devices/LPC845/drivers/fsl_i2c.c.obj
                0x000023b8                I2C_MasterGetDefaultConfig
 .text.I2C_MasterInit
                0x000023ec       0x64 CMakeFiles/new_project.elf.dir/Users/albornozthiago/Documents/UTN_2025/curso-lse/trabajo_integrador/sdks/integrador_tp_sdk/devices/LPC845/drivers/fsl_i2c.c.obj
                0x000023ec                I2C_MasterInit
 .text.I2C_MasterSetBaudRate
                0x00002450      0x114 CMakeFiles/new_project.elf.dir/Users/albornozthiago/Documents/UTN_2025/curso-lse/trabajo_integrador/sdks/integrador_tp_sdk/devices/LPC845/drivers/fsl_i2c.c.obj
                0x00002450                I2C_MasterSetBaudRate
 .text.I2C_PendingStatusWait
                0x00002564       0x30 CMakeFiles/new_project.elf.dir/Users/albornozthiago/Documents/UTN_2025/curso-lse/trabajo_integrador/sdks/integrador_tp_sdk/devices/LPC845/drivers/fsl_i2c.c.obj
 .text.I2C_MasterStart
                0x00002594       0x54 CMakeFiles/new_project.elf.dir/Users/albornozthiago/Documents/UTN_2025/curso-lse/trabajo_integrador/sdks/integrador_tp_sdk/devices/LPC845/drivers/fsl_i2c.c.obj
                0x00002594                I2C_MasterStart
 .text.I2C_MasterStop
                0x000025e8       0x30 CMakeFiles/new_project.elf.dir/Users/albornozthiago/Documents/UTN_2025/curso-lse/trabajo_integrador/sdks/integrador_tp_sdk/devices/LPC845/drivers/fsl_i2c.c.obj
                0x000025e8                I2C_MasterStop
 .text.I2C_MasterWriteBlocking
                0x00002618      0x124 CMakeFiles/new_project.elf.dir/Users/albornozthiago/Documents/UTN_2025/curso-lse/trabajo_integrador/sdks/integrador_tp_sdk/devices/LPC845/drivers/fsl_i2c.c.obj
                0x00002618                I2C_MasterWriteBlocking
 .text.I2C_MasterReadBlocking
                0x0000273c      0x104 CMakeFiles/new_project.elf.dir/Users/albornozthiago/Documents/UTN_2025/curso-lse/trabajo_integrador/sdks/integrador_tp_sdk/devices/LPC845/drivers/fsl_i2c.c.obj
                0x0000273c                I2C_MasterReadBlocking
 .text.I2C_TransferCommonIRQHandler
                0x00002840       0x40 CMakeFiles/new_project.elf.dir/Users/albornozthiago/Documents/UTN_2025/curso-lse/trabajo_integrador/sdks/integrador_tp_sdk/devices/LPC845/drivers/fsl_i2c.c.obj
 .text.I2C0_DriverIRQHandler
                0x00002880       0x20 CMakeFiles/new_project.elf.dir/Users/albornozthiago/Documents/UTN_2025/curso-lse/trabajo_integrador/sdks/integrador_tp_sdk/devices/LPC845/drivers/fsl_i2c.c.obj
                0x00002880                I2C0_DriverIRQHandler
 .text.I2C1_DriverIRQHandler
                0x000028a0       0x20 CMakeFiles/new_project.elf.dir/Users/albornozthiago/Documents/UTN_2025/curso-lse/trabajo_integrador/sdks/integrador_tp_sdk/devices/LPC845/drivers/fsl_i2c.c.obj
                0x000028a0                I2C1_DriverIRQHandler
 .text.I2C2_DriverIRQHandler
                0x000028c0       0x20 CMakeFiles/new_project.elf.dir/Users/albornozthiago/Documents/UTN_2025/curso-lse/trabajo_integrador/sdks/integrador_tp_sdk/devices/LPC845/drivers/fsl_i2c.c.obj
                0x000028c0                I2C2_DriverIRQHandler
 .text.CLOCK_EnableClock
                0x000028e0       0x54 CMakeFiles/new_project.elf.dir/Users/albornozthiago/Documents/UTN_2025/curso-lse/trabajo_integrador/sdks/integrador_tp_sdk/devices/LPC845/drivers/fsl_adc.c.obj
 .text.RESET_ReleasePeripheralReset
                0x00002934       0x18 CMakeFiles/new_project.elf.dir/Users/albornozthiago/Documents/UTN_2025/curso-lse/trabajo_integrador/sdks/integrador_tp_sdk/devices/LPC845/drivers/fsl_adc.c.obj
 .text.ADC_GetInstance
                0x0000294c       0x54 CMakeFiles/new_project.elf.dir/Users/albornozthiago/Documents/UTN_2025/curso-lse/trabajo_integrador/sdks/integrador_tp_sdk/devices/LPC845/drivers/fsl_adc.c.obj
 .text.ADC_Init
                0x000029a0       0xb4 CMakeFiles/new_project.elf.dir/Users/albornozthiago/Documents/UTN_2025/curso-lse/trabajo_integrador/sdks/integrador_tp_sdk/devices/LPC845/drivers/fsl_adc.c.obj
                0x000029a0                ADC_Init
 .text.ADC_GetDefaultConfig
                0x00002a54       0x34 CMakeFiles/new_project.elf.dir/Users/albornozthiago/Documents/UTN_2025/curso-lse/trabajo_integrador/sdks/integrador_tp_sdk/devices/LPC845/drivers/fsl_adc.c.obj
                0x00002a54                ADC_GetDefaultConfig
 .text.ADC_DoSelfCalibration
                0x00002a88       0xc0 CMakeFiles/new_project.elf.dir/Users/albornozthiago/Documents/UTN_2025/curso-lse/trabajo_integrador/sdks/integrador_tp_sdk/devices/LPC845/drivers/fsl_adc.c.obj
                0x00002a88                ADC_DoSelfCalibration
 .text.ADC_SetConvSeqAConfig
                0x00002b48       0xa0 CMakeFiles/new_project.elf.dir/Users/albornozthiago/Documents/UTN_2025/curso-lse/trabajo_integrador/sdks/integrador_tp_sdk/devices/LPC845/drivers/fsl_adc.c.obj
                0x00002b48                ADC_SetConvSeqAConfig
 .text.ADC_GetChannelConversionResult
                0x00002be8       0xbc CMakeFiles/new_project.elf.dir/Users/albornozthiago/Documents/UTN_2025/curso-lse/trabajo_integrador/sdks/integrador_tp_sdk/devices/LPC845/drivers/fsl_adc.c.obj
                0x00002be8                ADC_GetChannelConversionResult
 .text.CLOCK_EnableClock
                0x00002ca4       0x54 CMakeFiles/new_project.elf.dir/Users/albornozthiago/Documents/UTN_2025/curso-lse/trabajo_integrador/sdks/integrador_tp_sdk/devices/LPC845/drivers/fsl_sctimer.c.obj
 .text.SCTIMER_StartTimer
                0x00002cf8      0x108 CMakeFiles/new_project.elf.dir/Users/albornozthiago/Documents/UTN_2025/curso-lse/trabajo_integrador/sdks/integrador_tp_sdk/devices/LPC845/drivers/fsl_sctimer.c.obj
 .text.SCTIMER_StopTimer
                0x00002e00      0x104 CMakeFiles/new_project.elf.dir/Users/albornozthiago/Documents/UTN_2025/curso-lse/trabajo_integrador/sdks/integrador_tp_sdk/devices/LPC845/drivers/fsl_sctimer.c.obj
 .text.SCTIMER_SetupOutputSetAction
                0x00002f04       0x58 CMakeFiles/new_project.elf.dir/Users/albornozthiago/Documents/UTN_2025/curso-lse/trabajo_integrador/sdks/integrador_tp_sdk/devices/LPC845/drivers/fsl_sctimer.c.obj
 .text.SCTIMER_SetupOutputClearAction
                0x00002f5c       0x5c CMakeFiles/new_project.elf.dir/Users/albornozthiago/Documents/UTN_2025/curso-lse/trabajo_integrador/sdks/integrador_tp_sdk/devices/LPC845/drivers/fsl_sctimer.c.obj
 .text.SCTIMER_SetupCounterLimitAction
                0x00002fb8       0xdc CMakeFiles/new_project.elf.dir/Users/albornozthiago/Documents/UTN_2025/curso-lse/trabajo_integrador/sdks/integrador_tp_sdk/devices/LPC845/drivers/fsl_sctimer.c.obj
 .text.SCTIMER_GetInstance
                0x00003094       0x5c CMakeFiles/new_project.elf.dir/Users/albornozthiago/Documents/UTN_2025/curso-lse/trabajo_integrador/sdks/integrador_tp_sdk/devices/LPC845/drivers/fsl_sctimer.c.obj
 .text.SCTIMER_Init
                0x000030f0      0x154 CMakeFiles/new_project.elf.dir/Users/albornozthiago/Documents/UTN_2025/curso-lse/trabajo_integrador/sdks/integrador_tp_sdk/devices/LPC845/drivers/fsl_sctimer.c.obj
                0x000030f0                SCTIMER_Init
 .text.SCTIMER_GetDefaultConfig
                0x00003244       0x70 CMakeFiles/new_project.elf.dir/Users/albornozthiago/Documents/UTN_2025/curso-lse/trabajo_integrador/sdks/integrador_tp_sdk/devices/LPC845/drivers/fsl_sctimer.c.obj
                0x00003244                SCTIMER_GetDefaultConfig
 .text.SCTIMER_SetupPwm
                0x000032b4      0x304 CMakeFiles/new_project.elf.dir/Users/albornozthiago/Documents/UTN_2025/curso-lse/trabajo_integrador/sdks/integrador_tp_sdk/devices/LPC845/drivers/fsl_sctimer.c.obj
                0x000032b4                SCTIMER_SetupPwm
 .text.SCTIMER_UpdatePwmDutycycle
                0x000035b8      0x1b8 CMakeFiles/new_project.elf.dir/Users/albornozthiago/Documents/UTN_2025/curso-lse/trabajo_integrador/sdks/integrador_tp_sdk/devices/LPC845/drivers/fsl_sctimer.c.obj
                0x000035b8                SCTIMER_UpdatePwmDutycycle
 .text.SCTIMER_CreateAndScheduleEvent
                0x00003770      0x248 CMakeFiles/new_project.elf.dir/Users/albornozthiago/Documents/UTN_2025/curso-lse/trabajo_integrador/sdks/integrador_tp_sdk/devices/LPC845/drivers/fsl_sctimer.c.obj
                0x00003770                SCTIMER_CreateAndScheduleEvent
 .text.SCTIMER_EventHandleIRQ
                0x000039b8       0x74 CMakeFiles/new_project.elf.dir/Users/albornozthiago/Documents/UTN_2025/curso-lse/trabajo_integrador/sdks/integrador_tp_sdk/devices/LPC845/drivers/fsl_sctimer.c.obj
                0x000039b8                SCTIMER_EventHandleIRQ
 .text.SCT0_DriverIRQHandler
                0x00003a2c       0x1c CMakeFiles/new_project.elf.dir/Users/albornozthiago/Documents/UTN_2025/curso-lse/trabajo_integrador/sdks/integrador_tp_sdk/devices/LPC845/drivers/fsl_sctimer.c.obj
                0x00003a2c                SCT0_DriverIRQHandler
 .text.__NVIC_EnableIRQ
                0x00003a48       0x34 CMakeFiles/new_project.elf.dir/Users/albornozthiago/Documents/UTN_2025/curso-lse/trabajo_integrador/sdks/integrador_tp_sdk/devices/LPC845/drivers/fsl_pint.c.obj
 .text.__NVIC_ClearPendingIRQ
                0x00003a7c       0x38 CMakeFiles/new_project.elf.dir/Users/albornozthiago/Documents/UTN_2025/curso-lse/trabajo_integrador/sdks/integrador_tp_sdk/devices/LPC845/drivers/fsl_pint.c.obj
 .text.CLOCK_EnableClock
                0x00003ab4       0x54 CMakeFiles/new_project.elf.dir/Users/albornozthiago/Documents/UTN_2025/curso-lse/trabajo_integrador/sdks/integrador_tp_sdk/devices/LPC845/drivers/fsl_pint.c.obj
 .text.RESET_ReleasePeripheralReset
                0x00003b08       0x18 CMakeFiles/new_project.elf.dir/Users/albornozthiago/Documents/UTN_2025/curso-lse/trabajo_integrador/sdks/integrador_tp_sdk/devices/LPC845/drivers/fsl_pint.c.obj
 .text.EnableIRQ
                0x00003b20       0x36 CMakeFiles/new_project.elf.dir/Users/albornozthiago/Documents/UTN_2025/curso-lse/trabajo_integrador/sdks/integrador_tp_sdk/devices/LPC845/drivers/fsl_pint.c.obj
 .text.PINT_PinInterruptGetStatus
                0x00003b56       0x26 CMakeFiles/new_project.elf.dir/Users/albornozthiago/Documents/UTN_2025/curso-lse/trabajo_integrador/sdks/integrador_tp_sdk/devices/LPC845/drivers/fsl_pint.c.obj
 .text.PINT_PinInterruptClrFallFlag
                0x00003b7c       0x22 CMakeFiles/new_project.elf.dir/Users/albornozthiago/Documents/UTN_2025/curso-lse/trabajo_integrador/sdks/integrador_tp_sdk/devices/LPC845/drivers/fsl_pint.c.obj
 .text.PINT_PinInterruptGetFallFlag
                0x00003b9e       0x26 CMakeFiles/new_project.elf.dir/Users/albornozthiago/Documents/UTN_2025/curso-lse/trabajo_integrador/sdks/integrador_tp_sdk/devices/LPC845/drivers/fsl_pint.c.obj
 .text.PINT_PinInterruptClrRiseFlag
                0x00003bc4       0x22 CMakeFiles/new_project.elf.dir/Users/albornozthiago/Documents/UTN_2025/curso-lse/trabajo_integrador/sdks/integrador_tp_sdk/devices/LPC845/drivers/fsl_pint.c.obj
 .text.PINT_PinInterruptGetRiseFlag
                0x00003be6       0x26 CMakeFiles/new_project.elf.dir/Users/albornozthiago/Documents/UTN_2025/curso-lse/trabajo_integrador/sdks/integrador_tp_sdk/devices/LPC845/drivers/fsl_pint.c.obj
 .text.PINT_GetInstance
                0x00003c0c       0x54 CMakeFiles/new_project.elf.dir/Users/albornozthiago/Documents/UTN_2025/curso-lse/trabajo_integrador/sdks/integrador_tp_sdk/devices/LPC845/drivers/fsl_pint.c.obj
 .text.PINT_Init
                0x00003c60       0xa4 CMakeFiles/new_project.elf.dir/Users/albornozthiago/Documents/UTN_2025/curso-lse/trabajo_integrador/sdks/integrador_tp_sdk/devices/LPC845/drivers/fsl_pint.c.obj
                0x00003c60                PINT_Init
 .text.PINT_SetCallback
                0x00003d04       0x2c CMakeFiles/new_project.elf.dir/Users/albornozthiago/Documents/UTN_2025/curso-lse/trabajo_integrador/sdks/integrador_tp_sdk/devices/LPC845/drivers/fsl_pint.c.obj
                0x00003d04                PINT_SetCallback
 .text.PINT_PinInterruptConfig
                0x00003d30       0xd4 CMakeFiles/new_project.elf.dir/Users/albornozthiago/Documents/UTN_2025/curso-lse/trabajo_integrador/sdks/integrador_tp_sdk/devices/LPC845/drivers/fsl_pint.c.obj
                0x00003d30                PINT_PinInterruptConfig
 .text.PINT_PatternMatchResetDetectLogic
                0x00003e04       0x30 CMakeFiles/new_project.elf.dir/Users/albornozthiago/Documents/UTN_2025/curso-lse/trabajo_integrador/sdks/integrador_tp_sdk/devices/LPC845/drivers/fsl_pint.c.obj
                0x00003e04                PINT_PatternMatchResetDetectLogic
 .text.PINT_PinInterruptClrStatus
                0x00003e34       0x52 CMakeFiles/new_project.elf.dir/Users/albornozthiago/Documents/UTN_2025/curso-lse/trabajo_integrador/sdks/integrador_tp_sdk/devices/LPC845/drivers/fsl_pint.c.obj
                0x00003e34                PINT_PinInterruptClrStatus
 *fill*         0x00003e86        0x2 
 .text.PINT_EnableCallbackByIndex
                0x00003e88       0x68 CMakeFiles/new_project.elf.dir/Users/albornozthiago/Documents/UTN_2025/curso-lse/trabajo_integrador/sdks/integrador_tp_sdk/devices/LPC845/drivers/fsl_pint.c.obj
                0x00003e88                PINT_EnableCallbackByIndex
 .text.PINT_CommonIRQHanlder
                0x00003ef0       0xdc CMakeFiles/new_project.elf.dir/Users/albornozthiago/Documents/UTN_2025/curso-lse/trabajo_integrador/sdks/integrador_tp_sdk/devices/LPC845/drivers/fsl_pint.c.obj
 .text.PIN_INT0_DriverIRQHandler
                0x00003fcc       0x12 CMakeFiles/new_project.elf.dir/Users/albornozthiago/Documents/UTN_2025/curso-lse/trabajo_integrador/sdks/integrador_tp_sdk/devices/LPC845/drivers/fsl_pint.c.obj
                0x00003fcc                PIN_INT0_DriverIRQHandler
 .text.PIN_INT1_DriverIRQHandler
                0x00003fde       0x12 CMakeFiles/new_project.elf.dir/Users/albornozthiago/Documents/UTN_2025/curso-lse/trabajo_integrador/sdks/integrador_tp_sdk/devices/LPC845/drivers/fsl_pint.c.obj
                0x00003fde                PIN_INT1_DriverIRQHandler
 .text.PIN_INT2_DriverIRQHandler
                0x00003ff0       0x12 CMakeFiles/new_project.elf.dir/Users/albornozthiago/Documents/UTN_2025/curso-lse/trabajo_integrador/sdks/integrador_tp_sdk/devices/LPC845/drivers/fsl_pint.c.obj
                0x00003ff0                PIN_INT2_DriverIRQHandler
 .text.PIN_INT3_DriverIRQHandler
                0x00004002       0x12 CMakeFiles/new_project.elf.dir/Users/albornozthiago/Documents/UTN_2025/curso-lse/trabajo_integrador/sdks/integrador_tp_sdk/devices/LPC845/drivers/fsl_pint.c.obj
                0x00004002                PIN_INT3_DriverIRQHandler
 .text.PIN_INT4_DriverIRQHandler
                0x00004014       0x12 CMakeFiles/new_project.elf.dir/Users/albornozthiago/Documents/UTN_2025/curso-lse/trabajo_integrador/sdks/integrador_tp_sdk/devices/LPC845/drivers/fsl_pint.c.obj
                0x00004014                PIN_INT4_DriverIRQHandler
 .text.PIN_INT5_DAC1_IRQHandler
                0x00004026       0x12 CMakeFiles/new_project.elf.dir/Users/albornozthiago/Documents/UTN_2025/curso-lse/trabajo_integrador/sdks/integrador_tp_sdk/devices/LPC845/drivers/fsl_pint.c.obj
                0x00004026                PIN_INT5_DAC1_IRQHandler
 .text.PIN_INT6_USART3_IRQHandler
                0x00004038       0x12 CMakeFiles/new_project.elf.dir/Users/albornozthiago/Documents/UTN_2025/curso-lse/trabajo_integrador/sdks/integrador_tp_sdk/devices/LPC845/drivers/fsl_pint.c.obj
                0x00004038                PIN_INT6_USART3_IRQHandler
 .text.PIN_INT7_USART4_IRQHandler
                0x0000404a       0x12 CMakeFiles/new_project.elf.dir/Users/albornozthiago/Documents/UTN_2025/curso-lse/trabajo_integrador/sdks/integrador_tp_sdk/devices/LPC845/drivers/fsl_pint.c.obj
                0x0000404a                PIN_INT7_USART4_IRQHandler
 .text.CLOCK_EnableClock
                0x0000405c       0x54 CMakeFiles/new_project.elf.dir/Users/albornozthiago/Documents/UTN_2025/curso-lse/trabajo_integrador/sdks/integrador_tp_sdk/devices/LPC845/drivers/fsl_gpio.c.obj
 .text.GPIO_EnablePortClock
                0x000040b0       0x44 CMakeFiles/new_project.elf.dir/Users/albornozthiago/Documents/UTN_2025/curso-lse/trabajo_integrador/sdks/integrador_tp_sdk/devices/LPC845/drivers/fsl_gpio.c.obj
 .text.GPIO_PortInit
                0x000040f4       0x30 CMakeFiles/new_project.elf.dir/Users/albornozthiago/Documents/UTN_2025/curso-lse/trabajo_integrador/sdks/integrador_tp_sdk/devices/LPC845/drivers/fsl_gpio.c.obj
                0x000040f4                GPIO_PortInit
 .text.GPIO_PinInit
                0x00004124       0xc0 CMakeFiles/new_project.elf.dir/Users/albornozthiago/Documents/UTN_2025/curso-lse/trabajo_integrador/sdks/integrador_tp_sdk/devices/LPC845/drivers/fsl_gpio.c.obj
                0x00004124                GPIO_PinInit
 .text.CLOCK_EnableClock
                0x000041e4       0x54 CMakeFiles/new_project.elf.dir/Users/albornozthiago/Documents/UTN_2025/curso-lse/trabajo_integrador/sdks/integrador_tp_sdk/devices/LPC845/drivers/fsl_capt.c.obj
 .text.CAPT_GetInstance
                0x00004238       0x54 CMakeFiles/new_project.elf.dir/Users/albornozthiago/Documents/UTN_2025/curso-lse/trabajo_integrador/sdks/integrador_tp_sdk/devices/LPC845/drivers/fsl_capt.c.obj
 .text.CAPT_Init
                0x0000428c      0x118 CMakeFiles/new_project.elf.dir/Users/albornozthiago/Documents/UTN_2025/curso-lse/trabajo_integrador/sdks/integrador_tp_sdk/devices/LPC845/drivers/fsl_capt.c.obj
                0x0000428c                CAPT_Init
 .text.CAPT_GetDefaultConfig
                0x000043a4       0x78 CMakeFiles/new_project.elf.dir/Users/albornozthiago/Documents/UTN_2025/curso-lse/trabajo_integrador/sdks/integrador_tp_sdk/devices/LPC845/drivers/fsl_capt.c.obj
                0x000043a4                CAPT_GetDefaultConfig
 .text.CAPT_SetPollMode
                0x0000441c       0x4a CMakeFiles/new_project.elf.dir/Users/albornozthiago/Documents/UTN_2025/curso-lse/trabajo_integrador/sdks/integrador_tp_sdk/devices/LPC845/drivers/fsl_capt.c.obj
                0x0000441c                CAPT_SetPollMode
 *fill*         0x00004466        0x2 
 .text.CAPT_GetTouchData
                0x00004468       0xb4 CMakeFiles/new_project.elf.dir/Users/albornozthiago/Documents/UTN_2025/curso-lse/trabajo_integrador/sdks/integrador_tp_sdk/devices/LPC845/drivers/fsl_capt.c.obj
                0x00004468                CAPT_GetTouchData
 .text.SystemInit
                0x0000451c       0x2c CMakeFiles/new_project.elf.dir/Users/albornozthiago/Documents/UTN_2025/curso-lse/trabajo_integrador/sdks/integrador_tp_sdk/devices/LPC845/system_LPC845.c.obj
                0x0000451c                SystemInit
 .text.SystemInitHook
                0x00004548        0xa CMakeFiles/new_project.elf.dir/Users/albornozthiago/Documents/UTN_2025/curso-lse/trabajo_integrador/sdks/integrador_tp_sdk/devices/LPC845/system_LPC845.c.obj
                0x00004548                SystemInitHook
 *fill*         0x00004552        0x2 
 .text.CLOCK_GetCoreSysClkFreq
                0x00004554       0x24 CMakeFiles/new_project.elf.dir/Users/albornozthiago/Documents/UTN_2025/curso-lse/trabajo_integrador/sdks/integrador_tp_sdk/devices/LPC845/drivers/fsl_clock.c.obj
 .text.CLOCK_GetSystemPLLFreq
                0x00004578       0x20 CMakeFiles/new_project.elf.dir/Users/albornozthiago/Documents/UTN_2025/curso-lse/trabajo_integrador/sdks/integrador_tp_sdk/devices/LPC845/drivers/fsl_clock.c.obj
 .text.CLOCK_GetWdtOscFreq
                0x00004598       0x14 CMakeFiles/new_project.elf.dir/Users/albornozthiago/Documents/UTN_2025/curso-lse/trabajo_integrador/sdks/integrador_tp_sdk/devices/LPC845/drivers/fsl_clock.c.obj
 .text.CLOCK_GetExtClkFreq
                0x000045ac       0x14 CMakeFiles/new_project.elf.dir/Users/albornozthiago/Documents/UTN_2025/curso-lse/trabajo_integrador/sdks/integrador_tp_sdk/devices/LPC845/drivers/fsl_clock.c.obj
 .text.CLOCK_GetFRGInputClkFreq
                0x000045c0       0x3e CMakeFiles/new_project.elf.dir/Users/albornozthiago/Documents/UTN_2025/curso-lse/trabajo_integrador/sdks/integrador_tp_sdk/devices/LPC845/drivers/fsl_clock.c.obj
 *fill*         0x000045fe        0x2 
 .text.CLOCK_UpdateClkSrc
                0x00004600       0x58 CMakeFiles/new_project.elf.dir/Users/albornozthiago/Documents/UTN_2025/curso-lse/trabajo_integrador/sdks/integrador_tp_sdk/devices/LPC845/drivers/fsl_clock.c.obj
 .text.CLOCK_GetFRG0ClkFreq
                0x00004658       0x64 CMakeFiles/new_project.elf.dir/Users/albornozthiago/Documents/UTN_2025/curso-lse/trabajo_integrador/sdks/integrador_tp_sdk/devices/LPC845/drivers/fsl_clock.c.obj
                0x00004658                CLOCK_GetFRG0ClkFreq
 .text.CLOCK_GetFRG1ClkFreq
                0x000046bc       0x64 CMakeFiles/new_project.elf.dir/Users/albornozthiago/Documents/UTN_2025/curso-lse/trabajo_integrador/sdks/integrador_tp_sdk/devices/LPC845/drivers/fsl_clock.c.obj
                0x000046bc                CLOCK_GetFRG1ClkFreq
 .text.CLOCK_GetMainClkFreq
                0x00004720       0x78 CMakeFiles/new_project.elf.dir/Users/albornozthiago/Documents/UTN_2025/curso-lse/trabajo_integrador/sdks/integrador_tp_sdk/devices/LPC845/drivers/fsl_clock.c.obj
                0x00004720                CLOCK_GetMainClkFreq
 .text.CLOCK_GetFroFreq
                0x00004798       0x78 CMakeFiles/new_project.elf.dir/Users/albornozthiago/Documents/UTN_2025/curso-lse/trabajo_integrador/sdks/integrador_tp_sdk/devices/LPC845/drivers/fsl_clock.c.obj
                0x00004798                CLOCK_GetFroFreq
 .text.CLOCK_GetFreq
                0x00004810       0x90 CMakeFiles/new_project.elf.dir/Users/albornozthiago/Documents/UTN_2025/curso-lse/trabajo_integrador/sdks/integrador_tp_sdk/devices/LPC845/drivers/fsl_clock.c.obj
                0x00004810                CLOCK_GetFreq
 .text.CLOCK_GetSystemPLLInClockRate
                0x000048a0       0x64 CMakeFiles/new_project.elf.dir/Users/albornozthiago/Documents/UTN_2025/curso-lse/trabajo_integrador/sdks/integrador_tp_sdk/devices/LPC845/drivers/fsl_clock.c.obj
                0x000048a0                CLOCK_GetSystemPLLInClockRate
 .text.CLOCK_SetMainClkSrc
                0x00004904       0x9c CMakeFiles/new_project.elf.dir/Users/albornozthiago/Documents/UTN_2025/curso-lse/trabajo_integrador/sdks/integrador_tp_sdk/devices/LPC845/drivers/fsl_clock.c.obj
                0x00004904                CLOCK_SetMainClkSrc
 .text.CLOCK_SetFroOutClkSrc
                0x000049a0       0x48 CMakeFiles/new_project.elf.dir/Users/albornozthiago/Documents/UTN_2025/curso-lse/trabajo_integrador/sdks/integrador_tp_sdk/devices/LPC845/drivers/fsl_clock.c.obj
                0x000049a0                CLOCK_SetFroOutClkSrc
 .text.DelayLoop
                0x000049e8       0x1a CMakeFiles/new_project.elf.dir/Users/albornozthiago/Documents/UTN_2025/curso-lse/trabajo_integrador/sdks/integrador_tp_sdk/devices/LPC845/drivers/fsl_common_arm.c.obj
 *fill*         0x00004a02        0x2 
 .text.SDK_DelayAtLeastUs
                0x00004a04       0x84 CMakeFiles/new_project.elf.dir/Users/albornozthiago/Documents/UTN_2025/curso-lse/trabajo_integrador/sdks/integrador_tp_sdk/devices/LPC845/drivers/fsl_common_arm.c.obj
                0x00004a04                SDK_DelayAtLeastUs
 .text.USART0_DriverIRQHandler
                0x00004a88       0x24 CMakeFiles/new_project.elf.dir/Users/albornozthiago/Documents/UTN_2025/curso-lse/trabajo_integrador/sdks/integrador_tp_sdk/devices/LPC845/drivers/fsl_usart.c.obj
                0x00004a88                USART0_DriverIRQHandler
 .text.USART1_DriverIRQHandler
                0x00004aac       0x24 CMakeFiles/new_project.elf.dir/Users/albornozthiago/Documents/UTN_2025/curso-lse/trabajo_integrador/sdks/integrador_tp_sdk/devices/LPC845/drivers/fsl_usart.c.obj
                0x00004aac                USART1_DriverIRQHandler
 .text.USART2_DriverIRQHandler
                0x00004ad0       0x24 CMakeFiles/new_project.elf.dir/Users/albornozthiago/Documents/UTN_2025/curso-lse/trabajo_integrador/sdks/integrador_tp_sdk/devices/LPC845/drivers/fsl_usart.c.obj
                0x00004ad0                USART2_DriverIRQHandler
 .text.PIN_INT6_USART3_DriverIRQHandler
                0x00004af4       0x24 CMakeFiles/new_project.elf.dir/Users/albornozthiago/Documents/UTN_2025/curso-lse/trabajo_integrador/sdks/integrador_tp_sdk/devices/LPC845/drivers/fsl_usart.c.obj
                0x00004af4                PIN_INT6_USART3_DriverIRQHandler
 .text.PIN_INT7_USART4_DriverIRQHandler
                0x00004b18       0x24 CMakeFiles/new_project.elf.dir/Users/albornozthiago/Documents/UTN_2025/curso-lse/trabajo_integrador/sdks/integrador_tp_sdk/devices/LPC845/drivers/fsl_usart.c.obj
                0x00004b18                PIN_INT7_USART4_DriverIRQHandler
 .text.RESET_SetPeripheralReset
                0x00004b3c       0x7c CMakeFiles/new_project.elf.dir/Users/albornozthiago/Documents/UTN_2025/curso-lse/trabajo_integrador/sdks/integrador_tp_sdk/devices/LPC845/drivers/fsl_reset.c.obj
                0x00004b3c                RESET_SetPeripheralReset
 .text.RESET_ClearPeripheralReset
                0x00004bb8       0x78 CMakeFiles/new_project.elf.dir/Users/albornozthiago/Documents/UTN_2025/curso-lse/trabajo_integrador/sdks/integrador_tp_sdk/devices/LPC845/drivers/fsl_reset.c.obj
                0x00004bb8                RESET_ClearPeripheralReset
 .text.RESET_PeripheralReset
                0x00004c30       0x20 CMakeFiles/new_project.elf.dir/Users/albornozthiago/Documents/UTN_2025/curso-lse/trabajo_integrador/sdks/integrador_tp_sdk/devices/LPC845/drivers/fsl_reset.c.obj
                0x00004c30                RESET_PeripheralReset
 .text.SWM_SetMovablePinSelect
                0x00004c50       0xa8 CMakeFiles/new_project.elf.dir/Users/albornozthiago/Documents/UTN_2025/curso-lse/trabajo_integrador/sdks/integrador_tp_sdk/devices/LPC845/drivers/fsl_swm.c.obj
                0x00004c50                SWM_SetMovablePinSelect
 .text.SWM_SetFixedPinSelect
                0x00004cf8       0xac CMakeFiles/new_project.elf.dir/Users/albornozthiago/Documents/UTN_2025/curso-lse/trabajo_integrador/sdks/integrador_tp_sdk/devices/LPC845/drivers/fsl_swm.c.obj
                0x00004cf8                SWM_SetFixedPinSelect
 .text.fsl_assert_hook
                0x00004da4       0x16 CMakeFiles/new_project.elf.dir/Users/albornozthiago/Documents/UTN_2025/curso-lse/trabajo_integrador/sdks/integrador_tp_sdk/devices/LPC845/utilities/debug_console_lite/fsl_assert.c.obj
                0x00004da4                fsl_assert_hook
 *fill*         0x00004dba        0x2 
 .text.__assert_func
                0x00004dbc       0x34 CMakeFiles/new_project.elf.dir/Users/albornozthiago/Documents/UTN_2025/curso-lse/trabajo_integrador/sdks/integrador_tp_sdk/devices/LPC845/utilities/debug_console_lite/fsl_assert.c.obj
                0x00004dbc                __assert_func
 .text.DbgConsole_Printf
                0x00004df0       0x32 CMakeFiles/new_project.elf.dir/Users/albornozthiago/Documents/UTN_2025/curso-lse/trabajo_integrador/sdks/integrador_tp_sdk/devices/LPC845/utilities/debug_console_lite/fsl_debug_console.c.obj
                0x00004df0                DbgConsole_Printf
 *fill*         0x00004e22        0x2 
 .text.DbgConsole_Vprintf
                0x00004e24       0x40 CMakeFiles/new_project.elf.dir/Users/albornozthiago/Documents/UTN_2025/curso-lse/trabajo_integrador/sdks/integrador_tp_sdk/devices/LPC845/utilities/debug_console_lite/fsl_debug_console.c.obj
                0x00004e24                DbgConsole_Vprintf
 .text.DbgConsole_Putchar
                0x00004e64       0x30 CMakeFiles/new_project.elf.dir/Users/albornozthiago/Documents/UTN_2025/curso-lse/trabajo_integrador/sdks/integrador_tp_sdk/devices/LPC845/utilities/debug_console_lite/fsl_debug_console.c.obj
                0x00004e64                DbgConsole_Putchar
 .text.DbgConsole_PrintfPaddingCharacter
                0x00004e94       0x48 CMakeFiles/new_project.elf.dir/Users/albornozthiago/Documents/UTN_2025/curso-lse/trabajo_integrador/sdks/integrador_tp_sdk/devices/LPC845/utilities/debug_console_lite/fsl_debug_console.c.obj
 .text.DbgConsole_ConvertRadixNumToString
                0x00004edc       0xc2 CMakeFiles/new_project.elf.dir/Users/albornozthiago/Documents/UTN_2025/curso-lse/trabajo_integrador/sdks/integrador_tp_sdk/devices/LPC845/utilities/debug_console_lite/fsl_debug_console.c.obj
 .text.DbgConsole_PrintfFormattedData
                0x00004f9e      0x3da CMakeFiles/new_project.elf.dir/Users/albornozthiago/Documents/UTN_2025/curso-lse/trabajo_integrador/sdks/integrador_tp_sdk/devices/LPC845/utilities/debug_console_lite/fsl_debug_console.c.obj
 .text.__muldi3
                0x00005378       0x5c /Users/albornozthiago/.mcuxpressotools/arm-gnu-toolchain-13.2.Rel1-darwin-arm64-arm-none-eabi/bin/../lib/gcc/arm-none-eabi/13.2.1/thumb/v6-m/nofp/libgcc.a(_muldi3.o)
                0x00005378                __aeabi_lmul
                0x00005378                __muldi3
 .text.__fixunssfsi
                0x000053d4       0x30 /Users/albornozthiago/.mcuxpressotools/arm-gnu-toolchain-13.2.Rel1-darwin-arm64-arm-none-eabi/bin/../lib/gcc/arm-none-eabi/13.2.1/thumb/v6-m/nofp/libgcc.a(_fixunssfsi.o)
                0x000053d4                __aeabi_f2uiz
                0x000053d4                __fixunssfsi
 .text.__udivmoddi4
                0x00005404      0x198 /Users/albornozthiago/.mcuxpressotools/arm-gnu-toolchain-13.2.Rel1-darwin-arm64-arm-none-eabi/bin/../lib/gcc/arm-none-eabi/13.2.1/thumb/v6-m/nofp/libgcc.a(_udivmoddi4.o)
                0x00005404                __udivmoddi4
 .text.__aeabi_fsub
                0x0000559c      0x38c /Users/albornozthiago/.mcuxpressotools/arm-gnu-toolchain-13.2.Rel1-darwin-arm64-arm-none-eabi/bin/../lib/gcc/arm-none-eabi/13.2.1/thumb/v6-m/nofp/libgcc.a(subsf3.o)
                0x0000559c                __aeabi_fsub
 .text.__aeabi_f2iz
                0x00005928       0x40 /Users/albornozthiago/.mcuxpressotools/arm-gnu-toolchain-13.2.Rel1-darwin-arm64-arm-none-eabi/bin/../lib/gcc/arm-none-eabi/13.2.1/thumb/v6-m/nofp/libgcc.a(fixsfsi.o)
                0x00005928                __aeabi_f2iz
 .text.__aeabi_ddiv
                0x00005968      0x604 /Users/albornozthiago/.mcuxpressotools/arm-gnu-toolchain-13.2.Rel1-darwin-arm64-arm-none-eabi/bin/../lib/gcc/arm-none-eabi/13.2.1/thumb/v6-m/nofp/libgcc.a(divdf3.o)
                0x00005968                __aeabi_ddiv
 .text.__aeabi_i2d
                0x00005f6c       0x5c /Users/albornozthiago/.mcuxpressotools/arm-gnu-toolchain-13.2.Rel1-darwin-arm64-arm-none-eabi/bin/../lib/gcc/arm-none-eabi/13.2.1/thumb/v6-m/nofp/libgcc.a(floatsidf.o)
                0x00005f6c                __aeabi_i2d
 .text.__aeabi_d2f
                0x00005fc8      0x10c /Users/albornozthiago/.mcuxpressotools/arm-gnu-toolchain-13.2.Rel1-darwin-arm64-arm-none-eabi/bin/../lib/gcc/arm-none-eabi/13.2.1/thumb/v6-m/nofp/libgcc.a(truncdfsf2.o)
                0x00005fc8                __aeabi_d2f
 .text.__eqsf2  0x000060d4       0x50 /Users/albornozthiago/.mcuxpressotools/arm-gnu-toolchain-13.2.Rel1-darwin-arm64-arm-none-eabi/bin/../lib/gcc/arm-none-eabi/13.2.1/thumb/v6-m/nofp/libgcc.a(eqsf2.o)
                0x000060d4                __nesf2
                0x000060d4                __eqsf2
 .text.__gesf2  0x00006124       0x94 /Users/albornozthiago/.mcuxpressotools/arm-gnu-toolchain-13.2.Rel1-darwin-arm64-arm-none-eabi/bin/../lib/gcc/arm-none-eabi/13.2.1/thumb/v6-m/nofp/libgcc.a(gesf2.o)
                0x00006124                __gtsf2
                0x00006124                __gesf2
 .text.__lesf2  0x000061b8       0x90 /Users/albornozthiago/.mcuxpressotools/arm-gnu-toolchain-13.2.Rel1-darwin-arm64-arm-none-eabi/bin/../lib/gcc/arm-none-eabi/13.2.1/thumb/v6-m/nofp/libgcc.a(lesf2.o)
                0x000061b8                __lesf2
                0x000061b8                __ltsf2
 .text.exit     0x00006248       0x28 /Users/albornozthiago/.mcuxpressotools/arm-gnu-toolchain-13.2.Rel1-darwin-arm64-arm-none-eabi/bin/../lib/gcc/arm-none-eabi/13.2.1/../../../../arm-none-eabi/lib/thumb/v6-m/nofp/libc_nano.a(libc_a-exit.o)
                0x00006248                exit
 .text.memset   0x00006270       0x10 /Users/albornozthiago/.mcuxpressotools/arm-gnu-toolchain-13.2.Rel1-darwin-arm64-arm-none-eabi/bin/../lib/gcc/arm-none-eabi/13.2.1/../../../../arm-none-eabi/lib/thumb/v6-m/nofp/libc_nano.a(libc_a-memset.o)
                0x00006270                memset
 .text.__libc_init_array
                0x00006280       0x48 /Users/albornozthiago/.mcuxpressotools/arm-gnu-toolchain-13.2.Rel1-darwin-arm64-arm-none-eabi/bin/../lib/gcc/arm-none-eabi/13.2.1/../../../../arm-none-eabi/lib/thumb/v6-m/nofp/libc_nano.a(libc_a-init.o)
                0x00006280                __libc_init_array
 .text.memcpy   0x000062c8       0x12 /Users/albornozthiago/.mcuxpressotools/arm-gnu-toolchain-13.2.Rel1-darwin-arm64-arm-none-eabi/bin/../lib/gcc/arm-none-eabi/13.2.1/../../../../arm-none-eabi/lib/thumb/v6-m/nofp/libc_nano.a(libc_a-memcpy-stub.o)
                0x000062c8                memcpy
 .text._exit    0x000062da        0x2 /Users/albornozthiago/.mcuxpressotools/arm-gnu-toolchain-13.2.Rel1-darwin-arm64-arm-none-eabi/bin/../lib/gcc/arm-none-eabi/13.2.1/../../../../arm-none-eabi/lib/thumb/v6-m/nofp/libcr_newlib_nohost.a(_exit.o)
                0x000062da                _exit
 .text.xQueueGenericReset
                0x000062dc      0x116 freertos/libfreertos.a(queue.c.obj)
                0x000062dc                xQueueGenericReset
 .text.xQueueGenericCreate
                0x000063f2       0xbe freertos/libfreertos.a(queue.c.obj)
                0x000063f2                xQueueGenericCreate
 .text.prvInitialiseNewQueue
                0x000064b0       0x4e freertos/libfreertos.a(queue.c.obj)
 .text.prvInitialiseMutex
                0x000064fe       0x34 freertos/libfreertos.a(queue.c.obj)
 .text.xQueueCreateMutex
                0x00006532       0x38 freertos/libfreertos.a(queue.c.obj)
                0x00006532                xQueueCreateMutex
 .text.xQueueCreateCountingSemaphore
                0x0000656a       0x50 freertos/libfreertos.a(queue.c.obj)
                0x0000656a                xQueueCreateCountingSemaphore
 .text.xQueueGenericSend
                0x000065ba      0x172 freertos/libfreertos.a(queue.c.obj)
                0x000065ba                xQueueGenericSend
 .text.xQueueGenericSendFromISR
                0x0000672c      0x114 freertos/libfreertos.a(queue.c.obj)
                0x0000672c                xQueueGenericSendFromISR
 .text.xQueueGiveFromISR
                0x00006840       0xf6 freertos/libfreertos.a(queue.c.obj)
                0x00006840                xQueueGiveFromISR
 .text.xQueueSemaphoreTake
                0x00006936      0x192 freertos/libfreertos.a(queue.c.obj)
                0x00006936                xQueueSemaphoreTake
 .text.xQueuePeek
                0x00006ac8      0x156 freertos/libfreertos.a(queue.c.obj)
                0x00006ac8                xQueuePeek
 .text.uxQueueMessagesWaiting
                0x00006c1e       0x2c freertos/libfreertos.a(queue.c.obj)
                0x00006c1e                uxQueueMessagesWaiting
 .text.prvGetDisinheritPriorityAfterTimeout
                0x00006c4a       0x2c freertos/libfreertos.a(queue.c.obj)
 .text.prvCopyDataToQueue
                0x00006c76       0xd6 freertos/libfreertos.a(queue.c.obj)
 .text.prvCopyDataFromQueue
                0x00006d4c       0x4c freertos/libfreertos.a(queue.c.obj)
 .text.prvUnlockQueue
                0x00006d98       0xbc freertos/libfreertos.a(queue.c.obj)
 .text.prvIsQueueEmpty
                0x00006e54       0x2c freertos/libfreertos.a(queue.c.obj)
 .text.prvIsQueueFull
                0x00006e80       0x30 freertos/libfreertos.a(queue.c.obj)
 .text.prvCreateTask
                0x00006eb0       0x82 freertos/libfreertos.a(tasks.c.obj)
 .text.xTaskCreate
                0x00006f32       0x4c freertos/libfreertos.a(tasks.c.obj)
                0x00006f32                xTaskCreate
 *fill*         0x00006f7e        0x2 
 .text.prvInitialiseNewTask
                0x00006f80      0x108 freertos/libfreertos.a(tasks.c.obj)
 .text.prvAddNewTaskToReadyList
                0x00007088      0x120 freertos/libfreertos.a(tasks.c.obj)
 .text.vTaskDelete
                0x000071a8       0xec freertos/libfreertos.a(tasks.c.obj)
                0x000071a8                vTaskDelete
 .text.vTaskDelay
                0x00007294       0x4c freertos/libfreertos.a(tasks.c.obj)
                0x00007294                vTaskDelay
 .text.vTaskSuspend
                0x000072e0       0xf0 freertos/libfreertos.a(tasks.c.obj)
                0x000072e0                vTaskSuspend
 .text.prvTaskIsTaskSuspended
                0x000073d0       0x78 freertos/libfreertos.a(tasks.c.obj)
 .text.vTaskResume
                0x00007448       0xec freertos/libfreertos.a(tasks.c.obj)
                0x00007448                vTaskResume
 .text.prvCreateIdleTasks
                0x00007534       0x98 freertos/libfreertos.a(tasks.c.obj)
 .text.vTaskStartScheduler
                0x000075cc       0x58 freertos/libfreertos.a(tasks.c.obj)
                0x000075cc                vTaskStartScheduler
 .text.vTaskSuspendAll
                0x00007624       0x18 freertos/libfreertos.a(tasks.c.obj)
                0x00007624                vTaskSuspendAll
 .text.prvGetExpectedIdleTime
                0x0000763c       0x70 freertos/libfreertos.a(tasks.c.obj)
 .text.xTaskResumeAll
                0x000076ac      0x1ec freertos/libfreertos.a(tasks.c.obj)
                0x000076ac                xTaskResumeAll
 .text.uxTaskGetNumberOfTasks
                0x00007898       0x14 freertos/libfreertos.a(tasks.c.obj)
                0x00007898                uxTaskGetNumberOfTasks
 .text.vTaskStepTick
                0x000078ac       0x84 freertos/libfreertos.a(tasks.c.obj)
                0x000078ac                vTaskStepTick
 .text.xTaskIncrementTick
                0x00007930      0x21c freertos/libfreertos.a(tasks.c.obj)
                0x00007930                xTaskIncrementTick
 .text.vTaskSwitchContext
                0x00007b4c       0xa8 freertos/libfreertos.a(tasks.c.obj)
                0x00007b4c                vTaskSwitchContext
 .text.vTaskPlaceOnEventList
                0x00007bf4       0x40 freertos/libfreertos.a(tasks.c.obj)
                0x00007bf4                vTaskPlaceOnEventList
 .text.xTaskRemoveFromEventList
                0x00007c34      0x1a0 freertos/libfreertos.a(tasks.c.obj)
                0x00007c34                xTaskRemoveFromEventList
 .text.vTaskInternalSetTimeOutState
                0x00007dd4       0x28 freertos/libfreertos.a(tasks.c.obj)
                0x00007dd4                vTaskInternalSetTimeOutState
 .text.xTaskCheckForTimeOut
                0x00007dfc       0xac freertos/libfreertos.a(tasks.c.obj)
                0x00007dfc                xTaskCheckForTimeOut
 .text.vTaskMissedYield
                0x00007ea8       0x14 freertos/libfreertos.a(tasks.c.obj)
                0x00007ea8                vTaskMissedYield
 .text.prvIdleTask
                0x00007ebc       0x64 freertos/libfreertos.a(tasks.c.obj)
 .text.eTaskConfirmSleepModeStatus
                0x00007f20       0x78 freertos/libfreertos.a(tasks.c.obj)
                0x00007f20                eTaskConfirmSleepModeStatus
 .text.prvInitialiseTaskLists
                0x00007f98       0x88 freertos/libfreertos.a(tasks.c.obj)
 .text.prvCheckTasksWaitingTermination
                0x00008020       0x5c freertos/libfreertos.a(tasks.c.obj)
 .text.prvDeleteTCB
                0x0000807c       0x22 freertos/libfreertos.a(tasks.c.obj)
 *fill*         0x0000809e        0x2 
 .text.prvResetNextTaskUnblockTime
                0x000080a0       0x34 freertos/libfreertos.a(tasks.c.obj)
 .text.xTaskPriorityInherit
                0x000080d4      0x124 freertos/libfreertos.a(tasks.c.obj)
                0x000080d4                xTaskPriorityInherit
 .text.xTaskPriorityDisinherit
                0x000081f8      0x10c freertos/libfreertos.a(tasks.c.obj)
                0x000081f8                xTaskPriorityDisinherit
 .text.vTaskPriorityDisinheritAfterTimeout
                0x00008304      0x134 freertos/libfreertos.a(tasks.c.obj)
                0x00008304                vTaskPriorityDisinheritAfterTimeout
 .text.pvTaskIncrementMutexHeldCount
                0x00008438       0x2c freertos/libfreertos.a(tasks.c.obj)
                0x00008438                pvTaskIncrementMutexHeldCount
 .text.prvAddCurrentTaskToDelayedList
                0x00008464       0xe4 freertos/libfreertos.a(tasks.c.obj)
 .text.pvPortMalloc
                0x00008548      0x140 freertos/libfreertos.a(heap_2.c.obj)
                0x00008548                pvPortMalloc
 .text.vPortFree
                0x00008688       0xac freertos/libfreertos.a(heap_2.c.obj)
                0x00008688                vPortFree
 .text.prvHeapInit
                0x00008734       0x50 freertos/libfreertos.a(heap_2.c.obj)
 .text.pxPortInitialiseStack
                0x00008784       0x54 freertos/libfreertos.a(port.c.obj)
                0x00008784                pxPortInitialiseStack
 .text.prvTaskExitError
                0x000087d8       0x30 freertos/libfreertos.a(port.c.obj)
 .text.SVC_Handler
                0x00008808        0xa freertos/libfreertos.a(port.c.obj)
                0x00008808                SVC_Handler
 *fill*         0x00008812        0xe 
 .text.vPortStartFirstTask
                0x00008820       0x38 freertos/libfreertos.a(port.c.obj)
 .text.xPortStartScheduler
                0x00008858       0x48 freertos/libfreertos.a(port.c.obj)
                0x00008858                xPortStartScheduler
 .text.vPortYield
                0x000088a0       0x20 freertos/libfreertos.a(port.c.obj)
                0x000088a0                vPortYield
 .text.vPortEnterCritical
                0x000088c0       0x24 freertos/libfreertos.a(port.c.obj)
                0x000088c0                vPortEnterCritical
 .text.vPortExitCritical
                0x000088e4       0x30 freertos/libfreertos.a(port.c.obj)
                0x000088e4                vPortExitCritical
 .text.ulSetInterruptMaskFromISR
                0x00008914        0xc freertos/libfreertos.a(port.c.obj)
                0x00008914                ulSetInterruptMaskFromISR
 .text.vClearInterruptMaskFromISR
                0x00008920        0x8 freertos/libfreertos.a(port.c.obj)
                0x00008920                vClearInterruptMaskFromISR
 *fill*         0x00008928        0x8 
 .text.PendSV_Handler
                0x00008930       0x48 freertos/libfreertos.a(port.c.obj)
                0x00008930                PendSV_Handler
 .text.SysTick_Handler
                0x00008978       0x34 freertos/libfreertos.a(port.c.obj)
                0x00008978                SysTick_Handler
 .text.vPortSetupTimerInterrupt
                0x000089ac       0x84 freertos/libfreertos.a(port.c.obj)
                0x000089ac                vPortSetupTimerInterrupt
 .text.vPortSuppressTicksAndSleep
                0x00008a30      0x194 freertos/libfreertos.a(port.c.obj)
                0x00008a30                vPortSuppressTicksAndSleep
 .text.vListInitialise
                0x00008bc4       0x3c freertos/libfreertos.a(list.c.obj)
                0x00008bc4                vListInitialise
 .text.vListInitialiseItem
                0x00008c00       0x16 freertos/libfreertos.a(list.c.obj)
                0x00008c00                vListInitialiseItem
 .text.vListInsertEnd
                0x00008c16       0x44 freertos/libfreertos.a(list.c.obj)
                0x00008c16                vListInsertEnd
 .text.vListInsert
                0x00008c5a       0x6c freertos/libfreertos.a(list.c.obj)
                0x00008c5a                vListInsert
 .text.uxListRemove
                0x00008cc6       0x50 freertos/libfreertos.a(list.c.obj)
                0x00008cc6                uxListRemove
 *(.rodata)
 *fill*         0x00008d16        0x2 
 .rodata        0x00008d18       0x65 CMakeFiles/new_project.elf.dir/Users/albornozthiago/Documents/UTN_2025/curso-lse/trabajo_integrador/integrador_tp/main.c.obj
 *fill*         0x00008d7d        0x3 
 .rodata        0x00008d80       0x8c CMakeFiles/new_project.elf.dir/Users/albornozthiago/Documents/UTN_2025/curso-lse/trabajo_integrador/integrador_tp/clock_config.c.obj
 .rodata        0x00008e0c      0x114 CMakeFiles/new_project.elf.dir/Users/albornozthiago/Documents/UTN_2025/curso-lse/trabajo_integrador/integrador_tp/tareas_app.c.obj
 .rodata        0x00008f20      0x210 CMakeFiles/new_project.elf.dir/Users/albornozthiago/Documents/UTN_2025/curso-lse/trabajo_integrador/integrador_tp/wrappers.c.obj
 .rodata        0x00009130      0x198 CMakeFiles/new_project.elf.dir/Users/albornozthiago/Documents/UTN_2025/curso-lse/trabajo_integrador/sdks/integrador_tp_sdk/devices/LPC845/drivers/fsl_i2c.c.obj
 .rodata        0x000092c8       0xec CMakeFiles/new_project.elf.dir/Users/albornozthiago/Documents/UTN_2025/curso-lse/trabajo_integrador/sdks/integrador_tp_sdk/devices/LPC845/drivers/fsl_adc.c.obj
 .rodata        0x000093b4      0x2b7 CMakeFiles/new_project.elf.dir/Users/albornozthiago/Documents/UTN_2025/curso-lse/trabajo_integrador/sdks/integrador_tp_sdk/devices/LPC845/drivers/fsl_sctimer.c.obj
 *fill*         0x0000966b        0x1 
 .rodata        0x0000966c       0xb1 CMakeFiles/new_project.elf.dir/Users/albornozthiago/Documents/UTN_2025/curso-lse/trabajo_integrador/sdks/integrador_tp_sdk/devices/LPC845/drivers/fsl_pint.c.obj
 *fill*         0x0000971d        0x3 
 .rodata        0x00009720       0xa3 CMakeFiles/new_project.elf.dir/Users/albornozthiago/Documents/UTN_2025/curso-lse/trabajo_integrador/sdks/integrador_tp_sdk/devices/LPC845/drivers/fsl_gpio.c.obj
 *fill*         0x000097c3        0x1 
 .rodata        0x000097c4       0xd1 CMakeFiles/new_project.elf.dir/Users/albornozthiago/Documents/UTN_2025/curso-lse/trabajo_integrador/sdks/integrador_tp_sdk/devices/LPC845/drivers/fsl_capt.c.obj
 *fill*         0x00009895        0x3 
 .rodata        0x00009898       0xe0 CMakeFiles/new_project.elf.dir/Users/albornozthiago/Documents/UTN_2025/curso-lse/trabajo_integrador/sdks/integrador_tp_sdk/devices/LPC845/drivers/fsl_clock.c.obj
 .rodata        0x00009978       0x99 CMakeFiles/new_project.elf.dir/Users/albornozthiago/Documents/UTN_2025/curso-lse/trabajo_integrador/sdks/integrador_tp_sdk/devices/LPC845/drivers/fsl_common_arm.c.obj
 *fill*         0x00009a11        0x3 
 .rodata        0x00009a14       0x90 CMakeFiles/new_project.elf.dir/Users/albornozthiago/Documents/UTN_2025/curso-lse/trabajo_integrador/sdks/integrador_tp_sdk/devices/LPC845/drivers/fsl_reset.c.obj
 .rodata        0x00009aa4       0xae CMakeFiles/new_project.elf.dir/Users/albornozthiago/Documents/UTN_2025/curso-lse/trabajo_integrador/sdks/integrador_tp_sdk/devices/LPC845/drivers/fsl_swm.c.obj
 *fill*         0x00009b52        0x2 
 .rodata        0x00009b54       0x3e CMakeFiles/new_project.elf.dir/Users/albornozthiago/Documents/UTN_2025/curso-lse/trabajo_integrador/sdks/integrador_tp_sdk/devices/LPC845/utilities/debug_console_lite/fsl_assert.c.obj
 *fill*         0x00009b92        0x2 
 .rodata        0x00009b94        0x5 freertos/libfreertos.a(tasks.c.obj)
 *(.rodata*)
 *fill*         0x00009b99        0x3 
 .rodata.__func__.0
                0x00009b9c       0x17 CMakeFiles/new_project.elf.dir/Users/albornozthiago/Documents/UTN_2025/curso-lse/trabajo_integrador/integrador_tp/clock_config.c.obj
 *fill*         0x00009bb3        0x1 
 .rodata.__func__.0
                0x00009bb4       0x13 CMakeFiles/new_project.elf.dir/Users/albornozthiago/Documents/UTN_2025/curso-lse/trabajo_integrador/integrador_tp/wrappers.c.obj
 *fill*         0x00009bc7        0x1 
 .rodata.s_i2cBases
                0x00009bc8       0x10 CMakeFiles/new_project.elf.dir/Users/albornozthiago/Documents/UTN_2025/curso-lse/trabajo_integrador/sdks/integrador_tp_sdk/devices/LPC845/drivers/fsl_i2c.c.obj
 .rodata.s_i2cClocks
                0x00009bd8        0x8 CMakeFiles/new_project.elf.dir/Users/albornozthiago/Documents/UTN_2025/curso-lse/trabajo_integrador/sdks/integrador_tp_sdk/devices/LPC845/drivers/fsl_i2c.c.obj
 .rodata.s_i2cResets
                0x00009be0       0x10 CMakeFiles/new_project.elf.dir/Users/albornozthiago/Documents/UTN_2025/curso-lse/trabajo_integrador/sdks/integrador_tp_sdk/devices/LPC845/drivers/fsl_i2c.c.obj
 .rodata.__func__.13
                0x00009bf0       0x10 CMakeFiles/new_project.elf.dir/Users/albornozthiago/Documents/UTN_2025/curso-lse/trabajo_integrador/sdks/integrador_tp_sdk/devices/LPC845/drivers/fsl_i2c.c.obj
 .rodata.__func__.12
                0x00009c00       0x16 CMakeFiles/new_project.elf.dir/Users/albornozthiago/Documents/UTN_2025/curso-lse/trabajo_integrador/sdks/integrador_tp_sdk/devices/LPC845/drivers/fsl_i2c.c.obj
 *fill*         0x00009c16        0x2 
 .rodata.__func__.11
                0x00009c18       0x18 CMakeFiles/new_project.elf.dir/Users/albornozthiago/Documents/UTN_2025/curso-lse/trabajo_integrador/sdks/integrador_tp_sdk/devices/LPC845/drivers/fsl_i2c.c.obj
 .rodata.__func__.10
                0x00009c30       0x17 CMakeFiles/new_project.elf.dir/Users/albornozthiago/Documents/UTN_2025/curso-lse/trabajo_integrador/sdks/integrador_tp_sdk/devices/LPC845/drivers/fsl_i2c.c.obj
 *fill*         0x00009c47        0x1 
 .rodata.__func__.7
                0x00009c48       0x10 CMakeFiles/new_project.elf.dir/Users/albornozthiago/Documents/UTN_2025/curso-lse/trabajo_integrador/sdks/integrador_tp_sdk/devices/LPC845/drivers/fsl_adc.c.obj
 .rodata.__func__.6
                0x00009c58        0x9 CMakeFiles/new_project.elf.dir/Users/albornozthiago/Documents/UTN_2025/curso-lse/trabajo_integrador/sdks/integrador_tp_sdk/devices/LPC845/drivers/fsl_adc.c.obj
 *fill*         0x00009c61        0x3 
 .rodata.__func__.5
                0x00009c64       0x16 CMakeFiles/new_project.elf.dir/Users/albornozthiago/Documents/UTN_2025/curso-lse/trabajo_integrador/sdks/integrador_tp_sdk/devices/LPC845/drivers/fsl_adc.c.obj
 *fill*         0x00009c7a        0x2 
 .rodata.__func__.4
                0x00009c7c       0x16 CMakeFiles/new_project.elf.dir/Users/albornozthiago/Documents/UTN_2025/curso-lse/trabajo_integrador/sdks/integrador_tp_sdk/devices/LPC845/drivers/fsl_adc.c.obj
 *fill*         0x00009c92        0x2 
 .rodata.__func__.0
                0x00009c94       0x1f CMakeFiles/new_project.elf.dir/Users/albornozthiago/Documents/UTN_2025/curso-lse/trabajo_integrador/sdks/integrador_tp_sdk/devices/LPC845/drivers/fsl_adc.c.obj
 *fill*         0x00009cb3        0x1 
 .rodata.__func__.10
                0x00009cb4       0x14 CMakeFiles/new_project.elf.dir/Users/albornozthiago/Documents/UTN_2025/curso-lse/trabajo_integrador/sdks/integrador_tp_sdk/devices/LPC845/drivers/fsl_sctimer.c.obj
 .rodata.__func__.9
                0x00009cc8        0xd CMakeFiles/new_project.elf.dir/Users/albornozthiago/Documents/UTN_2025/curso-lse/trabajo_integrador/sdks/integrador_tp_sdk/devices/LPC845/drivers/fsl_sctimer.c.obj
 *fill*         0x00009cd5        0x3 
 .rodata.__func__.8
                0x00009cd8       0x19 CMakeFiles/new_project.elf.dir/Users/albornozthiago/Documents/UTN_2025/curso-lse/trabajo_integrador/sdks/integrador_tp_sdk/devices/LPC845/drivers/fsl_sctimer.c.obj
 *fill*         0x00009cf1        0x3 
 .rodata.__func__.7
                0x00009cf4       0x11 CMakeFiles/new_project.elf.dir/Users/albornozthiago/Documents/UTN_2025/curso-lse/trabajo_integrador/sdks/integrador_tp_sdk/devices/LPC845/drivers/fsl_sctimer.c.obj
 *fill*         0x00009d05        0x3 
 .rodata.__func__.6
                0x00009d08       0x20 CMakeFiles/new_project.elf.dir/Users/albornozthiago/Documents/UTN_2025/curso-lse/trabajo_integrador/sdks/integrador_tp_sdk/devices/LPC845/drivers/fsl_sctimer.c.obj
 .rodata.__func__.5
                0x00009d28       0x1f CMakeFiles/new_project.elf.dir/Users/albornozthiago/Documents/UTN_2025/curso-lse/trabajo_integrador/sdks/integrador_tp_sdk/devices/LPC845/drivers/fsl_sctimer.c.obj
 *fill*         0x00009d47        0x1 
 .rodata.__func__.4
                0x00009d48       0x1d CMakeFiles/new_project.elf.dir/Users/albornozthiago/Documents/UTN_2025/curso-lse/trabajo_integrador/sdks/integrador_tp_sdk/devices/LPC845/drivers/fsl_sctimer.c.obj
 *fill*         0x00009d65        0x3 
 .rodata.__func__.3
                0x00009d68       0x1b CMakeFiles/new_project.elf.dir/Users/albornozthiago/Documents/UTN_2025/curso-lse/trabajo_integrador/sdks/integrador_tp_sdk/devices/LPC845/drivers/fsl_sctimer.c.obj
 *fill*         0x00009d83        0x1 
 .rodata.__func__.2
                0x00009d84       0x12 CMakeFiles/new_project.elf.dir/Users/albornozthiago/Documents/UTN_2025/curso-lse/trabajo_integrador/sdks/integrador_tp_sdk/devices/LPC845/drivers/fsl_sctimer.c.obj
 *fill*         0x00009d96        0x2 
 .rodata.__func__.1
                0x00009d98       0x13 CMakeFiles/new_project.elf.dir/Users/albornozthiago/Documents/UTN_2025/curso-lse/trabajo_integrador/sdks/integrador_tp_sdk/devices/LPC845/drivers/fsl_sctimer.c.obj
 *fill*         0x00009dab        0x1 
 .rodata.s_pintIRQ
                0x00009dac        0x8 CMakeFiles/new_project.elf.dir/Users/albornozthiago/Documents/UTN_2025/curso-lse/trabajo_integrador/sdks/integrador_tp_sdk/devices/LPC845/drivers/fsl_pint.c.obj
 .rodata.__func__.10
                0x00009db4       0x11 CMakeFiles/new_project.elf.dir/Users/albornozthiago/Documents/UTN_2025/curso-lse/trabajo_integrador/sdks/integrador_tp_sdk/devices/LPC845/drivers/fsl_pint.c.obj
 *fill*         0x00009dc5        0x3 
 .rodata.__func__.9
                0x00009dc8        0xa CMakeFiles/new_project.elf.dir/Users/albornozthiago/Documents/UTN_2025/curso-lse/trabajo_integrador/sdks/integrador_tp_sdk/devices/LPC845/drivers/fsl_pint.c.obj
 *fill*         0x00009dd2        0x2 
 .rodata.__func__.8
                0x00009dd4       0x18 CMakeFiles/new_project.elf.dir/Users/albornozthiago/Documents/UTN_2025/curso-lse/trabajo_integrador/sdks/integrador_tp_sdk/devices/LPC845/drivers/fsl_pint.c.obj
 .rodata.__func__.3
                0x00009dec       0x1b CMakeFiles/new_project.elf.dir/Users/albornozthiago/Documents/UTN_2025/curso-lse/trabajo_integrador/sdks/integrador_tp_sdk/devices/LPC845/drivers/fsl_pint.c.obj
 *fill*         0x00009e07        0x1 
 .rodata.s_gpioClockName
                0x00009e08        0x4 CMakeFiles/new_project.elf.dir/Users/albornozthiago/Documents/UTN_2025/curso-lse/trabajo_integrador/sdks/integrador_tp_sdk/devices/LPC845/drivers/fsl_gpio.c.obj
 .rodata.s_gpioResets
                0x00009e0c        0x8 CMakeFiles/new_project.elf.dir/Users/albornozthiago/Documents/UTN_2025/curso-lse/trabajo_integrador/sdks/integrador_tp_sdk/devices/LPC845/drivers/fsl_gpio.c.obj
 .rodata.__func__.0
                0x00009e14       0x15 CMakeFiles/new_project.elf.dir/Users/albornozthiago/Documents/UTN_2025/curso-lse/trabajo_integrador/sdks/integrador_tp_sdk/devices/LPC845/drivers/fsl_gpio.c.obj
 *fill*         0x00009e29        0x3 
 .rodata.__func__.3
                0x00009e2c       0x11 CMakeFiles/new_project.elf.dir/Users/albornozthiago/Documents/UTN_2025/curso-lse/trabajo_integrador/sdks/integrador_tp_sdk/devices/LPC845/drivers/fsl_capt.c.obj
 *fill*         0x00009e3d        0x3 
 .rodata.__func__.2
                0x00009e40        0xa CMakeFiles/new_project.elf.dir/Users/albornozthiago/Documents/UTN_2025/curso-lse/trabajo_integrador/sdks/integrador_tp_sdk/devices/LPC845/drivers/fsl_capt.c.obj
 *fill*         0x00009e4a        0x2 
 .rodata.__func__.1
                0x00009e4c       0x16 CMakeFiles/new_project.elf.dir/Users/albornozthiago/Documents/UTN_2025/curso-lse/trabajo_integrador/sdks/integrador_tp_sdk/devices/LPC845/drivers/fsl_capt.c.obj
 *fill*         0x00009e62        0x2 
 .rodata.__func__.0
                0x00009e64       0x12 CMakeFiles/new_project.elf.dir/Users/albornozthiago/Documents/UTN_2025/curso-lse/trabajo_integrador/sdks/integrador_tp_sdk/devices/LPC845/drivers/fsl_capt.c.obj
 *fill*         0x00009e76        0x2 
 .rodata.CLOCK_GetFreq
                0x00009e78       0x24 CMakeFiles/new_project.elf.dir/Users/albornozthiago/Documents/UTN_2025/curso-lse/trabajo_integrador/sdks/integrador_tp_sdk/devices/LPC845/drivers/fsl_clock.c.obj
 .rodata.__func__.2
                0x00009e9c       0x13 CMakeFiles/new_project.elf.dir/Users/albornozthiago/Documents/UTN_2025/curso-lse/trabajo_integrador/sdks/integrador_tp_sdk/devices/LPC845/drivers/fsl_clock.c.obj
 *fill*         0x00009eaf        0x1 
 .rodata.__func__.0
                0x00009eb0       0x13 CMakeFiles/new_project.elf.dir/Users/albornozthiago/Documents/UTN_2025/curso-lse/trabajo_integrador/sdks/integrador_tp_sdk/devices/LPC845/drivers/fsl_common_arm.c.obj
 *fill*         0x00009ec3        0x1 
 .rodata.__func__.1
                0x00009ec4       0x19 CMakeFiles/new_project.elf.dir/Users/albornozthiago/Documents/UTN_2025/curso-lse/trabajo_integrador/sdks/integrador_tp_sdk/devices/LPC845/drivers/fsl_reset.c.obj
 *fill*         0x00009edd        0x3 
 .rodata.__func__.0
                0x00009ee0       0x1b CMakeFiles/new_project.elf.dir/Users/albornozthiago/Documents/UTN_2025/curso-lse/trabajo_integrador/sdks/integrador_tp_sdk/devices/LPC845/drivers/fsl_reset.c.obj
 *fill*         0x00009efb        0x1 
 .rodata.__func__.1
                0x00009efc       0x18 CMakeFiles/new_project.elf.dir/Users/albornozthiago/Documents/UTN_2025/curso-lse/trabajo_integrador/sdks/integrador_tp_sdk/devices/LPC845/drivers/fsl_swm.c.obj
 .rodata.__func__.0
                0x00009f14       0x16 CMakeFiles/new_project.elf.dir/Users/albornozthiago/Documents/UTN_2025/curso-lse/trabajo_integrador/sdks/integrador_tp_sdk/devices/LPC845/drivers/fsl_swm.c.obj
 *fill*         0x00009f2a        0x2 
 .rodata.__aeabi_ddiv
                0x00009f2c       0x40 /Users/albornozthiago/.mcuxpressotools/arm-gnu-toolchain-13.2.Rel1-darwin-arm64-arm-none-eabi/bin/../lib/gcc/arm-none-eabi/13.2.1/thumb/v6-m/nofp/libgcc.a(divdf3.o)
 .rodata.uxTopUsedPriority
                0x00009f6c        0x4 freertos/libfreertos.a(tasks.c.obj)
 *(.glue_7)
 .glue_7        0x00009f70        0x0 linker stubs
 *(.glue_7t)
 .glue_7t       0x00009f70        0x0 linker stubs
 *(.eh_frame)
 .eh_frame      0x00009f70        0x0 /Users/albornozthiago/.mcuxpressotools/arm-gnu-toolchain-13.2.Rel1-darwin-arm64-arm-none-eabi/bin/../lib/gcc/arm-none-eabi/13.2.1/thumb/v6-m/nofp/crtbegin.o
 *(.init)
 .init          0x00009f70        0x4 /Users/albornozthiago/.mcuxpressotools/arm-gnu-toolchain-13.2.Rel1-darwin-arm64-arm-none-eabi/bin/../lib/gcc/arm-none-eabi/13.2.1/thumb/v6-m/nofp/crti.o
                0x00009f70                _init
 .init          0x00009f74        0x8 /Users/albornozthiago/.mcuxpressotools/arm-gnu-toolchain-13.2.Rel1-darwin-arm64-arm-none-eabi/bin/../lib/gcc/arm-none-eabi/13.2.1/thumb/v6-m/nofp/crtn.o
 *(.fini)
 .fini          0x00009f7c        0x4 /Users/albornozthiago/.mcuxpressotools/arm-gnu-toolchain-13.2.Rel1-darwin-arm64-arm-none-eabi/bin/../lib/gcc/arm-none-eabi/13.2.1/thumb/v6-m/nofp/crti.o
                0x00009f7c                _fini
 .fini          0x00009f80        0x8 /Users/albornozthiago/.mcuxpressotools/arm-gnu-toolchain-13.2.Rel1-darwin-arm64-arm-none-eabi/bin/../lib/gcc/arm-none-eabi/13.2.1/thumb/v6-m/nofp/crtn.o
                0x00009f88                        . = ALIGN (0x4)

.vfp11_veneer   0x00009f88        0x0
 .vfp11_veneer  0x00009f88        0x0 linker stubs

.v4_bx          0x00009f88        0x0
 .v4_bx         0x00009f88        0x0 linker stubs

.iplt           0x00009f88        0x0
 .iplt          0x00009f88        0x0 /Users/albornozthiago/.mcuxpressotools/arm-gnu-toolchain-13.2.Rel1-darwin-arm64-arm-none-eabi/bin/../lib/gcc/arm-none-eabi/13.2.1/thumb/v6-m/nofp/crtbegin.o

.ARM.extab
 *(.ARM.extab* .gnu.linkonce.armextab.*)

.ARM            0x00009f88        0x8
                0x00009f88                        __exidx_start = .
 *(.ARM.exidx*)
 .ARM.exidx     0x00009f88        0x8 /Users/albornozthiago/.mcuxpressotools/arm-gnu-toolchain-13.2.Rel1-darwin-arm64-arm-none-eabi/bin/../lib/gcc/arm-none-eabi/13.2.1/../../../../arm-none-eabi/lib/thumb/v6-m/nofp/crt0.o